[22:47:35] [INFO] ════════════════════════════════════════════════════════════════════════════════════════════════════
[22:47:35] [INFO]   SENTINEL V3 FORENSICS — TURN LIFECYCLE ANALYSIS
[22:47:35] [INFO] ════════════════════════════════════════════════════════════════════════════════════════════════════
[22:47:35] [INFO]   Zigzag scale: 5%
[22:47:35] [INFO]   Alert window: FULL INCOMING SWING (no fixed window)
[22:47:35] [INFO]   z-threshold: ±2.0σ
[22:47:35] [INFO]   Confirmation window: t+1..t+3
[22:47:35] [INFO]   Acc/Dist features: 14 (volume, tension, conjugation)
[22:47:35] [INFO]   Feature groups: Kalman=11, Raw=27, Total=38
[22:47:37] [INFO] ════════════════════════════════════════════════════════════════════════════════════════════════════
[22:47:37] [INFO]   STEP 1: LOAD DATA + BUILD TURN PAIRS
[22:47:37] [INFO] ════════════════════════════════════════════════════════════════════════════════════════════════════
[22:47:38] [INFO]   Loading channel_snapshots...
[22:47:42] [INFO]   Snapshots: 91,252 rows × 38 features
[22:47:42] [INFO]   Loading OHLCV close prices...
[22:47:59] [INFO]   Close prices matched: 91,252/91,252
[22:47:59] [INFO]   Loading zigzag points...
[22:47:59] [INFO]   Zigzag: 4,313 turns (2156 MIN, 2157 MAX)
[22:47:59] [INFO]   Swing duration: mean=22, median=13, p25=6, p75=27
[22:47:59] [INFO] ════════════════════════════════════════════════════════════════════════════════════════════════════
[22:47:59] [INFO]   STEP 1B: BUILD TURN PAIRS + ARCHETYPES
[22:47:59] [INFO] ════════════════════════════════════════════════════════════════════════════════════════════════════
[22:48:01] [INFO]   Archetypes: HL=1155  LL=924  HH=1151  LH=925  FIRST=34
[22:48:01] [INFO]   ZIG/ZAG pairs: 4172 matched, 10 orphan zigs, 7 orphan zags
[22:48:01] [INFO]   Swing durations: mean=22, median=13, p25=6, p75=26
[22:48:01] [INFO]   Classified turns for analysis: 4155
[22:48:01] [INFO] ════════════════════════════════════════════════════════════════════════════════════════════════════
[22:48:01] [INFO]   ANALYSIS 1: ALL FEATURES (Kalman + Raw)
[22:48:01] [INFO] ════════════════════════════════════════════════════════════════════════════════════════════════════
[22:48:01] [INFO]   Computing z-scores for 38 features...
[22:50:37] [INFO] ════════════════════════════════════════════════════════════════════════════════════════════════════
[22:50:37] [INFO]   RESULTS: ALL FEATURES (Kalman + Raw)
[22:50:37] [INFO] ════════════════════════════════════════════════════════════════════════════════════════════════════
[22:50:37] [INFO] 
  ╔══════════════════════════════════════════════════════════════╗
[22:50:37] [INFO]   ║  LL (MIN) — 924 turns                                  
[22:50:37] [INFO]   ╚══════════════════════════════════════════════════════════════╝
[22:50:37] [INFO] 
  ── ALERTA (full incoming swing, no fixed window) ──
[22:50:37] [INFO]     Swing scanned:     mean=17 bars, median=12 bars
[22:50:37] [INFO]     Any feature fired:  94.2% (870/924)
[22:50:37] [INFO]     Complete silence:   5.8% (54/924) — NO features fired in entire swing
[22:50:37] [INFO]     Last alert before turn:  mean=1.8 bars, median=1, p25=1, p75=1
[22:50:37] [INFO]     First alert in swing:    mean=15.5 bars before turn
[22:50:37] [INFO]     Silence ratio:     mean=36% of swing bars had ZERO features active
[22:50:37] [INFO]     Lead time distribution (bars before turn):
[22:50:37] [INFO]       ≤ 1 bars:  730/870 = 84%
[22:50:37] [INFO]       ≤ 2 bars:  762/870 = 88%
[22:50:37] [INFO]       ≤ 3 bars:  780/870 = 90%
[22:50:37] [INFO]       ≤ 5 bars:  812/870 = 93%
[22:50:37] [INFO]       ≤ 7 bars:  831/870 = 96%
[22:50:37] [INFO]       ≤10 bars:  842/870 = 97%
[22:50:37] [INFO]       ≤15 bars:  864/870 = 99%
[22:50:37] [INFO]       ≤20 bars:  870/870 = 100%
[22:50:37] [INFO]     Top features near turn (last 5 bars of swing):
[22:50:37] [INFO]       kf_price_pred_val                   fires in 41% of turns
[22:50:37] [INFO]       kf_price_innovation                 fires in 38% of turns
[22:50:37] [INFO]       kf_price_filt_vel                   fires in 36% of turns
[22:50:37] [INFO]       vwap_sigma_current                  fires in 28% of turns
[22:50:37] [INFO]       vwap_sigma_tide                     fires in 27% of turns
[22:50:37] [INFO]     Top features anywhere in swing:
[22:50:37] [INFO]       kf_price_pred_val                   fires in 58% of turns
[22:50:37] [INFO]       kf_price_innovation                 fires in 57% of turns
[22:50:37] [INFO]       kf_price_filt_vel                   fires in 55% of turns
[22:50:37] [INFO]       kf_rvol_filt_vel                    fires in 41% of turns
[22:50:37] [INFO]       kf_rvol_pred_val                    fires in 41% of turns
[22:50:37] [INFO] 
  ── DETECCIÓN (t=0) ──
[22:50:37] [INFO]     Detection Rate (≥2 features): 78.9% (729/924)
[22:50:37] [INFO]     Silent at t=0 (density=0):    11.5% (106/924)
[22:50:37] [INFO]     Density at t=0:  mean=6.3, median=5, p75=10
[22:50:37] [INFO]     Top Detection Features:
[22:50:37] [INFO]       vwap_sigma_current                  active in 37% of turns
[22:50:37] [INFO]       vwap_sigma_tide                     active in 35% of turns
[22:50:37] [INFO]       sigma_tide                          active in 33% of turns
[22:50:37] [INFO]       rsi_value                           active in 32% of turns
[22:50:37] [INFO]       kf_price_pred_val                   active in 32% of turns
[22:50:37] [INFO] 
  ── CONFIRMACIÓN (t+1..t+3) ──
[22:50:37] [INFO]     Persistence Rate: 88.6% (819/924)
[22:50:37] [INFO]     Density mean:     4.5
[22:50:37] [INFO]     Trend:            INCREASING=20%, DECREASING=53%
[22:50:37] [INFO] 
  ── CONTINUACIÓN (t+4..next turn) ──
[22:50:37] [INFO]     Healthy Moves (>5%): 73.2% (676/924)
[22:50:37] [INFO]     Max Favorable Excursion:  mean=12.2%, median=10.0%
[22:50:37] [INFO]     Final Return:            mean=12.2%, median=10.0%
[22:50:37] [INFO]     Move Duration:           mean=21 bars, median=7 bars
[22:50:37] [INFO]     Signal Exhaustion:       mean=9 bars, median=5 bars
[22:50:37] [INFO] 
  ── ACUMULACIÓN / DISTRIBUCIÓN (first 10 bars of continuation) ──
[22:50:37] [INFO]     ACCUMULATION:   311/924 = 34%
[22:50:37] [INFO]     DISTRIBUTION:    75/924 = 8%
[22:50:37] [INFO]     NEUTRAL:        240/924 = 26%
[22:50:37] [INFO]     ACC → healthy:   311/311 = 100%
[22:50:37] [INFO]     DIST → healthy:  75/75 = 100%
[22:50:37] [INFO]     ACC avg MFE:     17.7%
[22:50:37] [INFO]     DIST avg MFE:    14.4%
[22:50:37] [INFO] 
  ── FUNNEL ──
[22:50:37] [INFO]     ALERTA                             870/924 = 94%
[22:50:37] [INFO]     + DETECCIÓN (≥2)                   695/924 = 75%
[22:50:37] [INFO]     + CONFIRMACIÓN                     668/924 = 72%
[22:50:37] [INFO]     + CONTINUACIÓN saludable (>5%)     462/924 = 50%
[22:50:37] [INFO] 
  ╔══════════════════════════════════════════════════════════════╗
[22:50:37] [INFO]   ║  HL (MIN) — 1155 turns                                  
[22:50:37] [INFO]   ╚══════════════════════════════════════════════════════════════╝
[22:50:37] [INFO] 
  ── ALERTA (full incoming swing, no fixed window) ──
[22:50:37] [INFO]     Swing scanned:     mean=14 bars, median=10 bars
[22:50:37] [INFO]     Any feature fired:  90.6% (1046/1155)
[22:50:37] [INFO]     Complete silence:   9.4% (109/1155) — NO features fired in entire swing
[22:50:37] [INFO]     Last alert before turn:  mean=2.5 bars, median=1, p25=1, p75=2
[22:50:37] [INFO]     First alert in swing:    mean=13.1 bars before turn
[22:50:37] [INFO]     Silence ratio:     mean=41% of swing bars had ZERO features active
[22:50:37] [INFO]     Lead time distribution (bars before turn):
[22:50:37] [INFO]       ≤ 1 bars:  750/1046 = 72%
[22:50:37] [INFO]       ≤ 2 bars:  818/1046 = 78%
[22:50:37] [INFO]       ≤ 3 bars:  857/1046 = 82%
[22:50:37] [INFO]       ≤ 5 bars:  928/1046 = 89%
[22:50:37] [INFO]       ≤ 7 bars:  961/1046 = 92%
[22:50:37] [INFO]       ≤10 bars:  993/1046 = 95%
[22:50:37] [INFO]       ≤15 bars: 1029/1046 = 98%
[22:50:37] [INFO]       ≤20 bars: 1037/1046 = 99%
[22:50:37] [INFO]     Top features near turn (last 5 bars of swing):
[22:50:37] [INFO]       kf_price_innovation                 fires in 24% of turns
[22:50:37] [INFO]       kf_price_pred_val                   fires in 21% of turns
[22:50:37] [INFO]       kf_price_filt_vel                   fires in 21% of turns
[22:50:37] [INFO]       kf_rsi_filt_vel                     fires in 20% of turns
[22:50:37] [INFO]       kf_rvol_filt_vel                    fires in 20% of turns
[22:50:37] [INFO]     Top features anywhere in swing:
[22:50:37] [INFO]       kf_rsi_filt_vel                     fires in 44% of turns
[22:50:37] [INFO]       kf_price_innovation                 fires in 40% of turns
[22:50:37] [INFO]       kf_rvol_filt_vel                    fires in 38% of turns
[22:50:37] [INFO]       kf_rvol_pred_val                    fires in 37% of turns
[22:50:37] [INFO]       kf_price_filt_vel                   fires in 37% of turns
[22:50:37] [INFO] 
  ── DETECCIÓN (t=0) ──
[22:50:37] [INFO]     Detection Rate (≥2 features): 65.2% (753/1155)
[22:50:37] [INFO]     Silent at t=0 (density=0):    20.3% (234/1155)
[22:50:37] [INFO]     Density at t=0:  mean=3.9, median=3, p75=6
[22:50:37] [INFO]     Top Detection Features:
[22:50:37] [INFO]       kf_price_pred_val                   active in 21% of turns
[22:50:37] [INFO]       sigma_current                       active in 18% of turns
[22:50:37] [INFO]       kf_tension_filt_vel                 active in 17% of turns
[22:50:37] [INFO]       kf_rsi_filt_vel                     active in 16% of turns
[22:50:37] [INFO]       kf_price_filt_vel                   active in 15% of turns
[22:50:37] [INFO] 
  ── CONFIRMACIÓN (t+1..t+3) ──
[22:50:37] [INFO]     Persistence Rate: 77.7% (897/1155)
[22:50:37] [INFO]     Density mean:     2.6
[22:50:37] [INFO]     Trend:            INCREASING=17%, DECREASING=41%
[22:50:37] [INFO] 
  ── CONTINUACIÓN (t+4..next turn) ──
[22:50:37] [INFO]     Healthy Moves (>5%): 84.8% (979/1155)
[22:50:37] [INFO]     Max Favorable Excursion:  mean=13.1%, median=10.9%
[22:50:37] [INFO]     Final Return:            mean=13.0%, median=10.9%
[22:50:37] [INFO]     Move Duration:           mean=27 bars, median=14 bars
[22:50:37] [INFO]     Signal Exhaustion:       mean=10 bars, median=5 bars
[22:50:37] [INFO] 
  ── ACUMULACIÓN / DISTRIBUCIÓN (first 10 bars of continuation) ──
[22:50:37] [INFO]     ACCUMULATION:   393/1155 = 34%
[22:50:37] [INFO]     DISTRIBUTION:   191/1155 = 17%
[22:50:37] [INFO]     NEUTRAL:        335/1155 = 29%
[22:50:37] [INFO]     ACC → healthy:   393/393 = 100%
[22:50:37] [INFO]     DIST → healthy:  191/191 = 100%
[22:50:37] [INFO]     ACC avg MFE:     16.0%
[22:50:37] [INFO]     DIST avg MFE:    15.3%
[22:50:37] [INFO] 
  ── FUNNEL ──
[22:50:37] [INFO]     ALERTA                            1046/1155 = 91%
[22:50:37] [INFO]     + DETECCIÓN (≥2)                   697/1155 = 60%
[22:50:37] [INFO]     + CONFIRMACIÓN                     657/1155 = 57%
[22:50:37] [INFO]     + CONTINUACIÓN saludable (>5%)     539/1155 = 47%
[22:50:37] [INFO] 
  ╔══════════════════════════════════════════════════════════════╗
[22:50:37] [INFO]   ║  HH (MAX) — 1151 turns                                  
[22:50:37] [INFO]   ╚══════════════════════════════════════════════════════════════╝
[22:50:37] [INFO] 
  ── ALERTA (full incoming swing, no fixed window) ──
[22:50:37] [INFO]     Swing scanned:     mean=39 bars, median=27 bars
[22:50:37] [INFO]     Any feature fired:  96.6% (1112/1151)
[22:50:37] [INFO]     Complete silence:   3.4% (39/1151) — NO features fired in entire swing
[22:50:37] [INFO]     Last alert before turn:  mean=4.8 bars, median=1, p25=1, p75=6
[22:50:37] [INFO]     First alert in swing:    mean=37.8 bars before turn
[22:50:37] [INFO]     Silence ratio:     mean=46% of swing bars had ZERO features active
[22:50:37] [INFO]     Lead time distribution (bars before turn):
[22:50:37] [INFO]       ≤ 1 bars:  660/1112 = 59%
[22:50:37] [INFO]       ≤ 2 bars:  719/1112 = 65%
[22:50:37] [INFO]       ≤ 3 bars:  768/1112 = 69%
[22:50:37] [INFO]       ≤ 5 bars:  831/1112 = 75%
[22:50:37] [INFO]       ≤ 7 bars:  883/1112 = 79%
[22:50:37] [INFO]       ≤10 bars:  945/1112 = 85%
[22:50:37] [INFO]       ≤15 bars: 1022/1112 = 92%
[22:50:37] [INFO]       ≤20 bars: 1057/1112 = 95%
[22:50:37] [INFO]     Top features near turn (last 5 bars of swing):
[22:50:37] [INFO]       kf_price_pred_val                   fires in 21% of turns
[22:50:37] [INFO]       kf_price_filt_vel                   fires in 20% of turns
[22:50:37] [INFO]       kf_price_innovation                 fires in 19% of turns
[22:50:37] [INFO]       kf_rvol_filt_vel                    fires in 16% of turns
[22:50:37] [INFO]       current_accel                       fires in 15% of turns
[22:50:37] [INFO]     Top features anywhere in swing:
[22:50:37] [INFO]       kf_price_filt_vel                   fires in 56% of turns
[22:50:37] [INFO]       kf_price_innovation                 fires in 54% of turns
[22:50:37] [INFO]       kf_price_pred_val                   fires in 54% of turns
[22:50:37] [INFO]       kf_rvol_filt_vel                    fires in 52% of turns
[22:50:37] [INFO]       kf_rvol_pred_val                    fires in 49% of turns
[22:50:37] [INFO] 
  ── DETECCIÓN (t=0) ──
[22:50:37] [INFO]     Detection Rate (≥2 features): 53.4% (615/1151)
[22:50:37] [INFO]     Silent at t=0 (density=0):    34.7% (399/1151)
[22:50:37] [INFO]     Density at t=0:  mean=3.1, median=2, p75=5
[22:50:37] [INFO]     Top Detection Features:
[22:50:37] [INFO]       kf_price_pred_val                   active in 15% of turns
[22:50:37] [INFO]       wave_accel                          active in 13% of turns
[22:50:37] [INFO]       current_accel                       active in 13% of turns
[22:50:37] [INFO]       vwap_spread_tide_wave               active in 11% of turns
[22:50:37] [INFO]       conj_wave_tide                      active in 11% of turns
[22:50:37] [INFO] 
  ── CONFIRMACIÓN (t+1..t+3) ──
[22:50:37] [INFO]     Persistence Rate: 76.5% (880/1151)
[22:50:37] [INFO]     Density mean:     2.8
[22:50:37] [INFO]     Trend:            INCREASING=27%, DECREASING=31%
[22:50:37] [INFO] 
  ── CONTINUACIÓN (t+4..next turn) ──
[22:50:37] [INFO]     Healthy Moves (>5%): 86.0% (990/1151)
[22:50:37] [INFO]     Max Favorable Excursion:  mean=9.3%, median=8.8%
[22:50:37] [INFO]     Final Return:            mean=9.3%, median=8.8%
[22:50:37] [INFO]     Move Duration:           mean=15 bars, median=11 bars
[22:50:37] [INFO]     Signal Exhaustion:       mean=7 bars, median=4 bars
[22:50:37] [INFO] 
  ── ACUMULACIÓN / DISTRIBUCIÓN (first 10 bars of continuation) ──
[22:50:37] [INFO]     ACCUMULATION:   104/1151 = 9%
[22:50:37] [INFO]     DISTRIBUTION:   490/1151 = 43%
[22:50:37] [INFO]     NEUTRAL:        346/1151 = 30%
[22:50:37] [INFO]     ACC → healthy:   104/104 = 100%
[22:50:37] [INFO]     DIST → healthy:  490/490 = 100%
[22:50:37] [INFO]     ACC avg MFE:     11.7%
[22:50:37] [INFO]     DIST avg MFE:    10.9%
[22:50:37] [INFO] 
  ── FUNNEL ──
[22:50:37] [INFO]     ALERTA                            1112/1151 = 97%
[22:50:37] [INFO]     + DETECCIÓN (≥2)                   598/1151 = 52%
[22:50:37] [INFO]     + CONFIRMACIÓN                     565/1151 = 49%
[22:50:37] [INFO]     + CONTINUACIÓN saludable (>5%)     452/1151 = 39%
[22:50:37] [INFO] 
  ╔══════════════════════════════════════════════════════════════╗
[22:50:37] [INFO]   ║  LH (MAX) — 925 turns                                  
[22:50:37] [INFO]   ╚══════════════════════════════════════════════════════════════╝
[22:50:37] [INFO] 
  ── ALERTA (full incoming swing, no fixed window) ──
[22:50:37] [INFO]     Swing scanned:     mean=10 bars, median=5 bars
[22:50:37] [INFO]     Any feature fired:  82.3% (761/925)
[22:50:37] [INFO]     Complete silence:   17.7% (164/925) — NO features fired in entire swing
[22:50:37] [INFO]     Last alert before turn:  mean=3.2 bars, median=1, p25=1, p75=3
[22:50:37] [INFO]     First alert in swing:    mean=11.2 bars before turn
[22:50:37] [INFO]     Silence ratio:     mean=40% of swing bars had ZERO features active
[22:50:37] [INFO]     Lead time distribution (bars before turn):
[22:50:37] [INFO]       ≤ 1 bars:  493/761 = 65%
[22:50:37] [INFO]       ≤ 2 bars:  544/761 = 71%
[22:50:37] [INFO]       ≤ 3 bars:  586/761 = 77%
[22:50:37] [INFO]       ≤ 5 bars:  638/761 = 84%
[22:50:37] [INFO]       ≤ 7 bars:  667/761 = 88%
[22:50:37] [INFO]       ≤10 bars:  701/761 = 92%
[22:50:37] [INFO]       ≤15 bars:  734/761 = 96%
[22:50:37] [INFO]       ≤20 bars:  749/761 = 98%
[22:50:37] [INFO]     Top features near turn (last 5 bars of swing):
[22:50:37] [INFO]       kf_price_innovation                 fires in 28% of turns
[22:50:37] [INFO]       kf_price_filt_vel                   fires in 27% of turns
[22:50:37] [INFO]       kf_price_pred_val                   fires in 22% of turns
[22:50:37] [INFO]       wave_accel                          fires in 18% of turns
[22:50:37] [INFO]       kf_conj_filt_vel                    fires in 17% of turns
[22:50:37] [INFO]     Top features anywhere in swing:
[22:50:37] [INFO]       kf_price_innovation                 fires in 43% of turns
[22:50:37] [INFO]       kf_price_filt_vel                   fires in 43% of turns
[22:50:37] [INFO]       kf_price_pred_val                   fires in 34% of turns
[22:50:37] [INFO]       wave_accel                          fires in 26% of turns
[22:50:37] [INFO]       kf_conj_filt_vel                    fires in 24% of turns
[22:50:37] [INFO] 
  ── DETECCIÓN (t=0) ──
[22:50:37] [INFO]     Detection Rate (≥2 features): 56.2% (520/925)
[22:50:37] [INFO]     Silent at t=0 (density=0):    29.9% (277/925)
[22:50:37] [INFO]     Density at t=0:  mean=3.5, median=2, p75=6
[22:50:37] [INFO]     Top Detection Features:
[22:50:37] [INFO]       kf_price_pred_val                   active in 24% of turns
[22:50:37] [INFO]       kf_price_filt_vel                   active in 24% of turns
[22:50:37] [INFO]       kf_price_innovation                 active in 17% of turns
[22:50:37] [INFO]       kf_conj_filt_vel                    active in 15% of turns
[22:50:37] [INFO]       wave_accel                          active in 14% of turns
[22:50:37] [INFO] 
  ── CONFIRMACIÓN (t+1..t+3) ──
[22:50:37] [INFO]     Persistence Rate: 75.6% (699/925)
[22:50:37] [INFO]     Density mean:     3.4
[22:50:37] [INFO]     Trend:            INCREASING=25%, DECREASING=35%
[22:50:37] [INFO] 
  ── CONTINUACIÓN (t+4..next turn) ──
[22:50:37] [INFO]     Healthy Moves (>5%): 76.0% (703/925)
[22:50:37] [INFO]     Max Favorable Excursion:  mean=8.8%, median=8.0%
[22:50:37] [INFO]     Final Return:            mean=8.8%, median=8.0%
[22:50:37] [INFO]     Move Duration:           mean=10 bars, median=6 bars
[22:50:37] [INFO]     Signal Exhaustion:       mean=6 bars, median=4 bars
[22:50:37] [INFO] 
  ── ACUMULACIÓN / DISTRIBUCIÓN (first 10 bars of continuation) ──
[22:50:37] [INFO]     ACCUMULATION:   109/925 = 12%
[22:50:37] [INFO]     DISTRIBUTION:   299/925 = 32%
[22:50:37] [INFO]     NEUTRAL:        219/925 = 24%
[22:50:37] [INFO]     ACC → healthy:   109/109 = 100%
[22:50:37] [INFO]     DIST → healthy:  299/299 = 100%
[22:50:37] [INFO]     ACC avg MFE:     10.5%
[22:50:37] [INFO]     DIST avg MFE:    12.7%
[22:50:37] [INFO] 
  ── FUNNEL ──
[22:50:37] [INFO]     ALERTA                             761/925 = 82%
[22:50:37] [INFO]     + DETECCIÓN (≥2)                   407/925 = 44%
[22:50:37] [INFO]     + CONFIRMACIÓN                     396/925 = 43%
[22:50:37] [INFO]     + CONTINUACIÓN saludable (>5%)     287/925 = 31%
[22:50:37] [INFO] ════════════════════════════════════════════════════════════════════════════════════════════════════
[22:50:37] [INFO]   ANALYSIS 2: KALMAN FEATURES ONLY
[22:50:37] [INFO] ════════════════════════════════════════════════════════════════════════════════════════════════════
[22:50:37] [INFO]   Computing z-scores for 11 features...
[22:52:31] [INFO] ════════════════════════════════════════════════════════════════════════════════════════════════════
[22:52:31] [INFO]   RESULTS: KALMAN FEATURES ONLY
[22:52:31] [INFO] ════════════════════════════════════════════════════════════════════════════════════════════════════
[22:52:31] [INFO] 
  ╔══════════════════════════════════════════════════════════════╗
[22:52:31] [INFO]   ║  LL (MIN) — 924 turns                                  
[22:52:31] [INFO]   ╚══════════════════════════════════════════════════════════════╝
[22:52:31] [INFO] 
  ── ALERTA (full incoming swing, no fixed window) ──
[22:52:31] [INFO]     Swing scanned:     mean=17 bars, median=12 bars
[22:52:31] [INFO]     Any feature fired:  88.4% (817/924)
[22:52:31] [INFO]     Complete silence:   11.6% (107/924) — NO features fired in entire swing
[22:52:31] [INFO]     Last alert before turn:  mean=3.5 bars, median=1, p25=1, p75=4
[22:52:31] [INFO]     First alert in swing:    mean=14.8 bars before turn
[22:52:31] [INFO]     Silence ratio:     mean=55% of swing bars had ZERO features active
[22:52:31] [INFO]     Lead time distribution (bars before turn):
[22:52:31] [INFO]       ≤ 1 bars:  506/817 = 62%
[22:52:31] [INFO]       ≤ 2 bars:  566/817 = 69%
[22:52:31] [INFO]       ≤ 3 bars:  612/817 = 75%
[22:52:31] [INFO]       ≤ 5 bars:  670/817 = 82%
[22:52:31] [INFO]       ≤ 7 bars:  712/817 = 87%
[22:52:31] [INFO]       ≤10 bars:  746/817 = 91%
[22:52:31] [INFO]       ≤15 bars:  785/817 = 96%
[22:52:31] [INFO]       ≤20 bars:  799/817 = 98%
[22:52:31] [INFO]     Top features near turn (last 5 bars of swing):
[22:52:31] [INFO]       kf_price_pred_val                   fires in 41% of turns
[22:52:31] [INFO]       kf_price_innovation                 fires in 38% of turns
[22:52:31] [INFO]       kf_price_filt_vel                   fires in 36% of turns
[22:52:31] [INFO]       kf_rsi_pred_val                     fires in 24% of turns
[22:52:31] [INFO]       kf_rvol_filt_vel                    fires in 22% of turns
[22:52:31] [INFO]     Top features anywhere in swing:
[22:52:31] [INFO]       kf_price_pred_val                   fires in 58% of turns
[22:52:31] [INFO]       kf_price_innovation                 fires in 57% of turns
[22:52:31] [INFO]       kf_price_filt_vel                   fires in 55% of turns
[22:52:31] [INFO]       kf_rvol_filt_vel                    fires in 41% of turns
[22:52:31] [INFO]       kf_rvol_pred_val                    fires in 41% of turns
[22:52:31] [INFO] 
  ── DETECCIÓN (t=0) ──
[22:52:31] [INFO]     Detection Rate (≥2 features): 46.2% (427/924)
[22:52:31] [INFO]     Silent at t=0 (density=0):    35.4% (327/924)
[22:52:31] [INFO]     Density at t=0:  mean=1.9, median=1, p75=3
[22:52:31] [INFO]     Top Detection Features:
[22:52:31] [INFO]       kf_price_pred_val                   active in 32% of turns
[22:52:31] [INFO]       kf_rsi_pred_val                     active in 29% of turns
[22:52:31] [INFO]       kf_conj_pred_val                    active in 19% of turns
[22:52:31] [INFO]       kf_conj_filt_vel                    active in 18% of turns
[22:52:31] [INFO]       kf_price_filt_vel                   active in 18% of turns
[22:52:31] [INFO] 
  ── CONFIRMACIÓN (t+1..t+3) ──
[22:52:31] [INFO]     Persistence Rate: 78.8% (728/924)
[22:52:31] [INFO]     Density mean:     1.6
[22:52:31] [INFO]     Trend:            INCREASING=18%, DECREASING=45%
[22:52:31] [INFO] 
  ── CONTINUACIÓN (t+4..next turn) ──
[22:52:31] [INFO]     Healthy Moves (>5%): 73.2% (676/924)
[22:52:31] [INFO]     Max Favorable Excursion:  mean=12.2%, median=10.0%
[22:52:31] [INFO]     Final Return:            mean=12.2%, median=10.0%
[22:52:31] [INFO]     Move Duration:           mean=21 bars, median=7 bars
[22:52:31] [INFO]     Signal Exhaustion:       mean=5 bars, median=3 bars
[22:52:31] [INFO] 
  ── ACUMULACIÓN / DISTRIBUCIÓN (first 10 bars of continuation) ──
[22:52:31] [INFO]     ACCUMULATION:   322/924 = 35%
[22:52:31] [INFO]     DISTRIBUTION:    64/924 = 7%
[22:52:31] [INFO]     NEUTRAL:        240/924 = 26%
[22:52:31] [INFO]     ACC → healthy:   322/322 = 100%
[22:52:31] [INFO]     DIST → healthy:  64/64 = 100%
[22:52:31] [INFO]     ACC avg MFE:     17.6%
[22:52:31] [INFO]     DIST avg MFE:    14.6%
[22:52:31] [INFO] 
  ── FUNNEL ──
[22:52:31] [INFO]     ALERTA                             817/924 = 88%
[22:52:31] [INFO]     + DETECCIÓN (≥2)                   389/924 = 42%
[22:52:31] [INFO]     + CONFIRMACIÓN                     380/924 = 41%
[22:52:31] [INFO]     + CONTINUACIÓN saludable (>5%)     238/924 = 26%
[22:52:31] [INFO] 
  ╔══════════════════════════════════════════════════════════════╗
[22:52:31] [INFO]   ║  HL (MIN) — 1155 turns                                  
[22:52:31] [INFO]   ╚══════════════════════════════════════════════════════════════╝
[22:52:31] [INFO] 
  ── ALERTA (full incoming swing, no fixed window) ──
[22:52:31] [INFO]     Swing scanned:     mean=14 bars, median=10 bars
[22:52:31] [INFO]     Any feature fired:  84.4% (975/1155)
[22:52:31] [INFO]     Complete silence:   15.6% (180/1155) — NO features fired in entire swing
[22:52:31] [INFO]     Last alert before turn:  mean=4.1 bars, median=1, p25=1, p75=5
[22:52:31] [INFO]     First alert in swing:    mean=12.4 bars before turn
[22:52:31] [INFO]     Silence ratio:     mean=60% of swing bars had ZERO features active
[22:52:31] [INFO]     Lead time distribution (bars before turn):
[22:52:31] [INFO]       ≤ 1 bars:  504/975 = 52%
[22:52:31] [INFO]       ≤ 2 bars:  594/975 = 61%
[22:52:31] [INFO]       ≤ 3 bars:  658/975 = 67%
[22:52:31] [INFO]       ≤ 5 bars:  764/975 = 78%
[22:52:31] [INFO]       ≤ 7 bars:  815/975 = 84%
[22:52:31] [INFO]       ≤10 bars:  861/975 = 88%
[22:52:31] [INFO]       ≤15 bars:  925/975 = 95%
[22:52:31] [INFO]       ≤20 bars:  948/975 = 97%
[22:52:31] [INFO]     Top features near turn (last 5 bars of swing):
[22:52:31] [INFO]       kf_price_innovation                 fires in 24% of turns
[22:52:31] [INFO]       kf_price_pred_val                   fires in 21% of turns
[22:52:31] [INFO]       kf_price_filt_vel                   fires in 21% of turns
[22:52:31] [INFO]       kf_rsi_filt_vel                     fires in 20% of turns
[22:52:31] [INFO]       kf_rvol_filt_vel                    fires in 20% of turns
[22:52:31] [INFO]     Top features anywhere in swing:
[22:52:31] [INFO]       kf_rsi_filt_vel                     fires in 44% of turns
[22:52:31] [INFO]       kf_price_innovation                 fires in 40% of turns
[22:52:31] [INFO]       kf_rvol_filt_vel                    fires in 38% of turns
[22:52:31] [INFO]       kf_rvol_pred_val                    fires in 37% of turns
[22:52:31] [INFO]       kf_price_filt_vel                   fires in 37% of turns
[22:52:31] [INFO] 
  ── DETECCIÓN (t=0) ──
[22:52:31] [INFO]     Detection Rate (≥2 features): 37.9% (438/1155)
[22:52:31] [INFO]     Silent at t=0 (density=0):    40.7% (470/1155)
[22:52:31] [INFO]     Density at t=0:  mean=1.4, median=1, p75=2
[22:52:31] [INFO]     Top Detection Features:
[22:52:31] [INFO]       kf_price_pred_val                   active in 21% of turns
[22:52:31] [INFO]       kf_tension_filt_vel                 active in 17% of turns
[22:52:31] [INFO]       kf_rsi_filt_vel                     active in 16% of turns
[22:52:31] [INFO]       kf_price_filt_vel                   active in 15% of turns
[22:52:31] [INFO]       kf_tension_pred_val                 active in 12% of turns
[22:52:31] [INFO] 
  ── CONFIRMACIÓN (t+1..t+3) ──
[22:52:31] [INFO]     Persistence Rate: 65.0% (751/1155)
[22:52:31] [INFO]     Density mean:     0.9
[22:52:31] [INFO]     Trend:            INCREASING=17%, DECREASING=34%
[22:52:31] [INFO] 
  ── CONTINUACIÓN (t+4..next turn) ──
[22:52:31] [INFO]     Healthy Moves (>5%): 84.8% (979/1155)
[22:52:31] [INFO]     Max Favorable Excursion:  mean=13.1%, median=10.9%
[22:52:31] [INFO]     Final Return:            mean=13.0%, median=10.9%
[22:52:31] [INFO]     Move Duration:           mean=27 bars, median=14 bars
[22:52:31] [INFO]     Signal Exhaustion:       mean=4 bars, median=2 bars
[22:52:31] [INFO] 
  ── ACUMULACIÓN / DISTRIBUCIÓN (first 10 bars of continuation) ──
[22:52:31] [INFO]     ACCUMULATION:   402/1155 = 35%
[22:52:31] [INFO]     DISTRIBUTION:   182/1155 = 16%
[22:52:31] [INFO]     NEUTRAL:        335/1155 = 29%
[22:52:31] [INFO]     ACC → healthy:   402/402 = 100%
[22:52:31] [INFO]     DIST → healthy:  182/182 = 100%
[22:52:31] [INFO]     ACC avg MFE:     16.3%
[22:52:31] [INFO]     DIST avg MFE:    14.7%
[22:52:31] [INFO] 
  ── FUNNEL ──
[22:52:31] [INFO]     ALERTA                             975/1155 = 84%
[22:52:31] [INFO]     + DETECCIÓN (≥2)                   375/1155 = 32%
[22:52:31] [INFO]     + CONFIRMACIÓN                     353/1155 = 31%
[22:52:31] [INFO]     + CONTINUACIÓN saludable (>5%)     277/1155 = 24%
[22:52:31] [INFO] 
  ╔══════════════════════════════════════════════════════════════╗
[22:52:31] [INFO]   ║  HH (MAX) — 1151 turns                                  
[22:52:31] [INFO]   ╚══════════════════════════════════════════════════════════════╝
[22:52:31] [INFO] 
  ── ALERTA (full incoming swing, no fixed window) ──
[22:52:31] [INFO]     Swing scanned:     mean=39 bars, median=27 bars
[22:52:31] [INFO]     Any feature fired:  92.6% (1066/1151)
[22:52:31] [INFO]     Complete silence:   7.4% (85/1151) — NO features fired in entire swing
[22:52:31] [INFO]     Last alert before turn:  mean=8.0 bars, median=3, p25=1, p75=11
[22:52:31] [INFO]     First alert in swing:    mean=36.9 bars before turn
[22:52:31] [INFO]     Silence ratio:     mean=66% of swing bars had ZERO features active
[22:52:31] [INFO]     Lead time distribution (bars before turn):
[22:52:31] [INFO]       ≤ 1 bars:  417/1066 = 39%
[22:52:31] [INFO]       ≤ 2 bars:  478/1066 = 45%
[22:52:31] [INFO]       ≤ 3 bars:  545/1066 = 51%
[22:52:31] [INFO]       ≤ 5 bars:  634/1066 = 59%
[22:52:31] [INFO]       ≤ 7 bars:  688/1066 = 65%
[22:52:31] [INFO]       ≤10 bars:  780/1066 = 73%
[22:52:31] [INFO]       ≤15 bars:  885/1066 = 83%
[22:52:31] [INFO]       ≤20 bars:  948/1066 = 89%
[22:52:31] [INFO]     Top features near turn (last 5 bars of swing):
[22:52:31] [INFO]       kf_price_pred_val                   fires in 21% of turns
[22:52:31] [INFO]       kf_price_filt_vel                   fires in 20% of turns
[22:52:31] [INFO]       kf_price_innovation                 fires in 19% of turns
[22:52:31] [INFO]       kf_rvol_filt_vel                    fires in 16% of turns
[22:52:31] [INFO]       kf_rvol_pred_val                    fires in 14% of turns
[22:52:31] [INFO]     Top features anywhere in swing:
[22:52:31] [INFO]       kf_price_filt_vel                   fires in 56% of turns
[22:52:31] [INFO]       kf_price_innovation                 fires in 54% of turns
[22:52:31] [INFO]       kf_price_pred_val                   fires in 54% of turns
[22:52:31] [INFO]       kf_rvol_filt_vel                    fires in 52% of turns
[22:52:31] [INFO]       kf_rvol_pred_val                    fires in 49% of turns
[22:52:31] [INFO] 
  ── DETECCIÓN (t=0) ──
[22:52:31] [INFO]     Detection Rate (≥2 features): 25.8% (297/1151)
[22:52:31] [INFO]     Silent at t=0 (density=0):    54.3% (625/1151)
[22:52:31] [INFO]     Density at t=0:  mean=1.0, median=0, p75=2
[22:52:31] [INFO]     Top Detection Features:
[22:52:31] [INFO]       kf_price_pred_val                   active in 15% of turns
[22:52:31] [INFO]       kf_conj_pred_val                    active in 11% of turns
[22:52:31] [INFO]       kf_tension_filt_vel                 active in 10% of turns
[22:52:31] [INFO]       kf_conj_filt_vel                    active in 10% of turns
[22:52:31] [INFO]       kf_rsi_pred_val                     active in 9% of turns
[22:52:31] [INFO] 
  ── CONFIRMACIÓN (t+1..t+3) ──
[22:52:31] [INFO]     Persistence Rate: 64.6% (743/1151)
[22:52:31] [INFO]     Density mean:     1.0
[22:52:31] [INFO]     Trend:            INCREASING=25%, DECREASING=26%
[22:52:31] [INFO] 
  ── CONTINUACIÓN (t+4..next turn) ──
[22:52:31] [INFO]     Healthy Moves (>5%): 86.0% (990/1151)
[22:52:31] [INFO]     Max Favorable Excursion:  mean=9.3%, median=8.8%
[22:52:31] [INFO]     Final Return:            mean=9.3%, median=8.8%
[22:52:31] [INFO]     Move Duration:           mean=15 bars, median=11 bars
[22:52:31] [INFO]     Signal Exhaustion:       mean=4 bars, median=2 bars
[22:52:31] [INFO] 
  ── ACUMULACIÓN / DISTRIBUCIÓN (first 10 bars of continuation) ──
[22:52:31] [INFO]     ACCUMULATION:    94/1151 = 8%
[22:52:31] [INFO]     DISTRIBUTION:   500/1151 = 43%
[22:52:31] [INFO]     NEUTRAL:        346/1151 = 30%
[22:52:31] [INFO]     ACC → healthy:   94/94 = 100%
[22:52:31] [INFO]     DIST → healthy:  500/500 = 100%
[22:52:31] [INFO]     ACC avg MFE:     11.6%
[22:52:31] [INFO]     DIST avg MFE:    10.9%
[22:52:31] [INFO] 
  ── FUNNEL ──
[22:52:31] [INFO]     ALERTA                            1066/1151 = 93%
[22:52:31] [INFO]     + DETECCIÓN (≥2)                   269/1151 = 23%
[22:52:31] [INFO]     + CONFIRMACIÓN                     248/1151 = 22%
[22:52:31] [INFO]     + CONTINUACIÓN saludable (>5%)     175/1151 = 15%
[22:52:31] [INFO] 
  ╔══════════════════════════════════════════════════════════════╗
[22:52:31] [INFO]   ║  LH (MAX) — 925 turns                                  
[22:52:31] [INFO]   ╚══════════════════════════════════════════════════════════════╝
[22:52:31] [INFO] 
  ── ALERTA (full incoming swing, no fixed window) ──
[22:52:31] [INFO]     Swing scanned:     mean=10 bars, median=5 bars
[22:52:31] [INFO]     Any feature fired:  74.4% (688/925)
[22:52:31] [INFO]     Complete silence:   25.6% (237/925) — NO features fired in entire swing
[22:52:31] [INFO]     Last alert before turn:  mean=5.0 bars, median=2, p25=1, p75=6
[22:52:31] [INFO]     First alert in swing:    mean=11.1 bars before turn
[22:52:31] [INFO]     Silence ratio:     mean=58% of swing bars had ZERO features active
[22:52:31] [INFO]     Lead time distribution (bars before turn):
[22:52:31] [INFO]       ≤ 1 bars:  330/688 = 48%
[22:52:31] [INFO]       ≤ 2 bars:  388/688 = 56%
[22:52:31] [INFO]       ≤ 3 bars:  439/688 = 64%
[22:52:31] [INFO]       ≤ 5 bars:  515/688 = 75%
[22:52:31] [INFO]       ≤ 7 bars:  555/688 = 81%
[22:52:31] [INFO]       ≤10 bars:  588/688 = 85%
[22:52:31] [INFO]       ≤15 bars:  629/688 = 91%
[22:52:31] [INFO]       ≤20 bars:  656/688 = 95%
[22:52:31] [INFO]     Top features near turn (last 5 bars of swing):
[22:52:31] [INFO]       kf_price_innovation                 fires in 28% of turns
[22:52:31] [INFO]       kf_price_filt_vel                   fires in 27% of turns
[22:52:31] [INFO]       kf_price_pred_val                   fires in 22% of turns
[22:52:31] [INFO]       kf_conj_filt_vel                    fires in 17% of turns
[22:52:31] [INFO]       kf_conj_pred_val                    fires in 14% of turns
[22:52:31] [INFO]     Top features anywhere in swing:
[22:52:31] [INFO]       kf_price_innovation                 fires in 43% of turns
[22:52:31] [INFO]       kf_price_filt_vel                   fires in 43% of turns
[22:52:31] [INFO]       kf_price_pred_val                   fires in 34% of turns
[22:52:31] [INFO]       kf_conj_filt_vel                    fires in 24% of turns
[22:52:31] [INFO]       kf_rsi_filt_vel                     fires in 22% of turns
[22:52:31] [INFO] 
  ── DETECCIÓN (t=0) ──
[22:52:31] [INFO]     Detection Rate (≥2 features): 35.5% (328/925)
[22:52:31] [INFO]     Silent at t=0 (density=0):    47.0% (435/925)
[22:52:31] [INFO]     Density at t=0:  mean=1.4, median=1, p75=2
[22:52:31] [INFO]     Top Detection Features:
[22:52:31] [INFO]       kf_price_pred_val                   active in 24% of turns
[22:52:31] [INFO]       kf_price_filt_vel                   active in 24% of turns
[22:52:31] [INFO]       kf_price_innovation                 active in 17% of turns
[22:52:31] [INFO]       kf_conj_filt_vel                    active in 15% of turns
[22:52:31] [INFO]       kf_conj_pred_val                    active in 14% of turns
[22:52:31] [INFO] 
  ── CONFIRMACIÓN (t+1..t+3) ──
[22:52:31] [INFO]     Persistence Rate: 65.8% (609/925)
[22:52:31] [INFO]     Density mean:     1.1
[22:52:31] [INFO]     Trend:            INCREASING=20%, DECREASING=34%
[22:52:31] [INFO] 
  ── CONTINUACIÓN (t+4..next turn) ──
[22:52:31] [INFO]     Healthy Moves (>5%): 76.0% (703/925)
[22:52:31] [INFO]     Max Favorable Excursion:  mean=8.8%, median=8.0%
[22:52:31] [INFO]     Final Return:            mean=8.8%, median=8.0%
[22:52:31] [INFO]     Move Duration:           mean=10 bars, median=6 bars
[22:52:31] [INFO]     Signal Exhaustion:       mean=4 bars, median=2 bars
[22:52:31] [INFO] 
  ── ACUMULACIÓN / DISTRIBUCIÓN (first 10 bars of continuation) ──
[22:52:31] [INFO]     ACCUMULATION:   109/925 = 12%
[22:52:31] [INFO]     DISTRIBUTION:   299/925 = 32%
[22:52:31] [INFO]     NEUTRAL:        219/925 = 24%
[22:52:31] [INFO]     ACC → healthy:   109/109 = 100%
[22:52:31] [INFO]     DIST → healthy:  299/299 = 100%
[22:52:31] [INFO]     ACC avg MFE:     10.7%
[22:52:31] [INFO]     DIST avg MFE:    12.6%
[22:52:31] [INFO] 
  ── FUNNEL ──
[22:52:31] [INFO]     ALERTA                             688/925 = 74%
[22:52:31] [INFO]     + DETECCIÓN (≥2)                   211/925 = 23%
[22:52:31] [INFO]     + CONFIRMACIÓN                     202/925 = 22%
[22:52:31] [INFO]     + CONTINUACIÓN saludable (>5%)     129/925 = 14%
[22:52:31] [INFO] ════════════════════════════════════════════════════════════════════════════════════════════════════
[22:52:31] [INFO]   ANALYSIS 3: RAW FEATURES ONLY
[22:52:31] [INFO] ════════════════════════════════════════════════════════════════════════════════════════════════════
[22:52:31] [INFO]   Computing z-scores for 27 features...
[22:54:53] [INFO] ════════════════════════════════════════════════════════════════════════════════════════════════════
[22:54:53] [INFO]   RESULTS: RAW FEATURES ONLY
[22:54:53] [INFO] ════════════════════════════════════════════════════════════════════════════════════════════════════
[22:54:53] [INFO] 
  ╔══════════════════════════════════════════════════════════════╗
[22:54:53] [INFO]   ║  LL (MIN) — 924 turns                                  
[22:54:53] [INFO]   ╚══════════════════════════════════════════════════════════════╝
[22:54:53] [INFO] 
  ── ALERTA (full incoming swing, no fixed window) ──
[22:54:53] [INFO]     Swing scanned:     mean=17 bars, median=12 bars
[22:54:53] [INFO]     Any feature fired:  86.5% (799/924)
[22:54:53] [INFO]     Complete silence:   13.5% (125/924) — NO features fired in entire swing
[22:54:53] [INFO]     Last alert before turn:  mean=1.8 bars, median=1, p25=1, p75=1
[22:54:53] [INFO]     First alert in swing:    mean=14.5 bars before turn
[22:54:53] [INFO]     Silence ratio:     mean=43% of swing bars had ZERO features active
[22:54:53] [INFO]     Lead time distribution (bars before turn):
[22:54:53] [INFO]       ≤ 1 bars:  680/799 = 85%
[22:54:53] [INFO]       ≤ 2 bars:  714/799 = 89%
[22:54:53] [INFO]       ≤ 3 bars:  723/799 = 90%
[22:54:53] [INFO]       ≤ 5 bars:  755/799 = 94%
[22:54:53] [INFO]       ≤ 7 bars:  765/799 = 96%
[22:54:53] [INFO]       ≤10 bars:  779/799 = 97%
[22:54:53] [INFO]       ≤15 bars:  789/799 = 99%
[22:54:53] [INFO]       ≤20 bars:  797/799 = 100%
[22:54:53] [INFO]     Top features near turn (last 5 bars of swing):
[22:54:53] [INFO]       vwap_sigma_current                  fires in 28% of turns
[22:54:53] [INFO]       vwap_sigma_tide                     fires in 27% of turns
[22:54:53] [INFO]       wave_accel                          fires in 25% of turns
[22:54:53] [INFO]       rsi_value                           fires in 25% of turns
[22:54:53] [INFO]       sigma_tide                          fires in 24% of turns
[22:54:53] [INFO]     Top features anywhere in swing:
[22:54:53] [INFO]       vwap_sigma_wave                     fires in 37% of turns
[22:54:53] [INFO]       wave_accel                          fires in 36% of turns
[22:54:53] [INFO]       vwap_sigma_current                  fires in 35% of turns
[22:54:53] [INFO]       rsi_value                           fires in 31% of turns
[22:54:53] [INFO]       current_accel                       fires in 29% of turns
[22:54:53] [INFO] 
  ── DETECCIÓN (t=0) ──
[22:54:53] [INFO]     Detection Rate (≥2 features): 73.4% (678/924)
[22:54:53] [INFO]     Silent at t=0 (density=0):    13.7% (127/924)
[22:54:53] [INFO]     Density at t=0:  mean=4.4, median=3, p75=7
[22:54:53] [INFO]     Top Detection Features:
[22:54:53] [INFO]       vwap_sigma_current                  active in 37% of turns
[22:54:53] [INFO]       vwap_sigma_tide                     active in 35% of turns
[22:54:53] [INFO]       sigma_tide                          active in 33% of turns
[22:54:53] [INFO]       rsi_value                           active in 32% of turns
[22:54:53] [INFO]       wave_accel                          active in 26% of turns
[22:54:53] [INFO] 
  ── CONFIRMACIÓN (t+1..t+3) ──
[22:54:53] [INFO]     Persistence Rate: 76.5% (707/924)
[22:54:53] [INFO]     Density mean:     2.9
[22:54:53] [INFO]     Trend:            INCREASING=19%, DECREASING=31%
[22:54:53] [INFO] 
  ── CONTINUACIÓN (t+4..next turn) ──
[22:54:53] [INFO]     Healthy Moves (>5%): 73.2% (676/924)
[22:54:53] [INFO]     Max Favorable Excursion:  mean=12.2%, median=10.0%
[22:54:53] [INFO]     Final Return:            mean=12.2%, median=10.0%
[22:54:53] [INFO]     Move Duration:           mean=21 bars, median=7 bars
[22:54:53] [INFO]     Signal Exhaustion:       mean=10 bars, median=5 bars
[22:54:53] [INFO] 
  ── ACUMULACIÓN / DISTRIBUCIÓN (first 10 bars of continuation) ──
[22:54:53] [INFO]     ACCUMULATION:     0/924 = 0%
[22:54:53] [INFO]     DISTRIBUTION:     0/924 = 0%
[22:54:53] [INFO]     NEUTRAL:        626/924 = 68%
[22:54:53] [INFO] 
  ── FUNNEL ──
[22:54:53] [INFO]     ALERTA                             799/924 = 86%
[22:54:53] [INFO]     + DETECCIÓN (≥2)                   632/924 = 68%
[22:54:53] [INFO]     + CONFIRMACIÓN                     572/924 = 62%
[22:54:53] [INFO]     + CONTINUACIÓN saludable (>5%)     386/924 = 42%
[22:54:53] [INFO] 
  ╔══════════════════════════════════════════════════════════════╗
[22:54:53] [INFO]   ║  HL (MIN) — 1155 turns                                  
[22:54:53] [INFO]   ╚══════════════════════════════════════════════════════════════╝
[22:54:53] [INFO] 
  ── ALERTA (full incoming swing, no fixed window) ──
[22:54:53] [INFO]     Swing scanned:     mean=14 bars, median=10 bars
[22:54:53] [INFO]     Any feature fired:  81.0% (935/1155)
[22:54:53] [INFO]     Complete silence:   19.0% (220/1155) — NO features fired in entire swing
[22:54:53] [INFO]     Last alert before turn:  mean=2.9 bars, median=1, p25=1, p75=2
[22:54:53] [INFO]     First alert in swing:    mean=12.7 bars before turn
[22:54:53] [INFO]     Silence ratio:     mean=50% of swing bars had ZERO features active
[22:54:53] [INFO]     Lead time distribution (bars before turn):
[22:54:53] [INFO]       ≤ 1 bars:  664/935 = 71%
[22:54:53] [INFO]       ≤ 2 bars:  723/935 = 77%
[22:54:53] [INFO]       ≤ 3 bars:  757/935 = 81%
[22:54:53] [INFO]       ≤ 5 bars:  808/935 = 86%
[22:54:53] [INFO]       ≤ 7 bars:  838/935 = 90%
[22:54:53] [INFO]       ≤10 bars:  872/935 = 93%
[22:54:53] [INFO]       ≤15 bars:  907/935 = 97%
[22:54:53] [INFO]       ≤20 bars:  918/935 = 98%
[22:54:53] [INFO]     Top features near turn (last 5 bars of swing):
[22:54:53] [INFO]       sigma_current                       fires in 17% of turns
[22:54:53] [INFO]       wave_accel                          fires in 16% of turns
[22:54:53] [INFO]       sigma_wave                          fires in 14% of turns
[22:54:53] [INFO]       vwap_sigma_wave                     fires in 13% of turns
[22:54:53] [INFO]       conj_wave_current                   fires in 11% of turns
[22:54:53] [INFO]     Top features anywhere in swing:
[22:54:53] [INFO]       sigma_wave                          fires in 30% of turns
[22:54:53] [INFO]       sigma_current                       fires in 28% of turns
[22:54:53] [INFO]       wave_accel                          fires in 25% of turns
[22:54:53] [INFO]       tension_current                     fires in 23% of turns
[22:54:53] [INFO]       vwap_sigma_wave                     fires in 21% of turns
[22:54:53] [INFO] 
  ── DETECCIÓN (t=0) ──
[22:54:53] [INFO]     Detection Rate (≥2 features): 52.9% (611/1155)
[22:54:53] [INFO]     Silent at t=0 (density=0):    28.6% (330/1155)
[22:54:53] [INFO]     Density at t=0:  mean=2.5, median=2, p75=4
[22:54:53] [INFO]     Top Detection Features:
[22:54:53] [INFO]       sigma_current                       active in 18% of turns
[22:54:53] [INFO]       wave_accel                          active in 14% of turns
[22:54:53] [INFO]       vwap_sigma_wave                     active in 12% of turns
[22:54:53] [INFO]       tension_tide                        active in 11% of turns
[22:54:53] [INFO]       tide_slope                          active in 11% of turns
[22:54:53] [INFO] 
  ── CONFIRMACIÓN (t+1..t+3) ──
[22:54:53] [INFO]     Persistence Rate: 59.6% (688/1155)
[22:54:53] [INFO]     Density mean:     1.7
[22:54:53] [INFO]     Trend:            INCREASING=11%, DECREASING=23%
[22:54:53] [INFO] 
  ── CONTINUACIÓN (t+4..next turn) ──
[22:54:53] [INFO]     Healthy Moves (>5%): 84.8% (979/1155)
[22:54:53] [INFO]     Max Favorable Excursion:  mean=13.1%, median=10.9%
[22:54:53] [INFO]     Final Return:            mean=13.0%, median=10.9%
[22:54:53] [INFO]     Move Duration:           mean=27 bars, median=14 bars
[22:54:53] [INFO]     Signal Exhaustion:       mean=12 bars, median=6 bars
[22:54:53] [INFO] 
  ── ACUMULACIÓN / DISTRIBUCIÓN (first 10 bars of continuation) ──
[22:54:53] [INFO]     ACCUMULATION:     0/1155 = 0%
[22:54:53] [INFO]     DISTRIBUTION:     0/1155 = 0%
[22:54:53] [INFO]     NEUTRAL:        919/1155 = 80%
[22:54:53] [INFO] 
  ── FUNNEL ──
[22:54:53] [INFO]     ALERTA                             935/1155 = 81%
[22:54:53] [INFO]     + DETECCIÓN (≥2)                   565/1155 = 49%
[22:54:53] [INFO]     + CONFIRMACIÓN                     492/1155 = 43%
[22:54:53] [INFO]     + CONTINUACIÓN saludable (>5%)     395/1155 = 34%
[22:54:53] [INFO] 
  ╔══════════════════════════════════════════════════════════════╗
[22:54:53] [INFO]   ║  HH (MAX) — 1151 turns                                  
[22:54:53] [INFO]   ╚══════════════════════════════════════════════════════════════╝
[22:54:53] [INFO] 
  ── ALERTA (full incoming swing, no fixed window) ──
[22:54:53] [INFO]     Swing scanned:     mean=39 bars, median=27 bars
[22:54:53] [INFO]     Any feature fired:  87.5% (1007/1151)
[22:54:53] [INFO]     Complete silence:   12.5% (144/1151) — NO features fired in entire swing
[22:54:53] [INFO]     Last alert before turn:  mean=6.7 bars, median=1, p25=1, p75=8
[22:54:53] [INFO]     First alert in swing:    mean=36.9 bars before turn
[22:54:53] [INFO]     Silence ratio:     mean=53% of swing bars had ZERO features active
[22:54:53] [INFO]     Lead time distribution (bars before turn):
[22:54:53] [INFO]       ≤ 1 bars:  584/1007 = 58%
[22:54:53] [INFO]       ≤ 2 bars:  628/1007 = 62%
[22:54:53] [INFO]       ≤ 3 bars:  665/1007 = 66%
[22:54:53] [INFO]       ≤ 5 bars:  706/1007 = 70%
[22:54:53] [INFO]       ≤ 7 bars:  747/1007 = 74%
[22:54:53] [INFO]       ≤10 bars:  789/1007 = 78%
[22:54:53] [INFO]       ≤15 bars:  853/1007 = 85%
[22:54:53] [INFO]       ≤20 bars:  906/1007 = 90%
[22:54:53] [INFO]     Top features near turn (last 5 bars of swing):
[22:54:53] [INFO]       current_accel                       fires in 15% of turns
[22:54:53] [INFO]       wave_accel                          fires in 14% of turns
[22:54:53] [INFO]       conj_wave_tide                      fires in 12% of turns
[22:54:53] [INFO]       vwap_spread_tide_wave               fires in 12% of turns
[22:54:53] [INFO]       vwap_spread_tide_current            fires in 11% of turns
[22:54:53] [INFO]     Top features anywhere in swing:
[22:54:53] [INFO]       sigma_wave                          fires in 40% of turns
[22:54:53] [INFO]       wave_accel                          fires in 37% of turns
[22:54:53] [INFO]       tension_wave                        fires in 29% of turns
[22:54:53] [INFO]       sigma_current                       fires in 29% of turns
[22:54:53] [INFO]       current_accel                       fires in 28% of turns
[22:54:53] [INFO] 
  ── DETECCIÓN (t=0) ──
[22:54:53] [INFO]     Detection Rate (≥2 features): 43.4% (499/1151)
[22:54:53] [INFO]     Silent at t=0 (density=0):    41.7% (480/1151)
[22:54:53] [INFO]     Density at t=0:  mean=2.1, median=1, p75=3
[22:54:53] [INFO]     Top Detection Features:
[22:54:53] [INFO]       wave_accel                          active in 13% of turns
[22:54:53] [INFO]       current_accel                       active in 13% of turns
[22:54:53] [INFO]       vwap_spread_tide_wave               active in 11% of turns
[22:54:53] [INFO]       conj_wave_tide                      active in 11% of turns
[22:54:53] [INFO]       vwap_spread_tide_current            active in 11% of turns
[22:54:53] [INFO] 
  ── CONFIRMACIÓN (t+1..t+3) ──
[22:54:53] [INFO]     Persistence Rate: 61.4% (707/1151)
[22:54:53] [INFO]     Density mean:     1.7
[22:54:53] [INFO]     Trend:            INCREASING=18%, DECREASING=20%
[22:54:53] [INFO] 
  ── CONTINUACIÓN (t+4..next turn) ──
[22:54:53] [INFO]     Healthy Moves (>5%): 86.0% (990/1151)
[22:54:53] [INFO]     Max Favorable Excursion:  mean=9.3%, median=8.8%
[22:54:53] [INFO]     Final Return:            mean=9.3%, median=8.8%
[22:54:53] [INFO]     Move Duration:           mean=15 bars, median=11 bars
[22:54:53] [INFO]     Signal Exhaustion:       mean=8 bars, median=6 bars
[22:54:53] [INFO] 
  ── ACUMULACIÓN / DISTRIBUCIÓN (first 10 bars of continuation) ──
[22:54:53] [INFO]     ACCUMULATION:     0/1151 = 0%
[22:54:53] [INFO]     DISTRIBUTION:     0/1151 = 0%
[22:54:53] [INFO]     NEUTRAL:        940/1151 = 82%
[22:54:53] [INFO] 
  ── FUNNEL ──
[22:54:53] [INFO]     ALERTA                            1007/1151 = 87%
[22:54:53] [INFO]     + DETECCIÓN (≥2)                   482/1151 = 42%
[22:54:53] [INFO]     + CONFIRMACIÓN                     444/1151 = 39%
[22:54:53] [INFO]     + CONTINUACIÓN saludable (>5%)     348/1151 = 30%
[22:54:53] [INFO] 
  ╔══════════════════════════════════════════════════════════════╗
[22:54:53] [INFO]   ║  LH (MAX) — 925 turns                                  
[22:54:53] [INFO]   ╚══════════════════════════════════════════════════════════════╝
[22:54:53] [INFO] 
  ── ALERTA (full incoming swing, no fixed window) ──
[22:54:53] [INFO]     Swing scanned:     mean=10 bars, median=5 bars
[22:54:53] [INFO]     Any feature fired:  71.4% (660/925)
[22:54:53] [INFO]     Complete silence:   28.6% (265/925) — NO features fired in entire swing
[22:54:53] [INFO]     Last alert before turn:  mean=4.1 bars, median=1, p25=1, p75=4
[22:54:53] [INFO]     First alert in swing:    mean=11.5 bars before turn
[22:54:53] [INFO]     Silence ratio:     mean=48% of swing bars had ZERO features active
[22:54:53] [INFO]     Lead time distribution (bars before turn):
[22:54:53] [INFO]       ≤ 1 bars:  432/660 = 65%
[22:54:53] [INFO]       ≤ 2 bars:  463/660 = 70%
[22:54:53] [INFO]       ≤ 3 bars:  494/660 = 75%
[22:54:53] [INFO]       ≤ 5 bars:  528/660 = 80%
[22:54:53] [INFO]       ≤ 7 bars:  547/660 = 83%
[22:54:53] [INFO]       ≤10 bars:  580/660 = 88%
[22:54:53] [INFO]       ≤15 bars:  623/660 = 94%
[22:54:53] [INFO]       ≤20 bars:  636/660 = 96%
[22:54:53] [INFO]     Top features near turn (last 5 bars of swing):
[22:54:53] [INFO]       wave_accel                          fires in 18% of turns
[22:54:53] [INFO]       wave_slope                          fires in 14% of turns
[22:54:53] [INFO]       conj_wave_tide                      fires in 14% of turns
[22:54:53] [INFO]       conj_wave_current                   fires in 12% of turns
[22:54:53] [INFO]       vwap_spread_current_wave            fires in 11% of turns
[22:54:53] [INFO]     Top features anywhere in swing:
[22:54:53] [INFO]       wave_accel                          fires in 26% of turns
[22:54:53] [INFO]       tension_wave                        fires in 21% of turns
[22:54:53] [INFO]       wave_slope                          fires in 20% of turns
[22:54:53] [INFO]       conj_wave_tide                      fires in 19% of turns
[22:54:53] [INFO]       conj_wave_current                   fires in 18% of turns
[22:54:53] [INFO] 
  ── DETECCIÓN (t=0) ──
[22:54:53] [INFO]     Detection Rate (≥2 features): 41.4% (383/925)
[22:54:53] [INFO]     Silent at t=0 (density=0):    40.8% (377/925)
[22:54:53] [INFO]     Density at t=0:  mean=2.2, median=1, p75=3
[22:54:53] [INFO]     Top Detection Features:
[22:54:53] [INFO]       wave_accel                          active in 14% of turns
[22:54:53] [INFO]       wave_slope                          active in 14% of turns
[22:54:53] [INFO]       conj_wave_tide                      active in 13% of turns
[22:54:53] [INFO]       compression_ratio                   active in 13% of turns
[22:54:53] [INFO]       current_slope                       active in 13% of turns
[22:54:53] [INFO] 
  ── CONFIRMACIÓN (t+1..t+3) ──
[22:54:53] [INFO]     Persistence Rate: 61.8% (572/925)
[22:54:53] [INFO]     Density mean:     2.2
[22:54:53] [INFO]     Trend:            INCREASING=20%, DECREASING=18%
[22:54:53] [INFO] 
  ── CONTINUACIÓN (t+4..next turn) ──
[22:54:53] [INFO]     Healthy Moves (>5%): 76.0% (703/925)
[22:54:53] [INFO]     Max Favorable Excursion:  mean=8.8%, median=8.0%
[22:54:53] [INFO]     Final Return:            mean=8.8%, median=8.0%
[22:54:53] [INFO]     Move Duration:           mean=10 bars, median=6 bars
[22:54:53] [INFO]     Signal Exhaustion:       mean=7 bars, median=4 bars
[22:54:53] [INFO] 
  ── ACUMULACIÓN / DISTRIBUCIÓN (first 10 bars of continuation) ──
[22:54:53] [INFO]     ACCUMULATION:     0/925 = 0%
[22:54:53] [INFO]     DISTRIBUTION:     0/925 = 0%
[22:54:53] [INFO]     NEUTRAL:        627/925 = 68%
[22:54:53] [INFO] 
  ── FUNNEL ──
[22:54:53] [INFO]     ALERTA                             660/925 = 71%
[22:54:53] [INFO]     + DETECCIÓN (≥2)                   305/925 = 33%
[22:54:53] [INFO]     + CONFIRMACIÓN                     290/925 = 31%
[22:54:53] [INFO]     + CONTINUACIÓN saludable (>5%)     200/925 = 22%
[22:54:53] [INFO] ════════════════════════════════════════════════════════════════════════════════════════════════════
[22:54:53] [INFO]   COMPARISON: KALMAN vs RAW per Archetype
[22:54:53] [INFO] ════════════════════════════════════════════════════════════════════════════════════════════════════
[22:54:53] [INFO] 
  Archetype Metric                        Kalman        Raw        All     Winner
[22:54:53] [INFO]   ──────── ───────────────────────── ────────── ────────── ────────── ──────────
[22:54:53] [INFO]   LL       Alert Rate %                    88.4       86.5       94.2     KALMAN
[22:54:53] [INFO]   LL       Detection Rate %                46.2       73.4       78.9        RAW
[22:54:53] [INFO]   LL       Silent at t=0 %                 35.4       13.7       11.5        RAW
[22:54:53] [INFO]   LL       Confirm Persist %               78.8       76.5       88.6     KALMAN
[22:54:53] [INFO]   LL       Det Density mean                 1.9        4.4        6.3        RAW
[22:54:53] [INFO] 
[22:54:53] [INFO]   HL       Alert Rate %                    84.4       81.0       90.6     KALMAN
[22:54:53] [INFO]   HL       Detection Rate %                37.9       52.9       65.2        RAW
[22:54:53] [INFO]   HL       Silent at t=0 %                 40.7       28.6       20.3        RAW
[22:54:53] [INFO]   HL       Confirm Persist %               65.0       59.6       77.7     KALMAN
[22:54:53] [INFO]   HL       Det Density mean                 1.4        2.5        3.9        RAW
[22:54:53] [INFO] 
[22:54:53] [INFO]   HH       Alert Rate %                    92.6       87.5       96.6     KALMAN
[22:54:53] [INFO]   HH       Detection Rate %                25.8       43.4       53.4        RAW
[22:54:53] [INFO]   HH       Silent at t=0 %                 54.3       41.7       34.7 RAW (but silence IS the HH signal)
[22:54:53] [INFO]   HH       Confirm Persist %               64.6       61.4       76.5     KALMAN
[22:54:53] [INFO]   HH       Det Density mean                 1.0        2.1        3.1        RAW
[22:54:53] [INFO] 
[22:54:53] [INFO]   LH       Alert Rate %                    74.4       71.4       82.3     KALMAN
[22:54:53] [INFO]   LH       Detection Rate %                35.5       41.4       56.2        RAW
[22:54:53] [INFO]   LH       Silent at t=0 %                 47.0       40.8       29.9        RAW
[22:54:53] [INFO]   LH       Confirm Persist %               65.8       61.8       75.6     KALMAN
[22:54:53] [INFO]   LH       Det Density mean                 1.4        2.2        3.5        RAW
[22:54:53] [INFO] 
[22:54:53] [INFO] ════════════════════════════════════════════════════════════════════════════════════════════════════
[22:54:53] [INFO]   ZIG-ZAG INTEGRITY REPORT
[22:54:53] [INFO] ════════════════════════════════════════════════════════════════════════════════════════════════════
[22:54:53] [INFO]   ZIG (MIN→MAX, up-moves):   2086
[22:54:53] [INFO]   ZAG (MAX→MIN, down-moves): 2086
[22:54:53] [INFO]   Orphan ZIGs (MIN without following MAX): 10
[22:54:53] [INFO]   Orphan ZAGs (MAX without following MIN): 7
[22:54:53] [INFO] 
  Direction checks (by construction, zigzag enforces direction):
[22:54:53] [INFO]     ZIGs with end < start (impossible by construction): 0
[22:54:53] [INFO]     ZAGs with end > start (impossible by construction): 0
[22:54:53] [INFO] 
  ZIG magnitude: mean=14.6%, median=11.4%, p75=18.3%
[22:54:53] [INFO]   ZAG magnitude: mean=10.7%, median=9.1%, p75=13.1%
[22:54:53] [INFO] 
  Asymmetry (ZIG vs preceding ZAG):
[22:54:53] [INFO]     ZIG bigger: 1268/2082 (61%)
[22:54:53] [INFO]     ZAG bigger: 814/2082 (39%)
[22:54:53] [INFO] ════════════════════════════════════════════════════════════════════════════════════════════════════
[22:54:53] [INFO]   COMPLETE
[22:54:53] [INFO] ════════════════════════════════════════════════════════════════════════════════════════════════════
[22:54:53] [INFO]   Time: 438s (7.3min)