2026-07-16 17:20:49,160 Loading SP500 OHLCV history from vault...
2026-07-16 17:21:38,228 Building DataFrame from 4,394,170 rows...
2026-07-16 17:21:53,268 Matrix: 16,242 dates × 506 tickers (1962-01-02 → 2026-07-16)
2026-07-16 17:21:53,268 Backfill from: 1962-10-16
2026-07-16 17:21:53,269 Computing global price breadth...
2026-07-16 17:21:55,272   → 34,764 global price breadth bars
2026-07-16 17:21:55,272 Computing global volume breadth...
2026-07-16 17:21:56,675   → 34,764 global volume breadth bars
2026-07-16 17:21:56,675 Computing sector breadth...
2026-07-16 17:21:57,835   XLK: 86 tickers, 69,528 total sector bars so far
2026-07-16 17:21:58,814   XLV: 58 tickers, 140,892 total sector bars so far
2026-07-16 17:21:59,923   XLF: 71 tickers, 216,126 total sector bars so far
2026-07-16 17:22:01,222   XLY: 54 tickers, 285,654 total sector bars so far
2026-07-16 17:22:02,331   XLP: 35 tickers, 365,898 total sector bars so far
2026-07-16 17:22:03,369   XLI: 74 tickers, 447,222 total sector bars so far
2026-07-16 17:22:04,169   XLE: 22 tickers, 514,032 total sector bars so far
2026-07-16 17:22:05,101   XLU: 31 tickers, 594,276 total sector bars so far
2026-07-16 17:22:06,012   XLRE: 31 tickers, 643,464 total sector bars so far
2026-07-16 17:22:06,622   XLB: 20 tickers, 701,070 total sector bars so far
2026-07-16 17:22:07,643   XLC: 24 tickers, 733,602 total sector bars so far
2026-07-16 17:22:07,643 Total computed: 803,130 breadth bars
2026-07-16 17:22:07,643 Writing 803,130 bars in 81 batches (ON CONFLICT DO NOTHING)...
2026-07-16 17:22:27,487   Batch 10/81: 100,000/803,130 rows written
2026-07-16 17:22:35,403   Batch 20/81: 200,000/803,130 rows written
2026-07-16 17:22:43,757   Batch 30/81: 300,000/803,130 rows written
2026-07-16 17:22:52,727   Batch 40/81: 400,000/803,130 rows written
2026-07-16 17:23:00,298   Batch 50/81: 500,000/803,130 rows written
2026-07-16 17:23:07,644   Batch 60/81: 600,000/803,130 rows written
2026-07-16 17:23:14,891   Batch 70/81: 700,000/803,130 rows written
2026-07-16 17:23:21,893   Batch 80/81: 800,000/803,130 rows written
2026-07-16 17:23:22,204   Batch 81/81: 803,130/803,130 rows written
2026-07-16 17:23:23,325 
✅ Global Breadth:
2026-07-16 17:23:23,325    S5FI: 11628 bars, 1980-05-27 → 2026-07-16, range 0.2–97.9, avg 60.0
2026-07-16 17:23:23,325    S5TH: 11478 bars, 1980-12-30 → 2026-07-16, range 1.0–97.8, avg 67.0
2026-07-16 17:23:23,325    S5TW: 11658 bars, 1980-04-14 → 2026-07-16, range 0.0–99.2, avg 56.6
2026-07-16 17:23:23,325    S5VFI: 11628 bars, 1980-05-27 → 2026-07-16, range 0.0–99.8, avg 37.5
2026-07-16 17:23:23,326    S5VTH: 11478 bars, 1980-12-30 → 2026-07-16, range 0.0–99.8, avg 37.7
2026-07-16 17:23:23,326    S5VTW: 11658 bars, 1980-04-14 → 2026-07-16, range 0.0–99.3, avg 38.7
2026-07-16 17:23:24,343 
✅ Sector Breadth: 66 indicator tickers
2026-07-16 17:23:24,343    S5_XLB_FI: 9641 bars (1988-04-06 → 2026-07-16)
2026-07-16 17:23:24,343    S5_XLB_TH: 9491 bars (1988-11-07 → 2026-07-16)
2026-07-16 17:23:24,343    S5_XLB_TW: 9671 bars (1988-02-23 → 2026-07-16)
2026-07-16 17:23:24,343    S5_XLB_VFI: 9641 bars (1988-04-06 → 2026-07-16)
2026-07-16 17:23:24,343    S5_XLB_VTH: 9491 bars (1988-11-07 → 2026-07-16)
2026-07-16 17:23:24,343    S5_XLB_VTW: 9671 bars (1988-02-23 → 2026-07-16)
2026-07-16 17:23:24,343    S5_XLC_FI: 5462 bars (2004-10-28 → 2026-07-16)
2026-07-16 17:23:24,343    S5_XLC_TH: 5312 bars (2005-06-03 → 2026-07-16)
2026-07-16 17:23:24,343    S5_XLC_TW: 5492 bars (2004-09-16 → 2026-07-16)
2026-07-16 17:23:24,343    S5_XLC_VFI: 5462 bars (2004-10-28 → 2026-07-16)
2026-07-16 17:23:24,343    S5_XLC_VTH: 5312 bars (2005-06-03 → 2026-07-16)
2026-07-16 17:23:24,343    S5_XLC_VTW: 5492 bars (2004-09-16 → 2026-07-16)
2026-07-16 17:23:24,344    S5_XLE_FI: 11175 bars (1982-03-12 → 2026-07-16)
2026-07-16 17:23:24,344    S5_XLE_TH: 11025 bars (1982-10-14 → 2026-07-16)
2026-07-16 17:23:24,344    S5_XLE_TW: 11205 bars (1982-01-28 → 2026-07-16)
2026-07-16 17:23:24,344    S5_XLE_VFI: 11175 bars (1982-03-12 → 2026-07-16)
2026-07-16 17:23:24,344    S5_XLE_VTH: 11025 bars (1982-10-14 → 2026-07-16)
2026-07-16 17:23:24,344    S5_XLE_VTW: 11205 bars (1982-01-28 → 2026-07-16)
2026-07-16 17:23:24,344    S5_XLF_FI: 12721 bars (1976-01-28 → 2026-07-16)
2026-07-16 17:23:24,344    S5_XLF_TH: 12571 bars (1976-08-31 → 2026-07-16)
2026-07-16 17:23:24,344    S5_XLF_TW: 12751 bars (1975-12-15 → 2026-07-16)
2026-07-16 17:23:24,344    S5_XLF_VFI: 12437 bars (1977-03-14 → 2026-07-16)
2026-07-16 17:23:24,344    S5_XLF_VTH: 12287 bars (1977-10-17 → 2026-07-16)
2026-07-16 17:23:24,344    S5_XLF_VTW: 12467 bars (1977-01-28 → 2026-07-16)
2026-07-16 17:23:24,344    S5_XLI_FI: 13594 bars (1972-08-10 → 2026-07-16)
2026-07-16 17:23:24,344    S5_XLI_TH: 13444 bars (1973-03-20 → 2026-07-16)
2026-07-16 17:23:24,344    S5_XLI_TW: 13624 bars (1972-06-28 → 2026-07-16)
2026-07-16 17:23:24,344    S5_XLI_VFI: 13594 bars (1972-08-10 → 2026-07-16)
2026-07-16 17:23:24,344    S5_XLI_VTH: 13444 bars (1973-03-20 → 2026-07-16)
2026-07-16 17:23:24,344    S5_XLI_VTW: 13624 bars (1972-06-28 → 2026-07-16)
2026-07-16 17:23:24,344    S5_XLK_FI: 11628 bars (1980-05-27 → 2026-07-16)
2026-07-16 17:23:24,344    S5_XLK_TH: 11478 bars (1980-12-30 → 2026-07-16)
2026-07-16 17:23:24,344    S5_XLK_TW: 11658 bars (1980-04-14 → 2026-07-16)
2026-07-16 17:23:24,345    S5_XLK_VFI: 11628 bars (1980-05-27 → 2026-07-16)
2026-07-16 17:23:24,345    S5_XLK_VTH: 11478 bars (1980-12-30 → 2026-07-16)
2026-07-16 17:23:24,345    S5_XLK_VTW: 11658 bars (1980-04-14 → 2026-07-16)
2026-07-16 17:23:24,345    S5_XLP_FI: 13414 bars (1973-05-02 → 2026-07-16)
2026-07-16 17:23:24,345    S5_XLP_TH: 13264 bars (1973-12-04 → 2026-07-16)
2026-07-16 17:23:24,345    S5_XLP_TW: 13444 bars (1973-03-20 → 2026-07-16)
2026-07-16 17:23:24,345    S5_XLP_VFI: 13414 bars (1973-05-02 → 2026-07-16)
2026-07-16 17:23:24,345    S5_XLP_VTH: 13264 bars (1973-12-04 → 2026-07-16)
2026-07-16 17:23:24,345    S5_XLP_VTW: 13444 bars (1973-03-20 → 2026-07-16)
2026-07-16 17:23:24,345    S5_XLRE_FI: 8238 bars (1993-10-21 → 2026-07-16)
2026-07-16 17:23:24,345    S5_XLRE_TH: 8088 bars (1994-05-26 → 2026-07-16)
2026-07-16 17:23:24,345    S5_XLRE_TW: 8268 bars (1993-09-09 → 2026-07-16)
2026-07-16 17:23:24,345    S5_XLRE_VFI: 8238 bars (1993-10-21 → 2026-07-16)
2026-07-16 17:23:24,345    S5_XLRE_VTH: 8088 bars (1994-05-26 → 2026-07-16)
2026-07-16 17:23:24,345    S5_XLRE_VTW: 8268 bars (1993-09-09 → 2026-07-16)
2026-07-16 17:23:24,345    S5_XLU_FI: 13414 bars (1973-05-02 → 2026-07-16)
2026-07-16 17:23:24,345    S5_XLU_TH: 13264 bars (1973-12-04 → 2026-07-16)
2026-07-16 17:23:24,345    S5_XLU_TW: 13444 bars (1973-03-20 → 2026-07-16)
2026-07-16 17:23:24,345    S5_XLU_VFI: 13414 bars (1973-05-02 → 2026-07-16)
2026-07-16 17:23:24,346    S5_XLU_VTH: 13264 bars (1973-12-04 → 2026-07-16)
2026-07-16 17:23:24,346    S5_XLU_VTW: 13444 bars (1973-03-20 → 2026-07-16)
2026-07-16 17:23:24,346    S5_XLV_FI: 11934 bars (1979-03-12 → 2026-07-16)
2026-07-16 17:23:24,346    S5_XLV_TH: 11784 bars (1979-10-12 → 2026-07-16)
2026-07-16 17:23:24,346    S5_XLV_TW: 11964 bars (1979-01-26 → 2026-07-16)
2026-07-16 17:23:24,346    S5_XLV_VFI: 11934 bars (1979-03-12 → 2026-07-16)
2026-07-16 17:23:24,346    S5_XLV_VTH: 11784 bars (1979-10-12 → 2026-07-16)
2026-07-16 17:23:24,346    S5_XLV_VTW: 11964 bars (1979-01-26 → 2026-07-16)
2026-07-16 17:23:24,346    S5_XLY_FI: 11628 bars (1980-05-27 → 2026-07-16)
2026-07-16 17:23:24,346    S5_XLY_TH: 11478 bars (1980-12-30 → 2026-07-16)
2026-07-16 17:23:24,346    S5_XLY_TW: 11658 bars (1980-04-14 → 2026-07-16)
2026-07-16 17:23:24,346    S5_XLY_VFI: 11628 bars (1980-05-27 → 2026-07-16)
2026-07-16 17:23:24,346    S5_XLY_VTH: 11478 bars (1980-12-30 → 2026-07-16)
2026-07-16 17:23:24,346    S5_XLY_VTW: 11658 bars (1980-04-14 → 2026-07-16)
2026-07-16 17:23:26,011 
✅ Zero duplicates confirmed
2026-07-16 17:23:26,011 
🎉 DONE: 803,130 breadth bars written to vault
