nohup: ignoring input
2026-07-16 19:07:35,638 engine.channel_snapshots table ensured.
2026-07-16 19:07:46,964   A: RSI + Kalman (sequential)...
2026-07-16 19:07:57,038   [1/552]     A:  6,458 snaps in 14.5s | total: 6,458 | ETA: 133min
2026-07-16 19:08:01,170   AAPL: RSI + Kalman (sequential)...
2026-07-16 19:08:19,428   ABBV: RSI + Kalman (sequential)...
2026-07-16 19:08:24,591   ABNB: RSI + Kalman (sequential)...
2026-07-16 19:08:30,633   ABT: RSI + Kalman (sequential)...
2026-07-16 19:08:49,510   ACGL: RSI + Kalman (sequential)...
2026-07-16 19:09:02,083   ACN: RSI + Kalman (sequential)...
2026-07-16 19:09:14,032   ADBE: RSI + Kalman (sequential)...
2026-07-16 19:09:31,467   ADI: RSI + Kalman (sequential)...
2026-07-16 19:09:51,384   ADM: RSI + Kalman (sequential)...
2026-07-16 19:10:09,266   [10/552]   ADM: 11,432 snaps in 21.9s | total: 79,681 | ETA: 133min
2026-07-16 19:10:13,904   ADP: RSI + Kalman (sequential)...
2026-07-16 19:10:34,330   ADSK: RSI + Kalman (sequential)...
2026-07-16 19:10:51,738   AEE: RSI + Kalman (sequential)...
2026-07-16 19:11:07,794   AEP: RSI + Kalman (sequential)...
2026-07-16 19:11:33,151   AES: RSI + Kalman (sequential)...
2026-07-16 19:11:49,567   AFL: RSI + Kalman (sequential)...
2026-07-16 19:12:07,429   AFRM: RSI + Kalman (sequential)...
/root/botero-trade/backend/scripts/backfill_channel_snapshots_v2.py:219: RuntimeWarning: invalid value encountered in divide
  vol_surge = np.where(vol_sma20 > 0, volume / vol_sma20, 1.0)
2026-07-16 19:12:14,040   AIG: RSI + Kalman (sequential)...
2026-07-16 19:12:34,378   AIZ: RSI + Kalman (sequential)...
2026-07-16 19:12:45,888   AJG: RSI + Kalman (sequential)...
2026-07-16 19:13:00,189   [20/552]   AJG: 10,354 snaps in 18.2s | total: 174,294 | ETA: 141min
2026-07-16 19:13:02,842   AKAM: RSI + Kalman (sequential)...
2026-07-16 19:13:15,496   ALB: RSI + Kalman (sequential)...
2026-07-16 19:13:27,713   ALGN: RSI + Kalman (sequential)...
2026-07-16 19:13:38,757   ALL: RSI + Kalman (sequential)...
2026-07-16 19:13:51,065   ALLE: RSI + Kalman (sequential)...
2026-07-16 19:13:59,450   AMAT: RSI + Kalman (sequential)...
/root/botero-trade/backend/scripts/backfill_channel_snapshots_v2.py:219: RuntimeWarning: invalid value encountered in divide
  vol_surge = np.where(vol_sma20 > 0, volume / vol_sma20, 1.0)
2026-07-16 19:14:16,990   AMCR: RSI + Kalman (sequential)...
2026-07-16 19:14:25,252   AMD: RSI + Kalman (sequential)...
2026-07-16 19:14:44,516   AME: RSI + Kalman (sequential)...
2026-07-16 19:15:01,361   AMGN: RSI + Kalman (sequential)...
2026-07-16 19:15:17,586   [30/552]  AMGN: 10,609 snaps in 19.9s | total: 252,982 | ETA: 132min
2026-07-16 19:15:19,869   AMP: RSI + Kalman (sequential)...
2026-07-16 19:15:29,722   AMT: RSI + Kalman (sequential)...
2026-07-16 19:15:42,235   AMZN: RSI + Kalman (sequential)...
2026-07-16 19:15:52,735   ANET: RSI + Kalman (sequential)...
2026-07-16 19:16:00,900   AON: RSI + Kalman (sequential)...
2026-07-16 19:16:20,819   AOS: RSI + Kalman (sequential)...
2026-07-16 19:16:37,740   APA: RSI + Kalman (sequential)...
2026-07-16 19:16:58,164   APD: RSI + Kalman (sequential)...
2026-07-16 19:17:16,413   APH: RSI + Kalman (sequential)...
2026-07-16 19:17:28,518   APO: RSI + Kalman (sequential)...
2026-07-16 19:17:33,157   [40/552]   APO:  3,601 snaps in 5.9s | total: 331,841 | ETA: 126min
2026-07-16 19:17:33,758   APP: RSI + Kalman (sequential)...
2026-07-16 19:17:36,744   APTV: RSI + Kalman (sequential)...
2026-07-16 19:17:43,764   ARE: RSI + Kalman (sequential)...
2026-07-16 19:17:54,267   ARES: RSI + Kalman (sequential)...
2026-07-16 19:18:02,031   ATO: RSI + Kalman (sequential)...
2026-07-16 19:18:18,945   AVB: RSI + Kalman (sequential)...
2026-07-16 19:18:30,957   AVGO: RSI + Kalman (sequential)...
2026-07-16 19:18:40,674   AVY: RSI + Kalman (sequential)...
2026-07-16 19:18:58,148   AWK: RSI + Kalman (sequential)...
2026-07-16 19:19:06,404   AXON: RSI + Kalman (sequential)...
2026-07-16 19:19:14,596   [50/552]  AXON:  6,060 snaps in 10.3s | total: 392,267 | ETA: 116min
/root/botero-trade/backend/scripts/backfill_channel_snapshots_v2.py:219: RuntimeWarning: invalid value encountered in divide
  vol_surge = np.where(vol_sma20 > 0, volume / vol_sma20, 1.0)
2026-07-16 19:19:19,299   AXP: RSI + Kalman (sequential)...
2026-07-16 19:19:38,681   AZO: RSI + Kalman (sequential)...
2026-07-16 19:19:56,617   BA: RSI + Kalman (sequential)...
2026-07-16 19:20:25,473   BAC: RSI + Kalman (sequential)...
2026-07-16 19:20:47,743   BALL: RSI + Kalman (sequential)...
2026-07-16 19:21:10,392   BAX: RSI + Kalman (sequential)...
2026-07-16 19:21:28,286   BBY: RSI + Kalman (sequential)...
2026-07-16 19:21:46,082   BDX: RSI + Kalman (sequential)...
2026-07-16 19:22:07,537   BEN: RSI + Kalman (sequential)...
2026-07-16 19:22:25,841   BF-B: RSI + Kalman (sequential)...
2026-07-16 19:22:40,575   [60/552]  BF-B: 11,432 snaps in 18.7s | total: 513,099 | ETA: 123min
2026-07-16 19:22:43,444   BG: RSI + Kalman (sequential)...
2026-07-16 19:22:54,970   BIIB: RSI + Kalman (sequential)...
2026-07-16 19:23:07,031   BK: RSI + Kalman (sequential)...
2026-07-16 19:23:10,814   BKNG: RSI + Kalman (sequential)...
2026-07-16 19:23:23,979   BKR: RSI + Kalman (sequential)...
2026-07-16 19:23:37,918   BLDR: RSI + Kalman (sequential)...
2026-07-16 19:23:47,190   BLK: RSI + Kalman (sequential)...
2026-07-16 19:24:01,529   BMY: RSI + Kalman (sequential)...
2026-07-16 19:24:21,329   BR: RSI + Kalman (sequential)...
2026-07-16 19:24:30,671   BRK-B: RSI + Kalman (sequential)...
2026-07-16 19:24:40,644   [70/552] BRK-B:  7,349 snaps in 13.2s | total: 581,880 | ETA: 117min
2026-07-16 19:24:44,711   BRO: RSI + Kalman (sequential)...
2026-07-16 19:25:02,625   BSX: RSI + Kalman (sequential)...
2026-07-16 19:25:16,505   BX: RSI + Kalman (sequential)...
2026-07-16 19:25:25,513   BXP: RSI + Kalman (sequential)...
2026-07-16 19:25:39,146   C: RSI + Kalman (sequential)...
2026-07-16 19:25:59,868   CAG: RSI + Kalman (sequential)...
2026-07-16 19:26:20,815   CAH: RSI + Kalman (sequential)...
2026-07-16 19:26:35,485   CARR: RSI + Kalman (sequential)...
2026-07-16 19:26:41,296   CASY: RSI + Kalman (sequential)...
2026-07-16 19:27:01,188   CAT: RSI + Kalman (sequential)...
2026-07-16 19:27:22,669   [80/552]   CAT: 15,997 snaps in 26.8s | total: 675,169 | ETA: 116min
2026-07-16 19:27:25,908   CB: RSI + Kalman (sequential)...
2026-07-16 19:27:38,308   CBOE: RSI + Kalman (sequential)...
2026-07-16 19:27:45,341   CBRE: RSI + Kalman (sequential)...
2026-07-16 19:27:54,731   CCI: RSI + Kalman (sequential)...
2026-07-16 19:28:06,942   CCL: RSI + Kalman (sequential)...
2026-07-16 19:28:22,982   CDNS: RSI + Kalman (sequential)...
2026-07-16 19:28:35,509   CDW: RSI + Kalman (sequential)...
2026-07-16 19:28:39,617   CEG: RSI + Kalman (sequential)...
2026-07-16 19:28:42,860   CF: RSI + Kalman (sequential)...
2026-07-16 19:28:49,812   CFG: RSI + Kalman (sequential)...
2026-07-16 19:28:53,562   [90/552]   CFG:  2,724 snaps in 4.9s | total: 730,036 | ETA: 109min
2026-07-16 19:28:57,660   CHD: RSI + Kalman (sequential)...
2026-07-16 19:29:14,996   CHRW: RSI + Kalman (sequential)...
2026-07-16 19:29:25,098   CHTR: RSI + Kalman (sequential)...
2026-07-16 19:29:33,520   CI: RSI + Kalman (sequential)...
2026-07-16 19:29:49,892   CIEN: RSI + Kalman (sequential)...
2026-07-16 19:30:04,766   CINF: RSI + Kalman (sequential)...
2026-07-16 19:30:26,488   CL: RSI + Kalman (sequential)...
2026-07-16 19:30:48,923   CLX: RSI + Kalman (sequential)...
2026-07-16 19:31:11,040   CMCSA: RSI + Kalman (sequential)...
2026-07-16 19:31:28,150   CME: RSI + Kalman (sequential)...
2026-07-16 19:31:35,758   [100/552]   CME:  5,693 snaps in 9.5s | total: 825,385 | ETA: 108min
2026-07-16 19:31:37,423   CMG: RSI + Kalman (sequential)...
2026-07-16 19:31:47,838   CMI: RSI + Kalman (sequential)...
2026-07-16 19:32:09,510   CMS: RSI + Kalman (sequential)...
2026-07-16 19:32:28,578   CNC: RSI + Kalman (sequential)...
2026-07-16 19:32:41,379   CNP: RSI + Kalman (sequential)...
2026-07-16 19:33:04,061   COF: RSI + Kalman (sequential)...
2026-07-16 19:33:16,995   COHR: RSI + Kalman (sequential)...
2026-07-16 19:33:29,048   COIN: RSI + Kalman (sequential)...
2026-07-16 19:33:34,681   COO: RSI + Kalman (sequential)...
2026-07-16 19:33:52,286   COP: RSI + Kalman (sequential)...
2026-07-16 19:34:06,005   [110/552]   COP: 10,979 snaps in 17.5s | total: 918,673 | ETA: 106min
2026-07-16 19:34:09,157   COR: RSI + Kalman (sequential)...
2026-07-16 19:34:23,474   COST: RSI + Kalman (sequential)...
2026-07-16 19:34:37,661   CPAY: RSI + Kalman (sequential)...
2026-07-16 19:34:46,717   CPB: RSI + Kalman (sequential)...
2026-07-16 19:35:07,681   CPRT: RSI + Kalman (sequential)...
2026-07-16 19:35:22,044   CPT: RSI + Kalman (sequential)...
/root/botero-trade/backend/scripts/backfill_channel_snapshots_v2.py:219: RuntimeWarning: invalid value encountered in divide
  vol_surge = np.where(vol_sma20 > 0, volume / vol_sma20, 1.0)
2026-07-16 19:35:35,926   CRH: RSI + Kalman (sequential)...
2026-07-16 19:35:50,031   CRL: RSI + Kalman (sequential)...
2026-07-16 19:36:01,279   CRM: RSI + Kalman (sequential)...
2026-07-16 19:36:09,099   CRWD: RSI + Kalman (sequential)...
2026-07-16 19:36:11,454   [120/552]  CRWD:  1,538 snaps in 3.1s | total: 991,203 | ETA: 103min
2026-07-16 19:36:14,723   CSCO: RSI + Kalman (sequential)...
2026-07-16 19:36:28,598   CSGP: RSI + Kalman (sequential)...
2026-07-16 19:36:41,366   CSX: RSI + Kalman (sequential)...
2026-07-16 19:37:00,517   CTAS: RSI + Kalman (sequential)...
2026-07-16 19:37:16,706   CTRA: RSI + Kalman (sequential)...
2026-07-16 19:37:20,720   CTSH: RSI + Kalman (sequential)...
2026-07-16 19:37:30,551   CTVA: RSI + Kalman (sequential)...
2026-07-16 19:37:34,023   CVNA: RSI + Kalman (sequential)...
2026-07-16 19:37:42,133   CVS: RSI + Kalman (sequential)...
2026-07-16 19:38:07,923   CVX: RSI + Kalman (sequential)...
2026-07-16 19:38:29,362   [130/552]   CVX: 15,997 snaps in 27.7s | total: 1,069,437 | ETA: 100min
2026-07-16 19:38:33,467   D: RSI + Kalman (sequential)...
2026-07-16 19:38:50,459   DAL: RSI + Kalman (sequential)...
2026-07-16 19:38:57,276   DASH: RSI + Kalman (sequential)...
2026-07-16 19:39:00,869   DBA: RSI + Kalman (sequential)...
2026-07-16 19:39:12,246   DD: RSI + Kalman (sequential)...
2026-07-16 19:39:30,154   DDOG: RSI + Kalman (sequential)...
2026-07-16 19:39:37,146   DE: RSI + Kalman (sequential)...
2026-07-16 19:39:58,425   DECK: RSI + Kalman (sequential)...
2026-07-16 19:40:11,688   DELL: RSI + Kalman (sequential)...
2026-07-16 19:40:16,448   DG: RSI + Kalman (sequential)...
2026-07-16 19:40:22,293   [140/552]    DG:  3,946 snaps in 7.3s | total: 1,133,735 | ETA: 96min
2026-07-16 19:40:25,035   DGX: RSI + Kalman (sequential)...
2026-07-16 19:40:38,065   DHI: RSI + Kalman (sequential)...
2026-07-16 19:40:53,414   DHR: RSI + Kalman (sequential)...
2026-07-16 19:41:12,328   DIA: RSI + Kalman (sequential)...
2026-07-16 19:41:27,548   DIS: RSI + Kalman (sequential)...
2026-07-16 19:41:51,538   DLR: RSI + Kalman (sequential)...
2026-07-16 19:42:01,515   DLTR: RSI + Kalman (sequential)...
2026-07-16 19:42:15,409   DOC: RSI + Kalman (sequential)...
2026-07-16 19:42:32,971   DOV: RSI + Kalman (sequential)...
2026-07-16 19:42:48,775   DOW: RSI + Kalman (sequential)...
2026-07-16 19:42:51,092   [150/552]   DOW:  1,596 snaps in 3.1s | total: 1,219,939 | ETA: 94min
2026-07-16 19:42:53,156   DPZ: RSI + Kalman (sequential)...
2026-07-16 19:43:03,304   DRI: RSI + Kalman (sequential)...
2026-07-16 19:43:18,969   DTE: RSI + Kalman (sequential)...
2026-07-16 19:43:43,679   DUK: RSI + Kalman (sequential)...
2026-07-16 19:44:01,843   DVA: RSI + Kalman (sequential)...
2026-07-16 19:44:15,129   DVN: RSI + Kalman (sequential)...
2026-07-16 19:44:30,413   DXCM: RSI + Kalman (sequential)...
2026-07-16 19:44:40,716   EA: RSI + Kalman (sequential)...
2026-07-16 19:44:55,515   EBAY: RSI + Kalman (sequential)...
2026-07-16 19:45:09,826   ECL: RSI + Kalman (sequential)...
2026-07-16 19:45:27,722   [160/552]   ECL: 13,218 snaps in 22.6s | total: 1,311,920 | ETA: 92min
2026-07-16 19:45:33,432   ED: RSI + Kalman (sequential)...
2026-07-16 19:45:56,447   EEM: RSI + Kalman (sequential)...
2026-07-16 19:46:06,262   EFA: RSI + Kalman (sequential)...
2026-07-16 19:46:18,595   EFX: RSI + Kalman (sequential)...
2026-07-16 19:46:36,782   EG: RSI + Kalman (sequential)...
2026-07-16 19:46:51,278   EIX: RSI + Kalman (sequential)...
2026-07-16 19:47:13,224   EL: RSI + Kalman (sequential)...
2026-07-16 19:47:25,220   ELV: RSI + Kalman (sequential)...
2026-07-16 19:47:35,275   EME: RSI + Kalman (sequential)...
2026-07-16 19:47:49,659   EMR: RSI + Kalman (sequential)...
2026-07-16 19:48:07,230   [170/552]   EMR: 13,398 snaps in 21.8s | total: 1,406,159 | ETA: 91min
2026-07-16 19:48:10,463   EOG: RSI + Kalman (sequential)...
2026-07-16 19:48:23,657   EPAM: RSI + Kalman (sequential)...
2026-07-16 19:48:30,324   EPP: RSI + Kalman (sequential)...
2026-07-16 19:48:40,957   EQIX: RSI + Kalman (sequential)...
2026-07-16 19:48:52,134   EQR: RSI + Kalman (sequential)...
2026-07-16 19:49:07,023   EQT: RSI + Kalman (sequential)...
2026-07-16 19:49:24,712   ERIE: RSI + Kalman (sequential)...
2026-07-16 19:49:38,486   ES: RSI + Kalman (sequential)...
2026-07-16 19:49:58,637   ESS: RSI + Kalman (sequential)...
2026-07-16 19:50:15,726   ETN: RSI + Kalman (sequential)...
2026-07-16 19:50:34,495   [180/552]   ETN: 13,398 snaps in 23.7s | total: 1,492,235 | ETA: 89min
2026-07-16 19:50:39,369   ETR: RSI + Kalman (sequential)...
2026-07-16 19:51:01,944   EVRG: RSI + Kalman (sequential)...
2026-07-16 19:51:21,906   EW: RSI + Kalman (sequential)...
2026-07-16 19:51:33,488   EWG: RSI + Kalman (sequential)...
2026-07-16 19:51:45,600   EWJ: RSI + Kalman (sequential)...
2026-07-16 19:51:57,394   EWT: RSI + Kalman (sequential)...
2026-07-16 19:52:08,811   EWU: RSI + Kalman (sequential)...
2026-07-16 19:52:20,510   EWY: RSI + Kalman (sequential)...
2026-07-16 19:52:32,070   EWZ: RSI + Kalman (sequential)...
2026-07-16 19:52:45,703   EXC: RSI + Kalman (sequential)...
2026-07-16 19:53:03,936   [190/552]   EXC: 13,169 snaps in 22.8s | total: 1,579,487 | ETA: 86min
2026-07-16 19:53:04,551   EXE: RSI + Kalman (sequential)...
2026-07-16 19:53:09,850   EXPD: RSI + Kalman (sequential)...
2026-07-16 19:53:25,771   EXPE: RSI + Kalman (sequential)...
2026-07-16 19:53:34,446   EXR: RSI + Kalman (sequential)...
2026-07-16 19:53:45,598   F: RSI + Kalman (sequential)...
2026-07-16 19:54:06,166   FANG: RSI + Kalman (sequential)...
2026-07-16 19:54:13,663   FAST: RSI + Kalman (sequential)...
2026-07-16 19:54:28,488   FCX: RSI + Kalman (sequential)...
2026-07-16 19:54:42,207   FDS: RSI + Kalman (sequential)...
2026-07-16 19:54:55,865   FDX: RSI + Kalman (sequential)...
2026-07-16 19:55:12,807   [200/552]   FDX: 11,920 snaps in 21.0s | total: 1,654,153 | ETA: 84min
2026-07-16 19:55:15,481   FE: RSI + Kalman (sequential)...
2026-07-16 19:55:27,872   FFIV: RSI + Kalman (sequential)...
2026-07-16 19:55:40,216   FICO: RSI + Kalman (sequential)...
2026-07-16 19:55:55,628   FIS: RSI + Kalman (sequential)...
2026-07-16 19:56:07,123   FISV: RSI + Kalman (sequential)...
2026-07-16 19:56:24,150   FITB: RSI + Kalman (sequential)...
2026-07-16 19:56:42,360   FIX: RSI + Kalman (sequential)...
2026-07-16 19:56:53,144   FOX: RSI + Kalman (sequential)...
2026-07-16 19:56:56,272   FOXA: RSI + Kalman (sequential)...
/root/botero-trade/backend/scripts/backfill_channel_snapshots_v2.py:219: RuntimeWarning: invalid value encountered in divide
  vol_surge = np.where(vol_sma20 > 0, volume / vol_sma20, 1.0)
2026-07-16 19:57:03,410   FRT: RSI + Kalman (sequential)...
2026-07-16 19:57:21,286   [210/552]   FRT: 13,168 snaps in 22.6s | total: 1,727,976 | ETA: 81min
2026-07-16 19:57:23,124   FSLR: RSI + Kalman (sequential)...
2026-07-16 19:57:30,579   FTNT: RSI + Kalman (sequential)...
2026-07-16 19:57:36,649   FTV: RSI + Kalman (sequential)...
2026-07-16 19:57:41,840   FXI: RSI + Kalman (sequential)...
2026-07-16 19:57:54,594   GD: RSI + Kalman (sequential)...
/root/botero-trade/backend/scripts/backfill_channel_snapshots_v2.py:219: RuntimeWarning: invalid value encountered in divide
  vol_surge = np.where(vol_sma20 > 0, volume / vol_sma20, 1.0)
2026-07-16 19:58:16,945   GDDY: RSI + Kalman (sequential)...
2026-07-16 19:58:26,166   GE: RSI + Kalman (sequential)...
2026-07-16 19:58:47,041   GEHC: RSI + Kalman (sequential)...
2026-07-16 19:58:51,324   GEN: RSI + Kalman (sequential)...
2026-07-16 19:59:04,133   GEV: RSI + Kalman (sequential)...
2026-07-16 19:59:04,784   [220/552]   GEV:    332 snaps in 1.0s | total: 1,788,786 | ETA: 78min
2026-07-16 19:59:07,807   GILD: RSI + Kalman (sequential)...
2026-07-16 19:59:22,836   GIS: RSI + Kalman (sequential)...
2026-07-16 19:59:41,541   GL: RSI + Kalman (sequential)...
2026-07-16 19:59:58,087   GLD: RSI + Kalman (sequential)...
2026-07-16 20:00:09,915   GLW: RSI + Kalman (sequential)...
2026-07-16 20:00:27,373   GM: RSI + Kalman (sequential)...
2026-07-16 20:00:34,380   GNRC: RSI + Kalman (sequential)...
2026-07-16 20:00:42,206   GOOG: RSI + Kalman (sequential)...
2026-07-16 20:00:52,025   GOOGL: RSI + Kalman (sequential)...
2026-07-16 20:01:03,865   GPC: RSI + Kalman (sequential)...
2026-07-16 20:01:19,921   [230/552]   GPC: 11,432 snaps in 20.2s | total: 1,865,670 | ETA: 75min
2026-07-16 20:01:22,152   GPN: RSI + Kalman (sequential)...
2026-07-16 20:01:32,897   GRMN: RSI + Kalman (sequential)...
2026-07-16 20:01:43,899   GS: RSI + Kalman (sequential)...
2026-07-16 20:01:56,996   GWW: RSI + Kalman (sequential)...
2026-07-16 20:02:19,344   HAL: RSI + Kalman (sequential)...
2026-07-16 20:02:41,689   HAS: RSI + Kalman (sequential)...
2026-07-16 20:03:03,191   HBAN: RSI + Kalman (sequential)...
2026-07-16 20:03:19,928   HCA: RSI + Kalman (sequential)...
2026-07-16 20:03:28,446   HD: RSI + Kalman (sequential)...
2026-07-16 20:03:45,695   HIG: RSI + Kalman (sequential)...
2026-07-16 20:03:55,668   [240/552]   HIG:  7,449 snaps in 12.7s | total: 1,956,218 | ETA: 73min
2026-07-16 20:03:57,082   HII: RSI + Kalman (sequential)...
2026-07-16 20:04:03,115   HLT: RSI + Kalman (sequential)...
2026-07-16 20:04:12,588   HON: RSI + Kalman (sequential)...
2026-07-16 20:04:34,408   HOOD: RSI + Kalman (sequential)...
2026-07-16 20:04:37,171   HPE: RSI + Kalman (sequential)...
2026-07-16 20:04:45,437   HPQ: RSI + Kalman (sequential)...
2026-07-16 20:05:12,628   HRL: RSI + Kalman (sequential)...
2026-07-16 20:05:31,109   HSIC: RSI + Kalman (sequential)...
2026-07-16 20:05:45,153   HST: RSI + Kalman (sequential)...
2026-07-16 20:06:04,002   HSY: RSI + Kalman (sequential)...
2026-07-16 20:06:18,829   [250/552]   HSY: 11,432 snaps in 18.8s | total: 2,039,969 | ETA: 71min
/root/botero-trade/backend/scripts/backfill_channel_snapshots_v2.py:219: RuntimeWarning: invalid value encountered in divide
  vol_surge = np.where(vol_sma20 > 0, volume / vol_sma20, 1.0)
2026-07-16 20:06:23,519   HUBB: RSI + Kalman (sequential)...
2026-07-16 20:06:43,968   HUM: RSI + Kalman (sequential)...
/root/botero-trade/backend/scripts/backfill_channel_snapshots_v2.py:219: RuntimeWarning: invalid value encountered in divide
  vol_surge = np.where(vol_sma20 > 0, volume / vol_sma20, 1.0)
2026-07-16 20:06:59,961   HWM: RSI + Kalman (sequential)...
2026-07-16 20:07:05,097   HYG: RSI + Kalman (sequential)...
2026-07-16 20:07:12,889   IBKR: RSI + Kalman (sequential)...
2026-07-16 20:07:24,465   IBM: RSI + Kalman (sequential)...
2026-07-16 20:07:47,452   ICE: RSI + Kalman (sequential)...
2026-07-16 20:07:57,085   IDXX: RSI + Kalman (sequential)...
2026-07-16 20:08:10,780   IEF: RSI + Kalman (sequential)...
2026-07-16 20:08:21,660   IEX: RSI + Kalman (sequential)...
2026-07-16 20:08:35,101   [260/552]   IEX:  9,103 snaps in 16.6s | total: 2,120,022 | ETA: 68min
2026-07-16 20:08:39,116   IFF: RSI + Kalman (sequential)...
2026-07-16 20:08:59,196   INCY: RSI + Kalman (sequential)...
2026-07-16 20:09:11,755   INDA: RSI + Kalman (sequential)...
2026-07-16 20:09:20,207   INTC: RSI + Kalman (sequential)...
2026-07-16 20:09:37,702   INTU: RSI + Kalman (sequential)...
2026-07-16 20:09:49,290   INVH: RSI + Kalman (sequential)...
2026-07-16 20:09:52,919   IONQ: RSI + Kalman (sequential)...
2026-07-16 20:10:00,063   IP: RSI + Kalman (sequential)...
2026-07-16 20:10:24,126   IQV: RSI + Kalman (sequential)...
2026-07-16 20:10:30,172   IR: RSI + Kalman (sequential)...
2026-07-16 20:10:33,442   [270/552]    IR:  2,061 snaps in 4.4s | total: 2,188,132 | ETA: 66min
2026-07-16 20:10:35,900   IRM: RSI + Kalman (sequential)...
2026-07-16 20:10:48,492   ISRG: RSI + Kalman (sequential)...
2026-07-16 20:11:00,505   IT: RSI + Kalman (sequential)...
2026-07-16 20:11:15,818   ITW: RSI + Kalman (sequential)...
2026-07-16 20:11:35,571   IVZ: RSI + Kalman (sequential)...
2026-07-16 20:11:47,823   IWM: RSI + Kalman (sequential)...
2026-07-16 20:12:00,117   J: RSI + Kalman (sequential)...
2026-07-16 20:12:19,132   JBHT: RSI + Kalman (sequential)...
2026-07-16 20:12:36,510   JBL: RSI + Kalman (sequential)...
2026-07-16 20:12:50,468   JCI: RSI + Kalman (sequential)...
2026-07-16 20:13:02,977   [280/552]   JCI:  9,528 snaps in 15.8s | total: 2,276,497 | ETA: 63min
2026-07-16 20:13:06,439   JKHY: RSI + Kalman (sequential)...
/root/botero-trade/backend/scripts/backfill_channel_snapshots_v2.py:219: RuntimeWarning: invalid value encountered in divide
  vol_surge = np.where(vol_sma20 > 0, volume / vol_sma20, 1.0)
2026-07-16 20:13:25,123   JNJ: RSI + Kalman (sequential)...
2026-07-16 20:13:50,229   JPM: RSI + Kalman (sequential)...
2026-07-16 20:14:07,811   KDP: RSI + Kalman (sequential)...
2026-07-16 20:14:17,159   KEY: RSI + Kalman (sequential)...
2026-07-16 20:14:30,996   KEYS: RSI + Kalman (sequential)...
2026-07-16 20:14:36,122   KHC: RSI + Kalman (sequential)...
2026-07-16 20:14:43,320   KIM: RSI + Kalman (sequential)...
2026-07-16 20:14:57,104   KKR: RSI + Kalman (sequential)...
2026-07-16 20:15:07,240   KLAC: RSI + Kalman (sequential)...
2026-07-16 20:15:22,957   [290/552]  KLAC: 11,289 snaps in 20.1s | total: 2,356,531 | ETA: 61min
2026-07-16 20:15:27,080   KMB: RSI + Kalman (sequential)...
2026-07-16 20:15:43,799   KMI: RSI + Kalman (sequential)...
2026-07-16 20:15:55,100   KO: RSI + Kalman (sequential)...
2026-07-16 20:16:21,648   KR: RSI + Kalman (sequential)...
2026-07-16 20:16:43,110   KVUE: RSI + Kalman (sequential)...
2026-07-16 20:16:48,196   L: RSI + Kalman (sequential)...
2026-07-16 20:17:05,771   LDOS: RSI + Kalman (sequential)...
2026-07-16 20:17:16,143   LEN: RSI + Kalman (sequential)...
2026-07-16 20:17:35,002   LH: RSI + Kalman (sequential)...
2026-07-16 20:17:50,268   LHX: RSI + Kalman (sequential)...
2026-07-16 20:18:04,796   [300/552]   LHX: 10,979 snaps in 18.6s | total: 2,451,605 | ETA: 59min
2026-07-16 20:18:06,984   LII: RSI + Kalman (sequential)...
2026-07-16 20:18:18,331   LIN: RSI + Kalman (sequential)...
2026-07-16 20:18:30,232   LITE: RSI + Kalman (sequential)...
2026-07-16 20:18:38,324   LLY: RSI + Kalman (sequential)...
2026-07-16 20:19:01,982   LMT: RSI + Kalman (sequential)...
2026-07-16 20:19:27,504   LNT: RSI + Kalman (sequential)...
2026-07-16 20:19:47,802   LOW: RSI + Kalman (sequential)...
2026-07-16 20:20:06,011   LQD: RSI + Kalman (sequential)...
2026-07-16 20:20:17,628   LRCX: RSI + Kalman (sequential)...
2026-07-16 20:20:34,502   LULU: RSI + Kalman (sequential)...
2026-07-16 20:20:40,791   [310/552]  LULU:  4,527 snaps in 8.0s | total: 2,543,733 | ETA: 57min
2026-07-16 20:20:44,581   LUV: RSI + Kalman (sequential)...
2026-07-16 20:21:02,831   LVS: RSI + Kalman (sequential)...
2026-07-16 20:21:12,156   LYB: RSI + Kalman (sequential)...
2026-07-16 20:21:19,043   LYV: RSI + Kalman (sequential)...
2026-07-16 20:21:27,824   MA: RSI + Kalman (sequential)...
2026-07-16 20:21:37,347   MAA: RSI + Kalman (sequential)...
2026-07-16 20:21:50,420   MAR: RSI + Kalman (sequential)...
2026-07-16 20:22:03,781   MAS: RSI + Kalman (sequential)...
2026-07-16 20:22:23,890   MCD: RSI + Kalman (sequential)...
2026-07-16 20:22:44,565   MCHI: RSI + Kalman (sequential)...
2026-07-16 20:22:49,526   [320/552]  MCHI:  3,600 snaps in 6.3s | total: 2,618,679 | ETA: 54min
2026-07-16 20:22:52,477   MCHP: RSI + Kalman (sequential)...
2026-07-16 20:23:06,347   MCK: RSI + Kalman (sequential)...
2026-07-16 20:23:19,956   MCO: RSI + Kalman (sequential)...
2026-07-16 20:23:33,149   MDLZ: RSI + Kalman (sequential)...
2026-07-16 20:23:45,453   MDT: RSI + Kalman (sequential)...
2026-07-16 20:24:05,224   MET: RSI + Kalman (sequential)...
2026-07-16 20:24:15,091   META: RSI + Kalman (sequential)...
2026-07-16 20:24:22,928   MGM: RSI + Kalman (sequential)...
2026-07-16 20:24:39,291   MKC: RSI + Kalman (sequential)...
2026-07-16 20:24:59,629   MLM: RSI + Kalman (sequential)...
2026-07-16 20:25:11,498   [330/552]   MLM:  7,910 snaps in 14.9s | total: 2,701,698 | ETA: 52min
2026-07-16 20:25:17,167   MMM: RSI + Kalman (sequential)...
2026-07-16 20:25:41,740   MNST: RSI + Kalman (sequential)...
2026-07-16 20:26:00,543   MO: RSI + Kalman (sequential)...
2026-07-16 20:26:25,899   MOS: RSI + Kalman (sequential)...
2026-07-16 20:26:39,828   MPC: RSI + Kalman (sequential)...
2026-07-16 20:26:46,634   MPWR: RSI + Kalman (sequential)...
2026-07-16 20:26:59,299   MRK: RSI + Kalman (sequential)...
2026-07-16 20:27:21,085   MRNA: RSI + Kalman (sequential)...
2026-07-16 20:27:27,959   MRSH: RSI + Kalman (sequential)...
2026-07-16 20:27:47,420   MS: RSI + Kalman (sequential)...
2026-07-16 20:27:58,159   [340/552]    MS:  8,161 snaps in 13.5s | total: 2,800,903 | ETA: 50min
2026-07-16 20:27:59,869   MSCI: RSI + Kalman (sequential)...
2026-07-16 20:28:09,347   MSFT: RSI + Kalman (sequential)...
2026-07-16 20:28:27,582   MSI: RSI + Kalman (sequential)...
2026-07-16 20:28:51,294   MSTR: RSI + Kalman (sequential)...
2026-07-16 20:29:04,315   MTB: RSI + Kalman (sequential)...
2026-07-16 20:29:22,270   MTD: RSI + Kalman (sequential)...
2026-07-16 20:29:35,388   MU: RSI + Kalman (sequential)...
2026-07-16 20:29:49,850   NCLH: RSI + Kalman (sequential)...
2026-07-16 20:29:56,259   NDAQ: RSI + Kalman (sequential)...
2026-07-16 20:30:09,272   NDSN: RSI + Kalman (sequential)...
2026-07-16 20:30:25,034   [350/552]  NDSN: 11,431 snaps in 20.2s | total: 2,887,234 | ETA: 48min
2026-07-16 20:30:29,783   NEE: RSI + Kalman (sequential)...
2026-07-16 20:30:51,805   NEM: RSI + Kalman (sequential)...
2026-07-16 20:31:10,056   NFLX: RSI + Kalman (sequential)...
2026-07-16 20:31:22,774   NI: RSI + Kalman (sequential)...
2026-07-16 20:31:45,239   NKE: RSI + Kalman (sequential)...
2026-07-16 20:32:03,902   NOC: RSI + Kalman (sequential)...
2026-07-16 20:32:19,513   NOW: RSI + Kalman (sequential)...
2026-07-16 20:32:25,962   NRG: RSI + Kalman (sequential)...
2026-07-16 20:32:36,527   NSC: RSI + Kalman (sequential)...
2026-07-16 20:32:53,004   NTAP: RSI + Kalman (sequential)...
2026-07-16 20:33:03,096   [360/552]  NTAP:  7,466 snaps in 12.9s | total: 2,980,233 | ETA: 46min
2026-07-16 20:33:06,843   NTRS: RSI + Kalman (sequential)...
2026-07-16 20:33:27,494   NUE: RSI + Kalman (sequential)...
2026-07-16 20:33:45,107   NVDA: RSI + Kalman (sequential)...
2026-07-16 20:33:57,601   NVR: RSI + Kalman (sequential)...
2026-07-16 20:34:12,375   NWS: RSI + Kalman (sequential)...
2026-07-16 20:34:17,740   NWSA: RSI + Kalman (sequential)...
2026-07-16 20:34:23,382   NXPI: RSI + Kalman (sequential)...
2026-07-16 20:34:30,817   O: RSI + Kalman (sequential)...
2026-07-16 20:34:44,271   ODFL: RSI + Kalman (sequential)...
2026-07-16 20:34:59,626   OKE: RSI + Kalman (sequential)...
2026-07-16 20:35:15,255   [370/552]   OKE: 11,294 snaps in 19.5s | total: 3,057,228 | ETA: 43min
2026-07-16 20:35:19,466   OMC: RSI + Kalman (sequential)...
2026-07-16 20:35:37,983   ON: RSI + Kalman (sequential)...
2026-07-16 20:35:51,937   ORCL: RSI + Kalman (sequential)...
2026-07-16 20:36:09,491   ORLY: RSI + Kalman (sequential)...
2026-07-16 20:36:21,425   OTIS: RSI + Kalman (sequential)...
2026-07-16 20:36:27,338   OXY: RSI + Kalman (sequential)...
2026-07-16 20:36:42,776   PANW: RSI + Kalman (sequential)...
2026-07-16 20:36:51,212   PAYX: RSI + Kalman (sequential)...
2026-07-16 20:37:10,319   PCAR: RSI + Kalman (sequential)...
2026-07-16 20:37:30,963   PCG: RSI + Kalman (sequential)...
2026-07-16 20:37:48,936   [380/552]   PCG: 13,398 snaps in 22.9s | total: 3,144,027 | ETA: 41min
2026-07-16 20:37:52,826   PEG: RSI + Kalman (sequential)...
2026-07-16 20:38:13,109   PEP: RSI + Kalman (sequential)...
2026-07-16 20:38:35,385   PFE: RSI + Kalman (sequential)...
2026-07-16 20:38:55,336   PFG: RSI + Kalman (sequential)...
2026-07-16 20:39:09,131   PG: RSI + Kalman (sequential)...
2026-07-16 20:39:34,816   PGR: RSI + Kalman (sequential)...
2026-07-16 20:39:54,065   PH: RSI + Kalman (sequential)...
2026-07-16 20:40:15,079   PHM: RSI + Kalman (sequential)...
2026-07-16 20:40:33,553   PKG: RSI + Kalman (sequential)...
2026-07-16 20:40:45,055   PLD: RSI + Kalman (sequential)...
2026-07-16 20:40:54,437   [390/552]   PLD:  6,959 snaps in 12.0s | total: 3,251,945 | ETA: 39min
2026-07-16 20:40:55,125   PLTR: RSI + Kalman (sequential)...
2026-07-16 20:40:58,702   PM: RSI + Kalman (sequential)...
/root/botero-trade/backend/scripts/backfill_channel_snapshots_v2.py:219: RuntimeWarning: invalid value encountered in divide
  vol_surge = np.where(vol_sma20 > 0, volume / vol_sma20, 1.0)
2026-07-16 20:41:09,153   PNC: RSI + Kalman (sequential)...
2026-07-16 20:41:30,816   PNR: RSI + Kalman (sequential)...
2026-07-16 20:41:52,665   PNW: RSI + Kalman (sequential)...
2026-07-16 20:42:11,811   PODD: RSI + Kalman (sequential)...
2026-07-16 20:42:21,204   POOL: RSI + Kalman (sequential)...
2026-07-16 20:42:36,314   PPG: RSI + Kalman (sequential)...
2026-07-16 20:42:55,620   PPL: RSI + Kalman (sequential)...
2026-07-16 20:43:12,948   PRU: RSI + Kalman (sequential)...
2026-07-16 20:43:20,696   [400/552]   PRU:  5,940 snaps in 10.0s | total: 3,337,307 | ETA: 36min
2026-07-16 20:43:24,897   PSA: RSI + Kalman (sequential)...
2026-07-16 20:43:41,588   PSKY: RSI + Kalman (sequential)...
2026-07-16 20:43:49,583   PSX: RSI + Kalman (sequential)...
2026-07-16 20:43:57,258   PTC: RSI + Kalman (sequential)...
2026-07-16 20:44:11,782   PWR: RSI + Kalman (sequential)...
2026-07-16 20:44:22,183   PYPL: RSI + Kalman (sequential)...
2026-07-16 20:44:28,590   QCOM: RSI + Kalman (sequential)...
2026-07-16 20:44:42,704   QQQ: RSI + Kalman (sequential)...
2026-07-16 20:44:55,051   RCL: RSI + Kalman (sequential)...
2026-07-16 20:45:09,375   REG: RSI + Kalman (sequential)...
2026-07-16 20:45:20,347   [410/552]   REG:  7,987 snaps in 13.9s | total: 3,406,449 | ETA: 34min
2026-07-16 20:45:23,556   REGN: RSI + Kalman (sequential)...
2026-07-16 20:45:38,862   RF: RSI + Kalman (sequential)...
2026-07-16 20:45:58,080   RJF: RSI + Kalman (sequential)...
2026-07-16 20:46:15,217   RL: RSI + Kalman (sequential)...
2026-07-16 20:46:27,743   RMD: RSI + Kalman (sequential)...
2026-07-16 20:46:41,537   ROK: RSI + Kalman (sequential)...
2026-07-16 20:47:02,586   ROL: RSI + Kalman (sequential)...
2026-07-16 20:47:21,113   ROP: RSI + Kalman (sequential)...
2026-07-16 20:47:35,497   ROST: RSI + Kalman (sequential)...
2026-07-16 20:47:50,861   RSG: RSI + Kalman (sequential)...
2026-07-16 20:47:59,868   [420/552]   RSG:  6,808 snaps in 11.4s | total: 3,499,486 | ETA: 32min
2026-07-16 20:48:01,981   RSP: RSI + Kalman (sequential)...
2026-07-16 20:48:11,453   RSPD: RSI + Kalman (sequential)...
2026-07-16 20:48:19,989   RSPF: RSI + Kalman (sequential)...
2026-07-16 20:48:28,737   RSPG: RSI + Kalman (sequential)...
2026-07-16 20:48:37,132   RSPH: RSI + Kalman (sequential)...
2026-07-16 20:48:45,478   RSPN: RSI + Kalman (sequential)...
2026-07-16 20:48:53,468   RSPS: RSI + Kalman (sequential)...
2026-07-16 20:49:02,099   RSPT: RSI + Kalman (sequential)...
2026-07-16 20:49:10,637   RSPU: RSI + Kalman (sequential)...
2026-07-16 20:49:23,122   RTX: RSI + Kalman (sequential)...
2026-07-16 20:49:45,264   [430/552]   RTX: 15,934 snaps in 27.7s | total: 3,558,662 | ETA: 29min
2026-07-16 20:49:49,810   RVTY: RSI + Kalman (sequential)...
2026-07-16 20:50:09,787   SATS: RSI + Kalman (sequential)...
2026-07-16 20:50:14,141   SBAC: RSI + Kalman (sequential)...
2026-07-16 20:50:26,486   SBUX: RSI + Kalman (sequential)...
2026-07-16 20:50:41,293   SCHW: RSI + Kalman (sequential)...
2026-07-16 20:50:58,354   SHW: RSI + Kalman (sequential)...
2026-07-16 20:51:16,935   SJM: RSI + Kalman (sequential)...
2026-07-16 20:51:31,521   SLB: RSI + Kalman (sequential)...
2026-07-16 20:51:48,010   SLV: RSI + Kalman (sequential)...
2026-07-16 20:51:56,096   SMCI: RSI + Kalman (sequential)...
2026-07-16 20:52:02,346   [440/552]  SMCI:  4,610 snaps in 8.0s | total: 3,636,956 | ETA: 27min
2026-07-16 20:52:07,145   SNA: RSI + Kalman (sequential)...
2026-07-16 20:52:25,367   SNDK: RSI + Kalman (sequential)...
2026-07-16 20:52:28,791   SNPS: RSI + Kalman (sequential)...
2026-07-16 20:52:44,558   SO: RSI + Kalman (sequential)...
2026-07-16 20:53:00,131   SOLV: RSI + Kalman (sequential)...
2026-07-16 20:53:03,615   SPG: RSI + Kalman (sequential)...
2026-07-16 20:53:18,362   SPGI: RSI + Kalman (sequential)...
2026-07-16 20:53:39,159   SPY: RSI + Kalman (sequential)...
2026-07-16 20:53:52,611   SRE: RSI + Kalman (sequential)...
2026-07-16 20:54:04,975   STE: RSI + Kalman (sequential)...
2026-07-16 20:54:16,044   [450/552]   STE:  8,346 snaps in 14.2s | total: 3,714,516 | ETA: 24min
2026-07-16 20:54:18,770   STLD: RSI + Kalman (sequential)...
2026-07-16 20:54:32,403   STT: RSI + Kalman (sequential)...
2026-07-16 20:54:50,748   STX: RSI + Kalman (sequential)...
2026-07-16 20:55:02,053   STZ: RSI + Kalman (sequential)...
/root/botero-trade/backend/scripts/backfill_channel_snapshots_v2.py:219: RuntimeWarning: invalid value encountered in divide
  vol_surge = np.where(vol_sma20 > 0, volume / vol_sma20, 1.0)
2026-07-16 20:55:15,937   SW: RSI + Kalman (sequential)...
2026-07-16 20:55:25,644   SWK: RSI + Kalman (sequential)...
2026-07-16 20:55:44,943   SWKS: RSI + Kalman (sequential)...
2026-07-16 20:56:00,246   SYF: RSI + Kalman (sequential)...
2026-07-16 20:56:08,378   SYK: RSI + Kalman (sequential)...
2026-07-16 20:56:28,410   SYY: RSI + Kalman (sequential)...
2026-07-16 20:56:45,768   [460/552]   SYY: 13,165 snaps in 21.6s | total: 3,800,639 | ETA: 22min
2026-07-16 20:56:49,969   T: RSI + Kalman (sequential)...
2026-07-16 20:57:09,523   TAP: RSI + Kalman (sequential)...
2026-07-16 20:57:28,734   TDG: RSI + Kalman (sequential)...
2026-07-16 20:57:38,089   TDY: RSI + Kalman (sequential)...
2026-07-16 20:57:50,197   TECH: RSI + Kalman (sequential)...
2026-07-16 20:58:04,528   TEL: RSI + Kalman (sequential)...
2026-07-16 20:58:14,672   TER: RSI + Kalman (sequential)...
2026-07-16 20:58:36,025   TFC: RSI + Kalman (sequential)...
2026-07-16 20:58:55,693   TGT: RSI + Kalman (sequential)...
2026-07-16 20:59:16,715   TJX: RSI + Kalman (sequential)...
2026-07-16 20:59:29,838   [470/552]   TJX:  9,592 snaps in 16.5s | total: 3,896,297 | ETA: 20min
2026-07-16 20:59:32,447   TKO: RSI + Kalman (sequential)...
2026-07-16 20:59:43,039   TLT: RSI + Kalman (sequential)...
2026-07-16 20:59:54,507   TMO: RSI + Kalman (sequential)...
2026-07-16 21:00:13,595   TMUS: RSI + Kalman (sequential)...
2026-07-16 21:00:24,806   TPL: RSI + Kalman (sequential)...
2026-07-16 21:00:43,213   TPR: RSI + Kalman (sequential)...
2026-07-16 21:00:53,489   TRGP: RSI + Kalman (sequential)...
2026-07-16 21:01:02,027   TRMB: RSI + Kalman (sequential)...
2026-07-16 21:01:17,833   TROW: RSI + Kalman (sequential)...
2026-07-16 21:01:35,155   TRV: RSI + Kalman (sequential)...
2026-07-16 21:01:51,110   [480/552]   TRV: 12,525 snaps in 20.5s | total: 3,977,182 | ETA: 17min
2026-07-16 21:01:54,101   TSCO: RSI + Kalman (sequential)...
2026-07-16 21:02:06,329   TSLA: RSI + Kalman (sequential)...
2026-07-16 21:02:15,846   TSN: RSI + Kalman (sequential)...
2026-07-16 21:02:35,350   TT: RSI + Kalman (sequential)...
2026-07-16 21:02:51,915   TTD: RSI + Kalman (sequential)...
2026-07-16 21:02:57,551   TTWO: RSI + Kalman (sequential)...
2026-07-16 21:03:12,704   TXN: RSI + Kalman (sequential)...
2026-07-16 21:03:36,865   TXT: RSI + Kalman (sequential)...
2026-07-16 21:03:58,010   TYL: RSI + Kalman (sequential)...
2026-07-16 21:04:16,239   UAL: RSI + Kalman (sequential)...
2026-07-16 21:04:23,058   [490/552]   UAL:  4,897 snaps in 8.8s | total: 4,064,028 | ETA: 15min
2026-07-16 21:04:23,821   UBER: RSI + Kalman (sequential)...
2026-07-16 21:04:30,400   UDR: RSI + Kalman (sequential)...
2026-07-16 21:04:50,195   UHS: RSI + Kalman (sequential)...
2026-07-16 21:05:07,743   ULTA: RSI + Kalman (sequential)...
2026-07-16 21:05:17,948   UNH: RSI + Kalman (sequential)...
2026-07-16 21:05:36,494   UNP: RSI + Kalman (sequential)...
2026-07-16 21:05:55,070   UPS: RSI + Kalman (sequential)...
2026-07-16 21:06:06,852   URI: RSI + Kalman (sequential)...
2026-07-16 21:06:21,842   USB: RSI + Kalman (sequential)...
2026-07-16 21:06:43,525   USO: RSI + Kalman (sequential)...
2026-07-16 21:06:50,413   [500/552]   USO:  4,853 snaps in 8.7s | total: 4,145,766 | ETA: 12min
2026-07-16 21:06:52,135   UUP: RSI + Kalman (sequential)...
2026-07-16 21:07:00,753   V: RSI + Kalman (sequential)...
2026-07-16 21:07:08,733   VEA: RSI + Kalman (sequential)...
2026-07-16 21:07:17,064   VGK: RSI + Kalman (sequential)...
2026-07-16 21:07:24,773   VICI: RSI + Kalman (sequential)...
2026-07-16 21:07:31,546   VLO: RSI + Kalman (sequential)...
2026-07-16 21:07:53,043   VLTO: RSI + Kalman (sequential)...
2026-07-16 21:07:58,723   VMC: RSI + Kalman (sequential)...
2026-07-16 21:08:18,484   VRSK: RSI + Kalman (sequential)...
2026-07-16 21:08:26,589   VRSN: RSI + Kalman (sequential)...
2026-07-16 21:08:35,650   [510/552]  VRSN:  6,913 snaps in 11.6s | total: 4,201,849 | ETA: 10min
2026-07-16 21:08:36,474   VRT: RSI + Kalman (sequential)...
2026-07-16 21:08:41,787   VRTX: RSI + Kalman (sequential)...
2026-07-16 21:08:53,926   VST: RSI + Kalman (sequential)...
2026-07-16 21:08:59,417   VTR: RSI + Kalman (sequential)...
2026-07-16 21:09:13,465   VTRS: RSI + Kalman (sequential)...
2026-07-16 21:09:32,166   VZ: RSI + Kalman (sequential)...
2026-07-16 21:09:48,688   WAB: RSI + Kalman (sequential)...
2026-07-16 21:10:02,440   WAT: RSI + Kalman (sequential)...
2026-07-16 21:10:15,229   WBD: RSI + Kalman (sequential)...
2026-07-16 21:10:23,621   WDAY: RSI + Kalman (sequential)...
2026-07-16 21:10:28,285   [520/552]  WDAY:  3,212 snaps in 6.0s | total: 4,266,707 | ETA: 8min
2026-07-16 21:10:32,396   WDC: RSI + Kalman (sequential)...
2026-07-16 21:10:52,738   WEC: RSI + Kalman (sequential)...
2026-07-16 21:11:13,372   WELL: RSI + Kalman (sequential)...
2026-07-16 21:11:34,319   WFC: RSI + Kalman (sequential)...
2026-07-16 21:11:55,116   WM: RSI + Kalman (sequential)...
2026-07-16 21:12:11,816   WMB: RSI + Kalman (sequential)...
2026-07-16 21:12:30,507   WMT: RSI + Kalman (sequential)...
2026-07-16 21:12:51,743   WRB: RSI + Kalman (sequential)...
2026-07-16 21:13:14,559   WSM: RSI + Kalman (sequential)...
2026-07-16 21:13:32,406   WST: RSI + Kalman (sequential)...
2026-07-16 21:13:47,613   [530/552]   WST: 11,432 snaps in 19.0s | total: 4,383,481 | ETA: 5min
2026-07-16 21:13:49,801   WTW: RSI + Kalman (sequential)...
2026-07-16 21:14:02,732   WY: RSI + Kalman (sequential)...
2026-07-16 21:14:22,300   WYNN: RSI + Kalman (sequential)...
2026-07-16 21:14:35,721   XEL: RSI + Kalman (sequential)...
2026-07-16 21:14:55,834   XLB: RSI + Kalman (sequential)...
2026-07-16 21:15:06,620   XLC: RSI + Kalman (sequential)...
2026-07-16 21:15:12,090   XLE: RSI + Kalman (sequential)...
2026-07-16 21:15:24,526   XLF: RSI + Kalman (sequential)...
2026-07-16 21:15:36,445   XLI: RSI + Kalman (sequential)...
2026-07-16 21:15:48,954   XLK: RSI + Kalman (sequential)...
2026-07-16 21:15:58,197   [540/552]   XLK:  6,687 snaps in 11.6s | total: 4,456,873 | ETA: 3min
2026-07-16 21:16:00,715   XLP: RSI + Kalman (sequential)...
2026-07-16 21:16:10,790   XLRE: RSI + Kalman (sequential)...
2026-07-16 21:16:16,770   XLU: RSI + Kalman (sequential)...
2026-07-16 21:16:28,019   XLV: RSI + Kalman (sequential)...
2026-07-16 21:16:39,591   XLY: RSI + Kalman (sequential)...
2026-07-16 21:16:55,680   XOM: RSI + Kalman (sequential)...
2026-07-16 21:17:19,046   XYL: RSI + Kalman (sequential)...
2026-07-16 21:17:25,077   XYZ: RSI + Kalman (sequential)...
2026-07-16 21:17:31,301   YUM: RSI + Kalman (sequential)...
2026-07-16 21:17:43,156   ZBH: RSI + Kalman (sequential)...
2026-07-16 21:17:51,427   [550/552]   ZBH:  6,035 snaps in 10.5s | total: 4,521,017 | ETA: 0min
2026-07-16 21:17:54,684   ZBRA: RSI + Kalman (sequential)...
2026-07-16 21:18:08,438   ZTS: RSI + Kalman (sequential)...
2026-07-16 21:18:12,923   [552/552]   ZTS:  3,138 snaps in 6.0s | total: 4,532,701 | ETA: 0min
================================================================================
  FEATURE LAKE v2 — Vectorized Channel Snapshots Builder
  91 fields × every bar × every stock/ETF in the Vault
================================================================================

  Universe: 552 tickers

================================================================================
  FEATURE LAKE v2 COMPLETE
  Snapshots: 4,532,701
  Time: 7830.4s (130.5 min)
  Errors: 0
================================================================================
