Feature Optimizer — Started 2026-05-26T17:35:18.156596+00:00
[17:35:18] [INFO] ==========================================================================================
[17:35:18] [INFO]   FEATURE OPTIMIZER — Simons + López de Prado Protocol
[17:35:18] [INFO] ==========================================================================================
[17:35:18] [INFO] Started: 2026-05-26T17:35:18.158238+00:00
[17:35:18] [INFO] ==========================================================================================
[17:35:18] [INFO]   LOADING DATA
[17:35:18] [INFO] ==========================================================================================
[17:35:59] [INFO] Feature lake: 93,776 rows, 82 columns
[17:35:59] [INFO] ==========================================================================================
[17:35:59] [INFO]   PHASE 0: Expand Feature Lake (Simons Discovery)
[17:35:59] [INFO] ==========================================================================================
[17:36:02] [INFO]   ATR features computed
[17:36:02] [INFO]   Overnight gap features computed
[17:36:02] [INFO]   Volume features computed (Wyckoff dynamics: 10 features)
[17:36:03] [INFO]   Vol-Price features computed (Forencia-validated: 6 features)
[17:36:03] [INFO]   Candle structure features computed (23 features)
[17:36:04] [INFO]   VWAP structural features computed (Forencia-validated: 6 features)
[17:36:04] [INFO]   Generated 83 derived features
[17:36:04] [INFO] Expanded lake: 158 features (75 original + 83 derived)
[17:36:04] [INFO]   Checkpoint saved: phase0_features.json
[17:36:04] [INFO] ==========================================================================================
[17:36:04] [INFO]   PRODUCTION BASELINES
[17:36:04] [INFO] ==========================================================================================
[17:36:04] [INFO]            bounce_height: DSR= 19.732 (9f)
[17:36:04] [INFO]               long_entry: DSR=  3.849 (6f)
[17:36:04] [INFO]           pullback_depth: DSR= 48.578 (3f)
[17:36:04] [INFO]              short_cover: DSR=  5.132 (7f)
[17:36:04] [INFO]              short_entry: DSR=  1.816 (5f)
[17:36:04] [INFO]               swing_exit: DSR= 13.865 (11f)
[17:36:04] [INFO]           trend_recovery: DSR=  7.407 (13f)
[17:36:04] [INFO]           trend_reversal: DSR= 18.492 (2f)
[17:36:04] [INFO]       zz_bottom_detector: DSR= 32.218 (6f)
[17:36:04] [INFO]          zz_top_detector: DSR= 10.198 (12f)
[17:36:04] [INFO] ==========================================================================================
[17:36:04] [INFO]   PRE-COMPUTING LABELS
[17:36:04] [INFO] ==========================================================================================
[17:36:11] [INFO]               long_entry:  93,436 valid, pos=0.590 (6.6s)
[17:36:22] [INFO]               swing_exit:  93,606 valid, pos=0.397 (11.5s)
[17:36:43] [INFO]           pullback_depth:  93,759 valid, pos=0.297 (20.6s)
