nohup: ignoring input
2026-07-21 05:58:21,117 FASE 0: Forzando inicio desde 1999-10-01 (--from)
2026-07-21 05:58:21,117 FASE 1: Cargando volúmenes SP500 desde 1998-08-27...
2026-07-21 05:58:53,002   Cargadas 3,054,095 filas en 31.9s
2026-07-21 05:59:17,456   506 tickers, 11 sectores
2026-07-21 05:59:18,667 FASE 2: 6737 días por computar (1999-10-01 → 2026-07-16)
2026-07-21 05:59:18,668 FASE 3: Computando SV5 indicators...
2026-07-21 05:59:18,669   Día 0/6737 (1999-10-01) | 0 bars | 0.0 días/s | ETA: 0min
2026-07-21 06:00:11,740   Día 250/6737 (2000-09-27) | 9,000 bars | 4.7 días/s | ETA: 23min
2026-07-21 06:01:17,782   Día 500/6737 (2001-10-01) | 18,000 bars | 4.2 días/s | ETA: 25min
2026-07-21 06:02:20,161   Día 750/6737 (2002-09-27) | 27,000 bars | 4.1 días/s | ETA: 24min
2026-07-21 06:03:19,310   Día 1000/6737 (2003-09-25) | 36,000 bars | 4.2 días/s | ETA: 23min
2026-07-21 06:04:18,531   Día 1250/6737 (2004-09-23) | 45,000 bars | 4.2 días/s | ETA: 22min
2026-07-21 06:05:23,718   Día 1500/6737 (2005-09-20) | 54,000 bars | 4.1 días/s | ETA: 21min
2026-07-21 06:06:24,577   Día 1750/6737 (2006-09-18) | 63,000 bars | 4.1 días/s | ETA: 20min
2026-07-21 06:07:24,005   Día 2000/6737 (2007-09-17) | 72,000 bars | 4.1 días/s | ETA: 19min
2026-07-21 06:08:23,901   Día 2250/6737 (2008-09-12) | 81,000 bars | 4.1 días/s | ETA: 18min
2026-07-21 06:09:22,358   Día 2500/6737 (2009-09-10) | 90,000 bars | 4.1 días/s | ETA: 17min
2026-07-21 06:10:29,005   Día 2750/6737 (2010-09-08) | 99,000 bars | 4.1 días/s | ETA: 16min
2026-07-21 06:11:37,944   Día 3000/6737 (2011-09-02) | 108,000 bars | 4.1 días/s | ETA: 15min
2026-07-21 06:12:47,846   Día 3250/6737 (2012-08-30) | 117,000 bars | 4.0 días/s | ETA: 14min
2026-07-21 06:14:00,790   Día 3500/6737 (2013-08-30) | 126,000 bars | 4.0 días/s | ETA: 14min
2026-07-21 06:15:13,333   Día 3750/6737 (2014-08-28) | 135,000 bars | 3.9 días/s | ETA: 13min
2026-07-21 06:16:27,970   Día 4000/6737 (2015-08-26) | 144,000 bars | 3.9 días/s | ETA: 12min
2026-07-21 06:17:40,357   Día 4250/6737 (2016-08-23) | 153,000 bars | 3.9 días/s | ETA: 11min
2026-07-21 06:18:50,685   Día 4500/6737 (2017-08-21) | 162,000 bars | 3.8 días/s | ETA: 10min
2026-07-21 06:20:27,733   Día 4750/6737 (2018-08-17) | 171,000 bars | 3.7 días/s | ETA: 9min
2026-07-21 06:22:16,927   Día 5000/6737 (2019-08-16) | 180,000 bars | 3.6 días/s | ETA: 8min
2026-07-21 06:23:58,018   Día 5250/6737 (2020-08-13) | 189,000 bars | 3.5 días/s | ETA: 7min
2026-07-21 06:25:56,277   Día 5500/6737 (2021-08-11) | 198,000 bars | 3.4 días/s | ETA: 6min
2026-07-21 06:27:50,311   Día 5750/6737 (2022-08-09) | 207,000 bars | 3.4 días/s | ETA: 5min
2026-07-21 06:29:11,829   Día 6000/6737 (2023-08-08) | 216,000 bars | 3.3 días/s | ETA: 4min
2026-07-21 06:30:38,537   Día 6250/6737 (2024-08-06) | 225,000 bars | 3.3 días/s | ETA: 2min
2026-07-21 06:32:03,757   Día 6500/6737 (2025-08-06) | 234,000 bars | 3.3 días/s | ETA: 1min
2026-07-21 06:33:18,343 
================================================================================
2026-07-21 06:33:18,343 ✅ BACKFILL COMPLETADO
2026-07-21 06:33:18,343    Barras escritas: 242,532
2026-07-21 06:33:18,344    Tiempo total: 34.0 minutos
2026-07-21 06:33:18,344    Rango: 1999-10-01 → 2026-07-16
2026-07-21 06:33:18,344 ================================================================================

📊 Verificación post-backfill:
  Ticker               | Bars     | Desde        | Hasta       
  -------------------------------------------------------
  SV5FI                |     6738 | 1999-10-01 | 2026-07-21
  SV5TH                |     6738 | 1999-10-01 | 2026-07-21
  SV5TW                |     6738 | 1999-10-01 | 2026-07-21
  SV5_XLB_FI           |     6738 | 1999-10-01 | 2026-07-21
  SV5_XLB_TH           |     6738 | 1999-10-01 | 2026-07-21
  SV5_XLB_TW           |     6738 | 1999-10-01 | 2026-07-21
  SV5_XLC_FI           |     6738 | 1999-10-01 | 2026-07-21
  SV5_XLC_TH           |     6738 | 1999-10-01 | 2026-07-21
  SV5_XLC_TW           |     6738 | 1999-10-01 | 2026-07-21
  SV5_XLE_FI           |     6738 | 1999-10-01 | 2026-07-21
  SV5_XLE_TH           |     6738 | 1999-10-01 | 2026-07-21
  SV5_XLE_TW           |     6738 | 1999-10-01 | 2026-07-21
  SV5_XLF_FI           |     6738 | 1999-10-01 | 2026-07-21
  SV5_XLF_TH           |     6738 | 1999-10-01 | 2026-07-21
  SV5_XLF_TW           |     6738 | 1999-10-01 | 2026-07-21
  SV5_XLI_FI           |     6738 | 1999-10-01 | 2026-07-21
  SV5_XLI_TH           |     6738 | 1999-10-01 | 2026-07-21
  SV5_XLI_TW           |     6738 | 1999-10-01 | 2026-07-21
  SV5_XLK_FI           |     6738 | 1999-10-01 | 2026-07-21
  SV5_XLK_TH           |     6738 | 1999-10-01 | 2026-07-21
  SV5_XLK_TW           |     6738 | 1999-10-01 | 2026-07-21
  SV5_XLP_FI           |     6738 | 1999-10-01 | 2026-07-21
  SV5_XLP_TH           |     6738 | 1999-10-01 | 2026-07-21
  SV5_XLP_TW           |     6738 | 1999-10-01 | 2026-07-21
  SV5_XLRE_FI          |     6738 | 1999-10-01 | 2026-07-21
  SV5_XLRE_TH          |     6738 | 1999-10-01 | 2026-07-21
  SV5_XLRE_TW          |     6738 | 1999-10-01 | 2026-07-21
  SV5_XLU_FI           |     6738 | 1999-10-01 | 2026-07-21
  SV5_XLU_TH           |     6738 | 1999-10-01 | 2026-07-21
  SV5_XLU_TW           |     6738 | 1999-10-01 | 2026-07-21
  SV5_XLV_FI           |     6738 | 1999-10-01 | 2026-07-21
  SV5_XLV_TH           |     6738 | 1999-10-01 | 2026-07-21
  SV5_XLV_TW           |     6738 | 1999-10-01 | 2026-07-21
  SV5_XLY_FI           |     6738 | 1999-10-01 | 2026-07-21
  SV5_XLY_TH           |     6738 | 1999-10-01 | 2026-07-21
  SV5_XLY_TW           |     6738 | 1999-10-01 | 2026-07-21
