<string>:8: UserWarning: pandas only supports SQLAlchemy connectable (engine/connection) or database string URI or sqlite3 DBAPI2 connection. Other DBAPI2 objects are not tested. Please consider using SQLAlchemy.
<string>:16: UserWarning: pandas only supports SQLAlchemy connectable (engine/connection) or database string URI or sqlite3 DBAPI2 connection. Other DBAPI2 objects are not tested. Please consider using SQLAlchemy.
====================================================================================================
  INVENTARIO COMPLETO DE SIGMAS — 6 variables × precio + volumen
====================================================================================================
  sigma_current           mean=-0.297  std=1.660  [-6.00 .. 5.82]  N=5845
  sigma_wave              mean=-0.122  std=1.441  [-5.18 .. 4.93]  N=5845
  sigma_tide              mean=-0.432  std=1.741  [-7.33 .. 5.88]  N=5845
  vwapSigma_current       mean=-0.105  std=1.502  [-4.98 .. 4.12]  N=5845
  vwapSigma_wave          mean=-0.107  std=1.496  [-3.83 .. 3.69]  N=5845
  vwapSigma_tide          mean=+0.134  std=1.492  [-4.74 .. 4.33]  N=5845

====================================================================================================
  RANKING COMPLETO: Information Gain de TODAS las variables
====================================================================================================

                Variable    InfoGain    Min P(b)    Max P(b)      Spread   Power
            vwapSig_wave      0.3942        6.4%       97.9%       91.5%     SSS  
           sigma_current      0.2986        8.2%       93.3%       85.1%     SSS  
              sigma_wave      0.2894        8.8%       92.4%       83.6%     SSS  
         vwapSig_current      0.2805       11.9%       96.4%       84.5%     SSS  
              sigma_tide      0.1463       23.1%       88.0%       65.0%     SSS *
            vwapSig_tide      0.1006       25.9%       81.6%       55.7%      SS *
              slope_wave      0.0687       35.1%       66.7%       31.6%      SS  
           slope_current      0.0098       41.5%       55.8%       14.3%       .  
              slope_tide      0.0002       48.6%       50.9%        2.3%       . *

====================================================================================================
  DETALLE: sigma_tide y vwapSigma_tide — P(bull) por zona
====================================================================================================

  sigma_tide:
      Zone      N  P(bull)
      st<<   1116    19.5% XXX
       st<   1111    35.6% XXX
      st~-    817    45.3%    
      st~0    675    50.8%    
      st~+    783    62.1% !!!
       st>    928    76.1% !!!
      st>>    415    93.3% !!!

  vwapSigma_tide:
      Zone      N  P(bull)
      Vt<<    448    21.2% XXX
       Vt<   1065    36.2% XXX
      Vt~-    856    44.5%  XX
      Vt~0    675    42.7%  XX
      Vt~+    880    42.8%  XX
       Vt>   1274    61.9% !!!
      Vt>>    647    91.2% !!!

====================================================================================================
  sigma_tide × vwapSigma_tide -> P(bull)
====================================================================================================
           |     Vt<<      Vt<      Vt>     Vt>> |   base      N
  --------+------------------------------------+---------------
      st<< |  26.4XXX  29.1XXX  27.0XXX  33.3XXX |  27.6%  2227
       st< |  43.4 XX  47.2     43.6 XX  49.7    |  46.0%  1147
       st> |  42.1 XX  50.5     53.5     69.9!!! |  59.5%  1128
      st>> |  42.4 XX  68.4!!!  76.1!!!  87.2!!! |  81.4%  1343

====================================================================================================
  PREGUNTA CLAVE: Cuando sigma_tide es extremo (macro), 
  ¿las sigmas micro (σc, σVc) pueden contrarrestar?
====================================================================================================

  MACRO BEAR (sigma_tide < -1):
  N=2227, P(bull) base macro bear = 27.6%

   sigma_c    sigVc |  P(bull)       N
      sc<<      V<< |    15.0%   1156  
      sc<<      V_0 |    18.1%     72  
       sc<      V<< |    26.7%    434  
       sc<      V_0 |    47.5%     40  
       sc>      V<< |    44.6%    271  
       sc>      V_0 |    66.7%     69  << CONTRARRESTA
      sc>>      V<< |    57.6%     99  << CONTRARRESTA
      sc>>      V_0 |    81.0%     84  << CONTRARRESTA

  MACRO BULL (sigma_tide > 1):
  N=1343, P(bull) base macro bull = 81.4%

   sigma_c    sigVc |  P(bull)       N
      sc<<      V_0 |    16.5%     79  << CONTRARRESTA
      sc<<      V>> |    63.4%     41  
       sc<      V_0 |    44.8%     58  
       sc<      V>> |    79.1%    134  
       sc>      V_0 |    37.1%     35  << CONTRARRESTA
       sc>      V>> |    87.6%    338  
      sc>>      V_0 |    72.7%     44  
      sc>>      V>> |    96.2%    601  

====================================================================================================
  CORRELACIÓN entre las 6 sigmas (¿información redundante?)
====================================================================================================

              sig_c    sig_w    sig_t   Vsig_c   Vsig_w   Vsig_t
     sig_c  +1.000***  +0.749**  +0.535*  +0.659**  +0.801***  +0.271
     sig_w  +0.749**  +1.000***  +0.345  +0.457*  +0.661**  +0.182
     sig_t  +0.535*  +0.345  +1.000***  +0.829***  +0.701**  +0.618**
    Vsig_c  +0.659**  +0.457*  +0.829***  +1.000***  +0.875***  +0.709**
    Vsig_w  +0.801***  +0.661**  +0.701**  +0.875***  +1.000***  +0.546*
    Vsig_t  +0.271  +0.182  +0.618**  +0.709**  +0.546*  +1.000***

  *** >0.8 = MUY redundante  ** >0.6 = redundante parcial  * >0.4 = correlacionado

====================================================================================================
  INFORMATION INCREMENTAL: sigma_tide DESPUÉS de conocer sigma_wave
  ¿Agrega información nueva o es redundante?
====================================================================================================

     sig_w    sig_t |  P(bull)       N  Delta vs base_sw
      sw<<     st<< |    10.7%   1428    -6.9pp +
      sw<<     st~0 |    17.8%    455    +0.2pp .
      sw<<     st>> |    36.9%    507   +19.3pp ++
      sw~0     st<< |    34.0%    635   -19.2pp ++
      sw~0     st~0 |    56.3%    277    +3.1pp .
      sw~0     st>> |    80.7%    410   +27.6pp ++
      sw>>     st<< |    68.2%    729   -15.4pp ++
      sw>>     st~0 |    86.5%    415    +3.0pp .
      sw>>     st>> |    93.6%    989   +10.1pp ++

DONE
