<string>:8: UserWarning: pandas only supports SQLAlchemy connectable (engine/connection) or database string URI or sqlite3 DBAPI2 connection. Other DBAPI2 objects are not tested. Please consider using SQLAlchemy.
<string>:16: UserWarning: pandas only supports SQLAlchemy connectable (engine/connection) or database string URI or sqlite3 DBAPI2 connection. Other DBAPI2 objects are not tested. Please consider using SQLAlchemy.
╔══════════════════════════════════════════════════════════════════════════════════════════════════════════════════════════════════╗
║  EL SISTEMA COMPLETO — Narrativa de 3 canales en cada punto del zigzag 5%                                            ║
╚══════════════════════════════════════════════════════════════════════════════════════════════════════════════════════════════════╝
  N total: 5,811 puntos clasificados

==================================================================================================================================
  1. TABLA MAESTRA: W_mag × C_mag × σC_zone → P(HH/HL/LH/LL)
==================================================================================================================================
       W      C   σ_zone      N   Bull%    HH%   HL%   LH%   LL%      W_sl     C_sl      σC     σVC  RSI Wa_opp Ca_opp
  -----------------------------------------------------------------------------------------------------------------------------
    W+++   C+++   σ_deep     60    62%🟢     0%   62%   12%   27%   +0.3591  +0.4317   -2.78   +0.49   45   100%   100%
    W+++   C+++    σ_low     81    62%🟢    14%   48%   16%   22%   +0.4382  +0.4677   -1.44   +0.94   51    95%    86%
    W+++   C+++    σ_neg    124    72%🟢    27%   45%   21%    7%   +0.4418  +0.3690   -0.47   +1.12   55    80%    45%
    W+++   C+++    σ_pos    203    85%🟢    64%   22%   11%    3%   +0.4689  +0.3347   +0.60   +1.71   65    45%    20%
    W+++   C+++   σ_high    152    91%🟢    84%    7%    7%    1%   +0.5383  +0.3379   +1.40   +2.06   72    24%     8%
    W+++   C+++    σ_ext     56    98%🟢    95%    4%    2%    0%   +0.5653  +0.2772   +2.54   +2.45   78     0%     4%
    W+++    C++    σ_neg     22    64%🟢     5%   59%   23%   14%   +0.3632  +0.1417   -0.35   +0.34   48    82%     9%
    W+++    C++    σ_pos     42    71%🟢    43%   29%   21%    7%   +0.4004  +0.1316   +0.57   +1.27   58    62%    29%
    W+++    C++   σ_high     73    90%🟢    88%    3%   10%    0%   +0.4014  +0.1331   +1.45   +2.17   68    30%     4%
    W+++    C++    σ_ext     27    96%🟢    93%    4%    4%    0%   +0.4196  +0.1464   +2.36   +2.73   74     4%     0%
    W+++     C+    σ_pos     33    67%🟢    18%   48%   30%    3%   +0.4723  +0.0560   +0.61   +0.89   55    52%    18%
    W+++     C+   σ_high     50    82%🟢    80%    2%   18%    0%   +0.3840  +0.0407   +1.57   +1.99   67    24%     8%
    W+++     C+    σ_ext     34    91%🟢    82%    9%    9%    0%   +0.4725  +0.0462   +2.37   +2.52   72     3%     0%
    W+++     C-   σ_high     22    59%⚪    59%    0%   41%    0%   +0.4404  -0.0199   +1.50   +1.40   63    41%    95%
    W+++    C--   σ_high     31    65%🟢    48%   16%   29%    6%   +0.4753  -0.1097   +1.57   +0.72   59    39%    97%
    W+++    C--    σ_ext     19    58%⚪    58%    0%   42%    0%   +0.4320  -0.1117   +2.27   +1.49   65    16%   100%
    W+++   C---    σ_pos     15    60%⚪    13%   47%   20%   20%   +0.6785  -0.2331   +0.75   -0.27   50    60%    67%
    W+++   C---   σ_high     69    71%🟢    36%   35%   25%    4%   +0.6595  -0.3386   +1.50   +0.10   55    33%    91%
    W+++   C---    σ_ext     31    71%🟢    61%   10%   29%    0%   +0.5908  -0.3321   +2.39   +0.73   61     3%    97%
     W++   C+++   σ_deep     63    70%🟢     3%   67%    8%   22%   +0.1832  +0.3013   -2.62   +0.22   42   100%    97%
     W++   C+++    σ_low     59    66%🟢     7%   59%   22%   12%   +0.2134  +0.2874   -1.69   +0.67   49    98%    83%
     W++   C+++    σ_neg     63    62%🟢    49%   13%   35%    3%   +0.1973  +0.2594   -0.44   +1.39   61    67%    54%
     W++   C+++    σ_pos     63    90%🟢    89%    2%   10%    0%   +0.1961  +0.2366   +0.45   +1.77   66    27%    38%
     W++   C+++   σ_high     26   100%🟢   100%    0%    0%    0%   +0.2154  +0.2243   +1.22   +2.06   70    12%    23%
     W++   C+++    σ_ext     15   100%🟢    93%    7%    0%    0%   +0.2147  +0.2285   +2.64   +2.38   76     0%     0%
     W++    C++    σ_low     29    69%🟢     7%   62%   10%   21%   +0.1669  +0.1354   -1.46   -0.01   45    97%    72%
     W++    C++    σ_neg     25    60%⚪    12%   48%   32%    8%   +0.1997  +0.1494   -0.27   +0.87   52    68%    64%
     W++    C++    σ_pos     62    77%🟢    76%    2%   23%    0%   +0.1932  +0.1336   +0.57   +1.67   63    42%    27%
     W++    C++   σ_high     58    88%🟢    88%    0%   12%    0%   +0.2035  +0.1250   +1.36   +2.22   67     7%     0%
     W++    C++    σ_ext     25    92%🟢    92%    0%    8%    0%   +0.1953  +0.1337   +2.61   +2.63   76     0%     4%
     W++     C+    σ_pos     28    54%⚪    32%   21%   46%    0%   +0.1748  +0.0572   +0.34   +0.95   56    57%    36%
     W++     C+   σ_high     50    82%🟢    82%    0%   18%    0%   +0.1824  +0.0406   +1.44   +1.98   65    24%     8%
     W++     C-   σ_high     35    49%⚪    43%    6%   51%    0%   +0.1958  -0.0127   +1.51   +1.41   63    26%    94%
     W++    C--   σ_high     16    50%⚪    50%    0%   50%    0%   +0.2199  -0.0935   +1.38   +0.64   58    12%    94%
     W++   C---    σ_pos     16    69%🟢    19%   50%    6%   25%   +0.1803  -0.2576   +0.65   -0.41   48    50%    69%
     W++   C---   σ_high     28    50%⚪    25%   25%   46%    4%   +0.1961  -0.2592   +1.40   -0.29   52    29%    75%
      W+   C+++   σ_deep     49    73%🟢     0%   73%    4%   22%   +0.0742  +0.2432   -2.78   -0.12   40   100%    98%
      W+   C+++    σ_low     27    56%⚪     0%   56%   37%    7%   +0.0655  +0.2592   -1.52   +0.35   47    93%    89%
      W+   C+++    σ_neg     41    59%⚪    44%   15%   41%    0%   +0.0621  +0.2452   -0.52   +1.20   57    32%    71%
      W+   C+++    σ_pos     20    80%🟢    80%    0%   20%    0%   +0.0693  +0.2098   +0.39   +1.64   64    30%    50%
      W+    C++   σ_deep     39    62%🟢     0%   62%    8%   31%   +0.0708  +0.1304   -2.47   -0.73   38   100%   100%
      W+    C++    σ_low     27    67%🟢     7%   59%   15%   19%   +0.0716  +0.1350   -1.53   -0.02   44    96%    85%
      W+    C++    σ_neg     30    50%⚪    40%   10%   43%    7%   +0.0422  +0.1378   -0.41   +1.16   56    70%    67%
      W+    C++    σ_pos     48    67%🟢    60%    6%   33%    0%   +0.0847  +0.1157   +0.39   +1.53   61    31%    48%
      W+    C++   σ_high     18    94%🟢    94%    0%    6%    0%   +0.0876  +0.1127   +1.32   +2.13   66     0%    22%
      W+     C+   σ_deep     24    42%⚪     0%   42%    0%   58%   +0.0404  +0.0627   -2.93   -1.61   35   100%   100%
      W+     C+    σ_low     22    59%⚪     0%   59%   14%   27%   +0.0349  +0.0399   -1.48   -1.07   40    95%    91%
      W+     C+    σ_neg     30    67%🟢    13%   53%   23%   10%   +0.0526  +0.0332   -0.30   +0.04   49    70%    43%
      W+     C+    σ_pos     33    58%⚪    55%    3%   42%    0%   +0.0587  +0.0431   +0.56   +1.27   59    33%    45%
      W+     C+   σ_high     45    64%🟢    64%    0%   36%    0%   +0.0740  +0.0449   +1.44   +2.09   63    11%    20%
      W+     C-    σ_neg     20    80%🟢     0%   80%    5%   15%   +0.0415  -0.0289   -0.52   -0.85   43    75%    30%
      W+     C-   σ_high     20    45%⚪    40%    5%   55%    0%   +0.0730  -0.0331   +1.48   +1.02   61    15%    75%
      W+    C--    σ_neg     17    71%🟢     6%   65%    6%   24%   +0.0452  -0.0890   -0.62   -1.30   39    82%    24%
      W+    C--   σ_high     22    41%⚪    36%    5%   59%    0%   +0.0661  -0.1037   +1.42   +0.47   58    18%    95%
      W+   C---    σ_pos     29    59%⚪    10%   48%   24%   17%   +0.0450  -0.2676   +0.59   -0.94   44    45%    45%
      W+   C---   σ_high     30    47%⚪    40%    7%   47%    7%   +0.0879  -0.2971   +1.63   -0.11   55    10%    90%
      W-   C+++   σ_deep     23    52%⚪     4%   48%    0%   48%   -0.0548  +0.2554   -2.48   -0.06   38     0%   100%
      W-   C+++    σ_low     36    64%🟢    19%   44%   19%   17%   -0.0364  +0.2785   -1.54   +0.50   47    17%    97%
      W-   C+++    σ_neg     19    53%⚪    32%   21%   47%    0%   -0.0383  +0.2780   -0.67   +1.00   56    37%    79%
      W-    C++   σ_deep     28    57%⚪     0%   57%    0%   43%   -0.0458  +0.1349   -2.58   -0.89   34     0%    96%
      W-    C++    σ_low     18    72%🟢     6%   67%   17%   11%   -0.0258  +0.1306   -1.61   -0.21   43    22%    78%
      W-     C+   σ_deep     33    64%🟢     0%   64%    0%   36%   -0.0526  +0.0518   -2.27   -1.67   36     0%   100%
      W-     C+    σ_low     29    38%🔴     0%   38%    7%   55%   -0.0528  +0.0210   -1.62   -1.30   40     7%    86%
      W-     C+    σ_neg     25    36%🔴     0%   36%   52%   12%   -0.0572  +0.0518   -0.45   +0.06   49    44%    68%
      W-     C+    σ_pos     17    24%🔴    12%   12%   76%    0%   -0.0598  +0.0327   +0.62   +1.09   59    88%    41%
      W-     C-   σ_deep     15    20%🔴     0%   20%   13%   67%   -0.0625  -0.0320   -2.42   -2.61   31    13%     0%
      W-     C-    σ_low     23    48%⚪     0%   48%    4%   48%   -0.0656  -0.0395   -1.56   -1.82   37     4%     4%
      W-    C--    σ_low     17    35%🔴     0%   35%    6%   59%   -0.0753  -0.1155   -1.28   -1.96   35    18%    24%
      W-    C--    σ_neg     28    32%🔴     0%   32%   14%   54%   -0.0453  -0.1067   -0.73   -1.44   38    21%    21%
      W-    C--    σ_pos     21    52%⚪    10%   43%   43%    5%   -0.0536  -0.1008   +0.32   -0.53   49    43%    57%
      W-    C--   σ_high     28    18%🔴    14%    4%   82%    0%   -0.0542  -0.0925   +1.36   +0.40   58   100%    75%
      W-    C--    σ_ext     16    31%🔴    31%    0%   69%    0%   -0.0515  -0.1167   +2.35   +1.04   64   100%   100%
      W-   C---    σ_neg     23    30%🔴     0%   30%    4%   65%   -0.0658  -0.2289   -0.31   -1.47   37    22%    39%
      W-   C---    σ_pos     31    39%🔴     0%   39%   16%   45%   -0.0454  -0.2746   +0.56   -0.87   45    42%    71%
      W-   C---   σ_high     28    46%⚪    32%   14%   43%   11%   -0.0522  -0.2761   +1.46   -0.26   54    93%    93%
      W-   C---    σ_ext     15    47%⚪    47%    0%   53%    0%   -0.0545  -0.2864   +2.39   +0.02   58   100%    93%
     W--   C+++   σ_deep     22    55%⚪     0%   55%    9%   36%   -0.1629  +0.2951   -2.47   -0.12   40     0%   100%
     W--   C+++    σ_low     27    44%⚪     4%   41%   33%   22%   -0.1723  +0.3262   -1.57   +0.18   46    15%    89%
     W--    C++   σ_deep     52    63%🟢     0%   63%    2%   35%   -0.1812  +0.1237   -2.52   -0.81   35     2%    96%
     W--    C++    σ_low     23    78%🟢     4%   74%   13%    9%   -0.1913  +0.1250   -1.67   -0.25   42    22%    96%
     W--     C+   σ_deep     51    59%⚪     0%   59%    6%   35%   -0.1666  +0.0404   -2.68   -1.96   31     6%   100%
     W--     C+    σ_low     41    59%⚪     0%   59%    7%   34%   -0.1905  +0.0387   -1.51   -0.93   41    22%    98%
     W--     C+    σ_neg     23    52%⚪     4%   48%   43%    4%   -0.1784  +0.0268   -0.40   -0.18   48    48%    78%
     W--     C-   σ_deep     33    30%🔴     0%   30%    3%   67%   -0.1691  -0.0182   -2.46   -2.54   31     3%     0%
     W--     C-    σ_low     37    49%⚪     3%   46%   11%   41%   -0.1712  -0.0349   -1.45   -1.67   37     8%     8%
     W--     C-    σ_neg     28    39%🔴     0%   39%   36%   25%   -0.1709  -0.0353   -0.67   -0.84   44    32%    14%
     W--     C-    σ_pos     19    21%🔴    11%   11%   74%    5%   -0.1832  -0.0334   +0.42   +0.11   55    74%    53%
     W--    C--   σ_deep     27    22%🔴     0%   22%    7%   70%   -0.1925  -0.0903   -2.26   -2.62   29     0%     0%
     W--    C--    σ_low     42    29%🔴     0%   29%    5%   67%   -0.1728  -0.1110   -1.62   -2.06   35     2%     0%
     W--    C--    σ_neg     50    38%🔴     4%   34%   16%   46%   -0.1679  -0.1166   -0.51   -1.22   42    38%    16%
     W--    C--    σ_pos     23    35%🔴     9%   26%   52%   13%   -0.1603  -0.1249   +0.54   -0.29   50    70%    61%
     W--    C--   σ_high     18    17%🔴    17%    0%   83%    0%   -0.1842  -0.1289   +1.48   +0.05   57   100%    72%
     W--   C---    σ_low     28    11%🔴     4%    7%    4%   86%   -0.1982  -0.2059   -1.37   -2.02   33    11%     0%
     W--   C---    σ_neg     40    28%🔴     0%   28%   15%   57%   -0.1995  -0.2490   -0.42   -1.56   38    30%    18%
     W--   C---    σ_pos     56    36%🔴     2%   34%   36%   29%   -0.1859  -0.2804   +0.46   -0.95   43    62%    41%
     W--   C---   σ_high     49    43%⚪    27%   16%   45%   12%   -0.1770  -0.3548   +1.43   -0.42   52    88%    78%
     W--   C---    σ_ext     22    68%🟢    59%    9%   27%    5%   -0.1631  -0.3378   +2.47   +0.20   59   100%    95%
    W---   C+++   σ_deep     36    50%⚪     0%   50%    6%   44%   -0.4627  +0.2511   -2.69   -0.45   36     0%    97%
    W---   C+++    σ_low     37    35%🔴     5%   30%   30%   35%   -0.4141  +0.2541   -1.45   -0.14   44    14%    86%
    W---    C++   σ_deep     52    63%🟢     0%   63%    2%   35%   -0.4288  +0.1149   -2.59   -1.05   35    12%   100%
    W---    C++    σ_low     26    46%⚪     0%   46%   27%   27%   -0.4020  +0.1381   -1.70   -0.35   43    23%   100%
    W---     C+   σ_deep     78    50%⚪     0%   50%    9%   41%   -0.4178  +0.0475   -2.60   -1.94   32    13%   100%
    W---     C+    σ_low     48    46%⚪     0%   46%   29%   25%   -0.4284  +0.0415   -1.59   -1.15   39    23%   100%
    W---     C+    σ_neg     18    39%🔴    17%   22%   44%   17%   -0.3935  +0.0252   -0.57   -0.30   49    67%    83%
    W---     C-   σ_deep     62    23%🔴     0%   23%   15%   63%   -0.5559  -0.0307   -2.50   -2.33   31     5%     0%
    W---     C-    σ_low     71    35%🔴     3%   32%   18%   46%   -0.4593  -0.0367   -1.54   -1.69   36    13%     6%
    W---     C-    σ_neg     26    27%🔴     4%   23%   58%   15%   -0.4097  -0.0406   -0.49   -0.70   47    65%    31%
    W---    C--   σ_deep     93    10%🔴     0%   10%   13%   77%   -0.5542  -0.1042   -2.44   -2.55   28     2%     1%
    W---    C--    σ_low    100    32%🔴     1%   31%   19%   49%   -0.4468  -0.1103   -1.47   -1.93   35    27%     1%
    W---    C--    σ_neg     56    27%🔴     7%   20%   45%   29%   -0.4396  -0.1204   -0.67   -1.16   43    68%     9%
    W---    C--    σ_pos     19    26%🔴    11%   16%   74%    0%   -0.3517  -0.1282   +0.25   -0.42   52    84%    47%
    W---   C---   σ_deep    123     8%🔴     1%    7%   16%   76%   -0.7411  -0.2467   -2.50   -2.35   26     2%     0%
    W---   C---    σ_low    228    21%🔴     4%   17%   24%   55%   -0.7623  -0.3254   -1.40   -1.87   32    12%     1%
    W---   C---    σ_neg    249    32%🔴     7%   25%   29%   40%   -0.5786  -0.3463   -0.50   -1.46   39    51%    10%
    W---   C---    σ_pos    254    38%🔴    17%   21%   41%   21%   -0.5543  -0.4604   +0.51   -0.98   45    76%    26%
    W---   C---   σ_high    115    57%⚪    34%   23%   35%    8%   -0.5123  -0.6518   +1.42   -0.71   49    90%    69%
    W---   C---    σ_ext     44    70%🟢    55%   16%   27%    2%   -0.4210  -0.5697   +2.35   -0.28   57   100%    98%

  Total celdas con N>=15: 117

==================================================================================================================================
  2. CONFIGURACIONES EXTREMAS — Top bull y Top bear
==================================================================================================================================

  ── TOP 15 MÁS BULL (probabilidad de HH/HL) ──
                          Config     N  Bull%   HH%   HL%   LH%   LL%      σC  RSI
                 W++/C+++/σ_high    26   100%  100%    0%    0%    0%   +1.22   70
                 W+++/C+++/σ_ext    56    98%   95%    4%    2%    0%   +2.54   78
                  W+++/C++/σ_ext    27    96%   93%    4%    4%    0%   +2.36   74
                   W++/C++/σ_ext    25    92%   92%    0%    8%    0%   +2.61   76
                W+++/C+++/σ_high   152    91%   84%    7%    7%    1%   +1.40   72
                   W+++/C+/σ_ext    34    91%   82%    9%    9%    0%   +2.37   72
                  W++/C+++/σ_pos    63    90%   89%    2%   10%    0%   +0.45   66
                 W+++/C++/σ_high    73    90%   88%    3%   10%    0%   +1.45   68
                  W++/C++/σ_high    58    88%   88%    0%   12%    0%   +1.36   67
                 W+++/C+++/σ_pos   203    85%   64%   22%   11%    3%   +0.60   65
                  W+++/C+/σ_high    50    82%   80%    2%   18%    0%   +1.57   67
                   W++/C+/σ_high    50    82%   82%    0%   18%    0%   +1.44   65
                   W+/C+++/σ_pos    20    80%   80%    0%   20%    0%   +0.39   64
                     W+/C-/σ_neg    20    80%    0%   80%    5%   15%   -0.52   43
                   W--/C++/σ_low    23    78%    4%   74%   13%    9%   -1.67   42

  ── TOP 15 MÁS BEAR (probabilidad de LH/LL) ──
                          Config     N  Bull%   HH%   HL%   LH%   LL%      σC  RSI
                  W---/C--/σ_low   100    32%    1%   31%   19%   49%   -1.47   35
                 W---/C---/σ_neg   249    32%    7%   25%   29%   40%   -0.50   39
                   W-/C---/σ_neg    23    30%    0%   30%    4%   65%   -0.31   37
                   W--/C-/σ_deep    33    30%    0%   30%    3%   67%   -2.46   31
                   W--/C--/σ_low    42    29%    0%   29%    5%   67%   -1.62   35
                  W--/C---/σ_neg    40    28%    0%   28%   15%   57%   -0.42   38
                   W---/C-/σ_neg    26    27%    4%   23%   58%   15%   -0.49   47
                  W---/C--/σ_neg    56    27%    7%   20%   45%   29%   -0.67   43
                  W---/C-/σ_deep    62    23%    0%   23%   15%   63%   -2.50   31
                  W--/C--/σ_deep    27    22%    0%   22%    7%   70%   -2.26   29
                 W---/C---/σ_low   228    21%    4%   17%   24%   55%   -1.40   32
                   W-/C--/σ_high    28    18%   14%    4%   82%    0%   +1.36   58
                  W--/C---/σ_low    28    11%    4%    7%    4%   86%   -1.37   33
                 W---/C--/σ_deep    93    10%    0%   10%   13%   77%   -2.44   28
                W---/C---/σ_deep   123     8%    1%    7%   16%   76%   -2.50   26

==================================================================================================================================
  3. NARRATIVA DEL SISTEMA — cómo se lee cada configuración
==================================================================================================================================

                W+++/C+++/σ_high → EUFORIA CONFIRMADA
    N= 152  Bull=91%  HH=84% HL=7% LH=7% LL=1%
    W_slope=+0.5383  C_slope=+0.3379  T_slope=+0.0733
    σC=+1.403  σW=+0.741  σVC=+2.065  RSI=72
    W_accel_opuesta=24%  C_accel_opuesta=8%
    tension=-0.962

                 W+++/C+++/σ_pos → RALLY EN CURSO
    N= 203  Bull=85%  HH=64% HL=22% LH=11% LL=3%
    W_slope=+0.4689  C_slope=+0.3347  T_slope=+0.0632
    σC=+0.597  σW=-0.267  σVC=+1.713  RSI=65
    W_accel_opuesta=45%  C_accel_opuesta=20%
    tension=-1.558

                 W---/C+++/σ_pos → PULLBACK EN TENDENCIA — Wave frena pero Current resiste — N=3 (insuficiente)

                 W---/C+++/σ_neg → CORRECCIÓN INCIPIENTE — Wave cayó y precio bajo el canal de C
    N=  12  Bull=42%  HH=8% HL=33% LH=58% LL=0%
    W_slope=-0.4292  C_slope=+0.2671  T_slope=+0.3226
    σC=-0.754  σW=+0.791  σVC=+0.352  RSI=52
    W_accel_opuesta=42%  C_accel_opuesta=92%
    tension=+0.958

                 W+++/C---/σ_low → REBOTE TÉCNICO — Wave subió pero Current aún en colapso — N=0 (insuficiente)

                W+++/C---/σ_deep → REBOTE DESDE EL FONDO — ¿giro real o trampa? — N=0 (insuficiente)

                W---/C---/σ_deep → CAPITULACIÓN — todo abajo, ¿hay suelo?
    N= 123  Bull=8%  HH=1% HL=7% LH=16% LL=76%
    W_slope=-0.7411  C_slope=-0.2467  T_slope=+0.0008
    σC=-2.498  σW=-1.622  σVC=-2.352  RSI=26
    W_accel_opuesta=2%  C_accel_opuesta=0%
    tension=+0.315

                 W---/C---/σ_low → CAÍDA EN CURSO — sin freno
    N= 228  Bull=21%  HH=4% HL=17% LH=24% LL=55%
    W_slope=-0.7623  C_slope=-0.3254  T_slope=-0.0428
    σC=-1.397  σW=-0.549  σVC=-1.870  RSI=32
    W_accel_opuesta=12%  C_accel_opuesta=1%
    tension=+0.985

                     W+/C+/σ_neg → INDETERMINACIÓN — todo débil, sin narrativa clara
    N=  30  Bull=67%  HH=13% HL=53% LH=23% LL=10%
    W_slope=+0.0526  C_slope=+0.0332  T_slope=+0.0896
    σC=-0.299  σW=-0.458  σVC=+0.036  RSI=49
    W_accel_opuesta=70%  C_accel_opuesta=43%
    tension=-0.342

                     W-/C-/σ_neg → INDETERMINACIÓN NEGATIVA — débil en ambos
    N=   8  Bull=62%  HH=12% HL=50% LH=12% LL=25%
    W_slope=-0.0565  C_slope=-0.0391  T_slope=+0.0911
    σC=-0.528  σW=-0.359  σVC=-0.969  RSI=45
    W_accel_opuesta=50%  C_accel_opuesta=12%
    tension=+0.391

                  W---/C++/σ_neg → DIVERGENCIA — Wave crasheó pero Current aún positiva
    N=  12  Bull=17%  HH=8% HL=8% LH=83% LL=0%
    W_slope=-0.3807  C_slope=+0.1260  T_slope=+0.0277
    σC=-0.569  σW=+1.278  σVC=+0.392  RSI=52
    W_accel_opuesta=42%  C_accel_opuesta=75%
    tension=+1.299

                 W+++/C--/σ_high → DIVERGENCIA INVERSA — Wave eufórica pero Current negativa
    N=  31  Bull=65%  HH=48% HL=16% LH=29% LL=6%
    W_slope=+0.4753  C_slope=-0.1097  T_slope=-0.0092
    σC=+1.573  σW=+0.027  σVC=+0.725  RSI=59
    W_accel_opuesta=39%  C_accel_opuesta=97%
    tension=-1.360

==================================================================================================================================
  4. TRANSICIONES DE SISTEMA COMPLETO — t-1 → t0 entre pivotes consecutivos
==================================================================================================================================
          FROM →           TO      N  Bull%
     W---/C--- →    W---/C---    737   40%🔴
     W+++/C+++ →    W+++/C+++    377   68%🟢
     W+++/C+++ →     W++/C+++     98   64%🟢
      W---/C-- →    W---/C---     76   29%🔴
     W---/C--- →     W--/C---     75   49%⚪
      W---/C-- →     W---/C--     70   29%🔴
      W++/C+++ →     W++/C+++     67   67%🟢
     W+++/C--- →    W+++/C---     62   71%🟢
      W--/C--- →     W--/C---     54   33%🔴
      W++/C+++ →      W+/C+++     45   58%⚪
      W--/C--- →    W---/C---     42   12%🔴
     W+++/C+++ →      W+/C+++     40   78%🟢
       W---/C- →     W---/C--     37    8%🔴
     W---/C+++ →    W---/C+++     33   36%🔴
       W++/C++ →      W++/C++     33   70%🟢
     W---/C--- →      W+/C---     33   61%🟢
      W+++/C++ →    W+++/C+++     32   84%🟢
     W---/C--- →      W-/C---     31   58%⚪
      W++/C+++ →    W+++/C+++     31  100%🟢
       W---/C- →      W---/C-     30   13%🔴
       W--/C-- →      W--/C--     29   38%🔴
        W+/C++ →       W+/C++     27   52%⚪
       W++/C++ →       W+/C++     27   41%⚪
     W---/C--- →    W+++/C---     26   81%🟢
       W---/C+ →      W---/C-     24   25%🔴
