<string>:8: UserWarning: pandas only supports SQLAlchemy connectable (engine/connection) or database string URI or sqlite3 DBAPI2 connection. Other DBAPI2 objects are not tested. Please consider using SQLAlchemy.
<string>:14: UserWarning: pandas only supports SQLAlchemy connectable (engine/connection) or database string URI or sqlite3 DBAPI2 connection. Other DBAPI2 objects are not tested. Please consider using SQLAlchemy.
╔══════════════════════════════════════════════════════════════════════════════════════════════════════════════════════════════════╗
║  TRANSICIONES DE ESTADO: Dado un estado, ¿hacia dónde se dirige?                                                     ║
╚══════════════════════════════════════════════════════════════════════════════════════════════════════════════════════════════════╝

==================================================================================================================================
  1. TRANSICIONES W×C×σ ENTRE PIVOTES CONSECUTIVOS (zigzag 5%)
==================================================================================================================================

  Para cada estado FROM (W×C), los 5 destinos más probables:
          FROM          → TO P(trans)     N  Bull%                       Narrativa
  ----------------------------------------------------------------------------------------------------
     W---/C---     W---/C---      73%   737   40%🔴                           W= C=
                    W--/C---       7%    75   49%⚪                           W↓ C=

     W+++/C+++     W+++/C+++      56%   377   68%🟢                           W= C=
                    W++/C+++      15%    98   64%🟢                           W↓ C=
                     W+/C+++       6%    40   78%🟢                           W↓ C=

      W++/C+++      W++/C+++      23%    67   67%🟢                           W= C=
                     W+/C+++      16%    45   58%⚪                           W↓ C=
                   W+++/C+++      11%    31  100%🟢                           W↑ C=
                      W+/C++       8%    23   70%🟢                           W↓ C↓
                     W--/C++       5%    15   53%⚪                           W↑ C↓

      W---/C--     W---/C---      28%    76   29%🔴                           W= C↑
                    W---/C--      26%    70   29%🔴                           W= C=

       W++/C++       W++/C++      16%    33   70%🟢                           W= C=
                      W+/C++      13%    27   41%⚪                           W↓ C=
                      W-/C++       7%    14   79%🟢                           W↑ C=
                    W++/C+++       6%    13   92%🟢                           W= C↑
                     W---/C+       6%    13   69%🟢                           W↑ C↓

      W--/C---      W--/C---      27%    54   33%🔴                           W= C=
                   W---/C---      21%    42   12%🔴                           W↑ C=
                     W-/C---      10%    20   30%🔴                           W↓ C=
                     W+/C---       8%    17   53%⚪                           W↓ C=

         W+/C+         W+/C+      13%    21   43%⚪                           W= C=
                       W-/C+       9%    15   40%⚪                           W↑ C=
                      W--/C+       8%    13   46%⚪                           W↑ C=
                      W--/C-       7%    11   18%🔴                           W↑ C↑
                     W--/C--       7%    11   45%⚪                           W↑ C↑

      W+++/C++     W+++/C+++      19%    32   84%🟢                           W= C↑
                    W+++/C++      14%    23   43%⚪                           W= C=
                     W---/C+      10%    16   75%🟢                           W↑ C↓
                    W---/C++       7%    12   75%🟢                           W↑ C=
                     W++/C++       7%    11   36%🔴                           W↓ C=

       W---/C-      W---/C--      23%    37    8%🔴                           W= C↑
                     W---/C-      18%    30   13%🔴                           W= C=
                   W---/C---      12%    20    5%🔴                           W= C↑
                    W+++/C++       5%     9  100%🟢                           W↓ C↓

        W+/C++        W+/C++      16%    27   52%⚪                           W= C=
                       W+/C+      10%    16   44%⚪                           W= C↓
                     W++/C++       9%    15   80%🟢                           W↑ C=
                      W--/C+       9%    15   60%⚪                           W↑ C↓
                       W-/C+       9%    15   27%🔴                           W↑ C↓

       W--/C--       W--/C--      18%    29   38%🔴                           W= C=
                      W-/C--      10%    16   19%🔴                           W↓ C=
                   W---/C---       8%    12    0%🔴                           W↑ C↑
                    W---/C--       8%    12   25%🔴                           W↑ C=
                    W--/C---       6%    10   10%🔴                           W= C↑

       W---/C+       W---/C-      16%    24   25%🔴                           W= C↑
                     W---/C+      12%    17   24%🔴                           W= C=
                     W+++/C+      10%    14   64%🟢                           W↓ C=
                    W---/C--       9%    13   15%🔴                           W= C↑
                      W++/C+       6%     9   89%🟢                           W↓ C=

       W+/C+++       W+/C+++      15%    21   52%⚪                           W= C=
                     W-/C+++      14%    20   55%⚪                           W↑ C=
                   W+++/C+++      12%    17  100%🟢                           W↑ C=
                    W++/C+++       7%    10   90%🟢                           W↑ C=
                      W+/C++       7%    10   90%🟢                           W= C↓

        W--/C+        W--/C+      11%    15   40%⚪                           W= C=
                   W+++/C+++       9%    12  100%🟢                           W↓ C↑
                       W-/C+       8%    11   36%🔴                           W↓ C=
                       W+/C-       7%     9   67%🟢                           W↓ C↑
                    W+++/C++       7%     9   89%🟢                           W↓ C↑

       W+++/C+     W+++/C+++      15%    19   95%🟢                           W= C↑
                     W+++/C+      14%    18   56%⚪                           W= C=
                    W+++/C++      14%    18   78%🟢                           W= C↑
                     W---/C+      10%    13   62%🟢                           W↑ C=
                     W---/C-       5%     7   57%⚪                           W↑ C↑

        W--/C-        W--/C-      16%    20   20%🔴                           W= C=
                     W--/C--      11%    14   14%🔴                           W= C↑
                    W---/C--       8%    10   30%🔴                           W↑ C↑
                       W+/C+       6%     7   43%⚪                           W↓ C↓
                     W---/C-       6%     7    0%🔴                           W↑ C=

     W+++/C---     W+++/C---      50%    62   71%🟢                           W= C=
                    W+++/C--       8%    10   70%🟢                           W= C↓
                   W---/C---       7%     9   22%🔴                           W↑ C=

        W-/C--        W-/C--      19%    23   39%🔴                           W= C=
                       W+/C-       8%     9   44%⚪                           W↓ C↓
                     W--/C--       8%     9   22%🔴                           W↑ C=
                   W+++/C+++       7%     8  100%🟢                           W↓ C↓
                      W+/C--       7%     8   25%🔴                           W↓ C=

         W-/C+         W-/C+      15%    17   59%⚪                           W= C=
                   W+++/C+++      12%    14  100%🟢                           W↓ C↑
                      W--/C-      10%    11    0%🔴                           W↑ C↑
                      W--/C+       8%     9   56%⚪                           W↑ C=
                       W+/C+       7%     8   75%🟢                           W↓ C=

        W++/C+       W++/C++      12%    13   85%🟢                           W= C↑
                       W+/C+      11%    12   58%⚪                           W↓ C=
                      W++/C+       9%    10   90%🟢                           W= C=
                      W--/C+       7%     8   75%🟢                           W↑ C=
                    W---/C--       7%     8   25%🔴                           W↑ C↑


==================================================================================================================================
  2. ACELERACIÓN COMO PREDICTOR DE TRANSICIÓN
==================================================================================================================================
  ¿La aceleración (Wa/Ca) en t predice la transición?

  ── FROM W+++/C+++ (N=675) ──
    Wa+/Ca+: N= 101 Bull= 76%🟢  → W+++/C+++(85), W++/C+++(9), W++/C++(2)
    Wa+/Ca-: N=  57 Bull= 67%🟢  → W+++/C+++(30), W++/C+++(7), W+/C+++(5)
    Wa-/Ca+: N= 114 Bull= 73%🟢  → W+++/C+++(100), W++/C+++(12), W+/C++(1)
    Wa-/Ca-: N= 403 Bull= 62%🟢  → W+++/C+++(162), W++/C+++(70), W+/C+++(33)

  ── FROM W---/C--- (N=1,012) ──
    Wa+/Ca+: N= 334 Bull= 63%🟢  → W---/C---(148), W--/C---(43), W-/C---(24)
    Wa+/Ca-: N= 308 Bull= 44%⚪  → W---/C---(268), W--/C---(20), W+/C---(6)
    Wa-/Ca+: N=  61 Bull= 49%⚪  → W---/C---(29), W+/C---(4), W--/C---(4)
    Wa-/Ca-: N= 309 Bull= 27%🔴  → W---/C---(292), W--/C---(8), W+/C---(2)

  ── FROM W+++/C--- (N=123) ──
    Wa+/Ca+: N=  49 Bull= 76%🟢  → W+++/C---(33), W+++/C--(6), W--/C---(2)
    Wa-/Ca+: N=  54 Bull= 54%⚪  → W+++/C---(24), W+++/C--(4), W---/C---(4)

  ── FROM W---/C+++ (N=88) ──
    Wa+/Ca-: N=  32 Bull= 41%⚪  → W---/C+++(9), W---/C++(5), W+/C+++(2)
    Wa-/Ca-: N=  39 Bull= 23%🔴  → W---/C+++(22), W---/C++(4), W---/C+(3)

  ── FROM W++/C++ (N=206) ──
    Wa+/Ca+: N=  25 Bull= 84%🟢  → W++/C++(7), W++/C+++(4), W+++/C+++(4)
    Wa+/Ca-: N=  22 Bull= 73%🟢  → W++/C++(4), W---/C--(4), W---/C---(3)
    Wa-/Ca+: N=  22 Bull= 59%⚪  → W++/C++(6), W+++/C+++(4), W+/C++(3)
    Wa-/Ca-: N= 137 Bull= 57%⚪  → W+/C++(21), W++/C++(16), W---/C+(12)

  ── FROM W--/C-- (N=160) ──
    Wa+/Ca+: N=  71 Bull= 61%🟢  → W-/C--(9), W--/C--(8), W+++/C++(5)
    Wa+/Ca-: N=  23 Bull= 39%🔴  → W--/C--(6), W++/C+(3), W---/C---(3)
    Wa-/Ca+: N=  22 Bull= 50%⚪  → W--/C--(5), W+++/C+++(3), W+++/C+(2)
    Wa-/Ca-: N=  44 Bull= 32%🔴  → W--/C--(10), W---/C--(8), W---/C---(8)

  ── FROM W+/C+ (N=167) ──
    Wa+/Ca+: N=  42 Bull= 64%🟢  → W++/C++(7), W+/C+(5), W+++/C+++(5)
    Wa-/Ca-: N= 100 Bull= 45%⚪  → W-/C+(12), W--/C-(10), W--/C+(9)

  ── FROM W-/C- (N=79) ──
    Wa+/Ca+: N=  20 Bull= 65%🟢  → W-/C-(5), W+/C+(3), W+++/C++(3)
    Wa-/Ca-: N=  40 Bull= 32%🔴  → W-/C-(10), W--/C-(8), W--/C--(7)

==================================================================================================================================
  3. TRANSICIONES DIARIAS W×C (bar a bar) — La mecánica del movimiento
==================================================================================================================================

  Total transiciones diarias: 91,235
  % que se quedan en el mismo estado: 76%

  Probabilidad de PERMANECER en el estado (inercia diaria):
        Estado       N  P(stay)   Vida media
     W+++/C+++   8,536      93%        9.6d
     W---/C---   5,287      93%        9.0d
     W+++/C---   1,074      84%        3.9d
      W++/C+++   5,201      81%        3.4d
      W+++/C++   3,375      80%        3.1d
      W---/C--   2,447      80%        3.1d
       W++/C++   5,345      79%        2.9d
       W+++/C+   2,792      78%        2.9d
     W---/C+++     598      78%        2.9d
        W+/C++   4,951      77%        2.6d
         W+/C+   4,662      76%        2.5d
       W--/C--   2,694      76%        2.5d
      W+++/C--   1,235      76%        2.5d
      W---/C++   1,100      75%        2.4d
       W---/C+   1,673      74%        2.4d
      W--/C---   2,241      74%        2.3d
        W++/C+   3,663      73%        2.2d
       W---/C-   1,567      72%        2.1d
       W+/C+++   2,859      72%        2.1d
        W--/C-   2,163      71%        2.1d
         W-/C+   3,383      71%        2.0d
        W--/C+   2,611      70%        2.0d
       W+++/C-   1,337      69%        1.9d
        W-/C--   1,968      69%        1.9d
         W+/C-   2,380      68%        1.8d
         W-/C-   2,095      68%        1.8d
        W+/C--   1,888      68%        1.8d
        W-/C++   2,284      65%        1.6d
       W--/C++   1,702      65%        1.6d
        W++/C-   1,793      65%        1.6d
      W--/C+++     873      64%        1.5d
       W-/C+++   1,280      61%        1.4d
       W-/C---   1,300      61%        1.4d
       W+/C---   1,074      61%        1.4d
       W++/C--   1,101      60%        1.3d
      W++/C---     703      56%        1.2d

==================================================================================================================================
  4. TRANSICIONES DE σ DENTRO DE CADA CUADRANTE W×C
==================================================================================================================================

  ── σ transitions en W+++/C+++ (N=8,536) ──
       FROM↓/TO→    deep     low     neg     pos    high     ext
            deep    67%⬛    31%⬛     2%                      
             low    18%▪    58%⬛    21%▪     2%      0%      0% 
             neg     2%     21%▪    61%⬛    15%▪     1%      0% 
             pos     0%      2%     22%▪    63%⬛    12%▪     1% 
            high     0%      0%      2%     32%⬛    58%⬛     7% 
             ext     0%             1%      5%     43%⬛    52%⬛

  ── σ transitions en W---/C--- (N=5,287) ──
       FROM↓/TO→    deep     low     neg     pos    high     ext
            deep    55%⬛    39%⬛     6%      1%               
             low     7%     55%⬛    33%⬛     5%      0%      0% 
             neg     1%     10%▪    60%⬛    27%▪     2%      0% 
             pos            1%     14%▪    66%⬛    19%▪     1% 
            high            0%      1%     15%▪    70%⬛    14%▪
             ext                          2%     31%⬛    66%⬛

  ── σ transitions en W++/C++ (N=5,345) ──
       FROM↓/TO→    deep     low     neg     pos    high     ext
            deep    61%⬛    33%⬛     7%                      
             low    13%▪    58%⬛    28%▪     1%               
             neg     3%     17%▪    61%⬛    18%▪     1%      0% 
             pos     0%      2%     20%▪    64%⬛    14%▪     1% 
            high     0%      0%      2%     32%⬛    59%⬛     7% 
             ext                   0%      3%     35%⬛    61%⬛

  ── σ transitions en W--/C-- (N=2,694) ──
       FROM↓/TO→    deep     low     neg     pos    high     ext
            deep    52%⬛    42%⬛     5%             1%        
             low    10%     53%⬛    34%⬛     3%               
             neg     1%     13%▪    58%⬛    26%▪     2%      0% 
             pos     0%      1%     16%▪    61%⬛    19%▪     2% 
            high     0%             1%     25%▪    63%⬛    11%▪
             ext            1%                   31%⬛    68%⬛
