<string>:8: UserWarning: pandas only supports SQLAlchemy connectable (engine/connection) or database string URI or sqlite3 DBAPI2 connection. Other DBAPI2 objects are not tested. Please consider using SQLAlchemy.
Flow vectors: 91,167

══════════════════════════════════════════════════════════════════════════════════════════════════════════════
  CAMPO DE FLUJO LANGEVIN — σVWAP_current
  ¿Cómo se mueve el VOLUMEN PONDERADO respecto al canal Current?
══════════════════════════════════════════════════════════════════════════════════════════════════════════════

══════════════════════════════════════════════════════════════════════════════════════════════════════════════
  σVWAP × σPrice DRIFT — ALL (N=89,472)
  Flechas: hacia dónde se mueve σVWAP mañana
══════════════════════════════════════════════════════════════════════════════════════════════════════════════

  σ_price →     -2.8  -1.8  -0.8  +0.2  +1.2  +2.2
  σV=+3.8 │    ·     ·     ·     ·     ·     · 
  σV=+3.2 │    ·     ·     ·     ·     ·  !!↓! 
  σV=+2.8 │    ·     ·     ·     ·  **↓*  !!↓! 
  σV=+2.2 │    ·     ·     ·   ↓    **↓*  !!↓! 
  σV=+1.8 │    ·     ·  **↓*  **↓*   ↓     ↓   
  σV=+1.2 │ **↓*   ↓     ↓     •     •     ↓   
  σV=+0.8 │  •     •     ↓     •     ↑     •   
  σV=+0.2 │  •     •     •     ↑     ↑     ↑   
  σV=-0.2 │  •     •     •     ↑     ↑     ↑   
  σV=-0.8 │  ↑     •     ↑     ↑     ↑     •   
  σV=-1.2 │  ↑     ↑    **↑*   ↑    **↑*     · 
  σV=-1.8 │  ↑    !!↑!  **↑*  **↑*     ·     · 
  σV=-2.2 │ !!↑!  !!↑!   ↓       ·     ·     · 
  σV=-2.8 │ !!↑!  !!↑!     ·     ·     ·     · 
  σV=-3.2 │ !!↑!     ·     ·     ·     ·     · 
  σV=-3.8 │    ·     ·     ·     ·     ·     · 
             └── σ_price (current) →

══════════════════════════════════════════════════════════════════════════════════════════════════════════════
  σVWAP × σPrice DRIFT — T+++ (N=21,943)
  Flechas: hacia dónde se mueve σVWAP mañana
══════════════════════════════════════════════════════════════════════════════════════════════════════════════

  σ_price →     -2.8  -1.8  -0.8  +0.2  +1.2  +2.2
  σV=+3.8 │    ·     ·     ·     ·     ·     · 
  σV=+3.2 │    ·     ·     ·     ·     ·     · 
  σV=+2.8 │    ·     ·     ·     ·     ·  !!↓! 
  σV=+2.2 │    ·     ·     ·     ·  **↓*  **↓* 
  σV=+1.8 │    ·     ·  **↓*   ↓    **↓*  **↓* 
  σV=+1.2 │    ·  **↓*   •     ↓     ↑     •   
  σV=+0.8 │  ↓     ↓     ↓     •     ↑     ↓   
  σV=+0.2 │  •     •     •     •     ↑     •   
  σV=-0.2 │  ↑     •     •     ↓     ↑    **↑* 
  σV=-0.8 │  ↑     •    **↑*   •    **↑*     · 
  σV=-1.2 │ !!↑!   •    **↑*   ↑       ·     · 
  σV=-1.8 │ !!↑!  **↑*  !!↑!     ·     ·     · 
  σV=-2.2 │ !!↑!  !!↑!     ·     ·     ·     · 
  σV=-2.8 │ !!↑!     ·     ·     ·     ·     · 
  σV=-3.2 │    ·     ·     ·     ·     ·     · 
  σV=-3.8 │    ·     ·     ·     ·     ·     · 
             └── σ_price (current) →

══════════════════════════════════════════════════════════════════════════════════════════════════════════════
  σVWAP × σPrice DRIFT — T--- (N=8,461)
  Flechas: hacia dónde se mueve σVWAP mañana
══════════════════════════════════════════════════════════════════════════════════════════════════════════════

  σ_price →     -2.8  -1.8  -0.8  +0.2  +1.2  +2.2
  σV=+3.8 │    ·     ·     ·     ·     ·     · 
  σV=+3.2 │    ·     ·     ·     ·     ·     · 
  σV=+2.8 │    ·     ·     ·     ·     ·  !!↓! 
  σV=+2.2 │    ·     ·     ·     ·  **↓*  !!↓! 
  σV=+1.8 │    ·     ·     ·   ↓    **↓*  **↓* 
  σV=+1.2 │    ·     ·  **↓*   ↓     •     •   
  σV=+0.8 │    ·   •    **↓*   •     ↑    **↑* 
  σV=+0.2 │    ·  **↓*   •    **↑*  **↑*  **↑* 
  σV=-0.2 │    ·   ↑     ↓    **↑*   ↑     •   
  σV=-0.8 │    ·  **↓*   ↑     •    **↑*     · 
  σV=-1.2 │    ·  **↑*   •     ↑     ↑       · 
  σV=-1.8 │    ·  !!↑!   ↑       ·     ·     · 
  σV=-2.2 │    ·  !!↑!     ·     ·     ·     · 
  σV=-2.8 │    ·     ·     ·     ·     ·     · 
  σV=-3.2 │    ·     ·     ·     ·     ·     · 
  σV=-3.8 │    ·     ·     ·     ·     ·     · 
             └── σ_price (current) →

══════════════════════════════════════════════════════════════════════════════════════════════════════════════
  POTENCIAL EFECTIVO V(σVWAP_current) — computado del drift
══════════════════════════════════════════════════════════════════════════════════════════════════════════════

  ── ALL ──
    σVWAP  F(σV)=drift  V(σV)=-∫F      N   5d drift            Pozo
    -3.88          ---        ---    ---
    -3.62          ---        ---    ---
    -3.38          ---        ---    ---
    -3.12     +0.44949    -0.1124     66   +1.21287 ▓▓ ← POZO BULL
    -2.88     +0.30440    -0.1885    184   +1.06775 ▓▓▓ ← POZO BULL
    -2.62     +0.26554    -0.2549    435   +0.99820 ▓▓▓▓▓ ← POZO BULL
    -2.38     +0.20283    -0.3056    817   +0.81369 ▓▓▓▓▓▓ ← POZO BULL
    -2.12     +0.16236    -0.3462   1377   +0.65625 ▓▓▓▓▓▓ ← POZO BULL
    -1.88     +0.12129    -0.3765   2073   +0.54513 ▓▓▓▓▓▓▓ ← POZO BULL
    -1.62     +0.06353    -0.3924   2764   +0.41772 ▓▓▓▓▓▓▓ ← POZO BULL
    -1.38     +0.06459    -0.4085   3395   +0.31251 ▓▓▓▓▓▓▓▓ ← POZO BULL
    -1.12     +0.03104    -0.4163   4059   +0.23411 ▓▓▓▓▓▓▓▓ ← POZO BULL
    -0.88     +0.03013    -0.4238   4236   +0.19578 ▓▓▓▓▓▓▓▓ ← POZO BULL
    -0.62     +0.01835    -0.4284   4496   +0.15329 ▓▓▓▓▓▓▓▓ ← POZO BULL
    -0.38     +0.00389    -0.4294   4351   +0.09846 ▓▓▓▓▓▓▓▓ ← POZO BULL
    -0.12     +0.02410    -0.4354   4368   +0.07912 ▓▓▓▓▓▓▓▓ ← POZO BULL
    +0.12     +0.01886    -0.4401   4582   +0.07292 ▓▓▓▓▓▓▓▓ ← POZO BULL
    +0.38     +0.00111    -0.4404   4977   +0.02894 ▓▓▓▓▓▓▓▓ ← POZO BULL
    +0.62     -0.00190    -0.4399   5442   -0.01351 ▓▓▓▓▓▓▓▓ ← POZO BULL
    +0.88     -0.00723    -0.4381   6020   -0.06004 ▓▓▓▓▓▓▓▓ ← POZO BULL
    +1.12     -0.01145    -0.4352   6724   -0.08717 ▓▓▓▓▓▓▓▓ ← POZO BULL
    +1.38     -0.02947    -0.4279   7174   -0.16176 ▓▓▓▓▓▓▓▓ ← POZO BULL
    +1.62     -0.03896    -0.4181   7097   -0.21731 ▓▓▓▓▓▓▓▓ ← POZO BULL
    +1.88     -0.05853    -0.4035   6076   -0.30281 ▓▓▓▓▓▓▓▓ ← POZO BULL
    +2.12     -0.08295    -0.3828   4177   -0.38884 ▓▓▓▓▓▓▓ ← POZO BULL
    +2.38     -0.10808    -0.3557   2506   -0.47639 ▓▓▓▓▓▓▓ ← POZO BULL
    +2.62     -0.14639    -0.3191   1265   -0.59489 ▓▓▓▓▓▓ ← POZO BULL
    +2.88     -0.23173    -0.2612    566   -0.76450 ▓▓▓▓▓ ← POZO BULL
    +3.12     -0.33364    -0.1778    178   -0.95841 ▓▓▓ ← POZO BULL
    +3.38          ---        ---    ---
    +3.62          ---        ---    ---
    +3.88          ---        ---    ---

  ── T+++ ──
    σVWAP  F(σV)=drift  V(σV)=-∫F      N   5d drift            Pozo
    -3.88          ---        ---    ---
    -3.62          ---        ---    ---
    -3.38          ---        ---    ---
    -3.12          ---        ---    ---
    -2.88          ---        ---    ---
    -2.62     +0.26368    -0.0659     71   +0.96377 ▓ ← POZO BULL
    -2.38     +0.27002    -0.1334    135   +0.89592 ▓▓ ← POZO BULL
    -2.12     +0.17109    -0.1762    235   +0.66952 ▓▓▓ ← POZO BULL
    -1.88     +0.14185    -0.2117    361   +0.60900 ▓▓▓▓ ← POZO BULL
    -1.62     +0.08449    -0.2328    574   +0.44496 ▓▓▓▓ ← POZO BULL
    -1.38     +0.08195    -0.2533    649   +0.30648 ▓▓▓▓▓ ← POZO BULL
    -1.12     +0.01081    -0.2560    744   +0.25818 ▓▓▓▓▓ ← POZO BULL
    -0.88     +0.02347    -0.2618    782   +0.20915 ▓▓▓▓▓ ← POZO BULL
    -0.62     +0.02030    -0.2669    906   +0.16142 ▓▓▓▓▓ ← POZO BULL
    -0.38     +0.01463    -0.2706    936   +0.09782 ▓▓▓▓▓ ← POZO BULL
    -0.12     +0.00708    -0.2723    955   +0.01845 ▓▓▓▓▓ ← POZO BULL
    +0.12     -0.00760    -0.2704   1055   +0.00879 ▓▓▓▓▓ ← POZO BULL
    +0.38     -0.02388    -0.2645   1211   -0.03789 ▓▓▓▓▓ ← POZO BULL
    +0.62     -0.02705    -0.2577   1475   -0.06186 ▓▓▓▓▓ ← POZO BULL
    +0.88     -0.00119    -0.2574   1649   -0.08582 ▓▓▓▓▓ ← POZO BULL
    +1.12     -0.01987    -0.2525   1882   -0.10695 ▓▓▓▓▓ ← POZO BULL
    +1.38     -0.03800    -0.2429   2114   -0.18927 ▓▓▓▓ ← POZO BULL
    +1.62     -0.04016    -0.2329   2071   -0.20221 ▓▓▓▓ ← POZO BULL
    +1.88     -0.06267    -0.2172   1707   -0.30214 ▓▓▓▓ ← POZO BULL
    +2.12     -0.07441    -0.1986   1125   -0.39082 ▓▓▓ ← POZO BULL
    +2.38     -0.10281    -0.1729    649   -0.48854 ▓▓▓ ← POZO BULL
    +2.62     -0.15820    -0.1334    398   -0.64424 ▓▓ ← POZO BULL
    +2.88     -0.22448    -0.0773    156   -0.79629 ▓ ← POZO BULL
    +3.12          ---        ---    ---
    +3.38          ---        ---    ---
    +3.62          ---        ---    ---
    +3.88          ---        ---    ---

  ── T--- ──
    σVWAP  F(σV)=drift  V(σV)=-∫F      N   5d drift            Pozo
    -3.88          ---        ---    ---
    -3.62          ---        ---    ---
    -3.38          ---        ---    ---
    -3.12          ---        ---    ---
    -2.88          ---        ---    ---
    -2.62          ---        ---    ---
    -2.38     +0.09980    -0.0250    104   +0.71774  
    -2.12     +0.15543    -0.0638    171   +0.63323 ▓ ← POZO BULL
    -1.88     +0.09741    -0.0882    279   +0.45972 ▓ ← POZO BULL
    -1.62     +0.06431    -0.1042    385   +0.45950 ▓▓ ← POZO BULL
    -1.38     +0.05703    -0.1185    399   +0.26542 ▓▓ ← POZO BULL
    -1.12     +0.02180    -0.1239    570   +0.15119 ▓▓ ← POZO BULL
    -0.88     +0.01516    -0.1277    570   +0.12952 ▓▓ ← POZO BULL
    -0.62     +0.01589    -0.1317    560   +0.09789 ▓▓ ← POZO BULL
    -0.38     +0.03345    -0.1401    505   +0.15220 ▓▓ ← POZO BULL
    -0.12     +0.01413    -0.1436    498   +0.08402 ▓▓ ← POZO BULL
    +0.12     +0.06693    -0.1603    509   +0.15332 ▓▓▓ ← POZO BULL
    +0.38     +0.01964    -0.1652    503   +0.06908 ▓▓▓ ← POZO BULL
    +0.62     +0.02863    -0.1724    497   +0.05698 ▓▓▓ ← POZO BULL
    +0.88     -0.00222    -0.1718    521   -0.01770 ▓▓▓ ← POZO BULL
    +1.12     +0.00291    -0.1726    536   +0.02246 ▓▓▓ ← POZO BULL
    +1.38     -0.04212    -0.1620    506   -0.18206 ▓▓▓ ← POZO BULL
    +1.62     -0.04241    -0.1514    413   -0.25709 ▓▓▓ ← POZO BULL
    +1.88     -0.06643    -0.1348    377   -0.33530 ▓▓ ← POZO BULL
    +2.12     -0.10635    -0.1082    237   -0.45557 ▓▓ ← POZO BULL
    +2.38     -0.14246    -0.0726    123   -0.53032 ▓ ← POZO BULL
    +2.62     -0.17494    -0.0289     74   -0.62399  
    +2.88          ---        ---    ---
    +3.12          ---        ---    ---
    +3.38          ---        ---    ---
    +3.62          ---        ---    ---
    +3.88          ---        ---    ---

══════════════════════════════════════════════════════════════════════════════════════════════════════════════
  FUERZA RESTAURADORA σVWAP — ¿El drift siempre empuja σVWAP hacia cero?
══════════════════════════════════════════════════════════════════════════════════════════════════════════════

  ── ALL ──
  σVWAP > 0: k_mean = 0.0212
  σVWAP < 0: k_mean = 0.0388
    Zone   k_mean    k_std      N   Restoring?           τ=1/k
    deep  +0.0866   0.1927   2898        ✅ YES            11.5
     low  +0.0417   0.3163  12288        ✅ YES            24.0
     neg  +0.0610   2.0921  17451        ✅ YES            16.4
     pos  -0.0318   1.8788  21022         ❌ NO           -31.5
    high  +0.0216   0.2563  27072        ✅ YES            46.2
     ext  +0.0480   0.1480   8741        ✅ YES            20.8

  ── T+++ ──
  σVWAP > 0: k_mean = 0.0311
  σVWAP < 0: k_mean = 0.0403
    Zone   k_mean    k_std      N   Restoring?           τ=1/k
    deep  +0.0966   0.1959    484        ✅ YES            10.4
     low  +0.0442   0.3384   2328        ✅ YES            22.6
     neg  +0.0338   2.3796   3578        ✅ YES            29.6
     pos  +0.0331   1.8965   5390        ✅ YES            30.2
    high  +0.0260   0.2471   7775        ✅ YES            38.5
     ext  +0.0459   0.1449   2388        ✅ YES            21.8

  ── T--- ──
  σVWAP > 0: k_mean = 0.0131
  σVWAP < 0: k_mean = 0.0383
    Zone   k_mean    k_std      N   Restoring?           τ=1/k
    deep  +0.0747   0.1818    363        ✅ YES            13.4
     low  +0.0350   0.2948   1632        ✅ YES            28.5
     neg  +0.0489   1.7621   2134        ✅ YES            20.4
     pos  -0.1551   1.9022   2030         ❌ NO            -6.4
    high  +0.0205   0.2825   1832        ✅ YES            48.8
     ext  +0.0621   0.1422    470        ✅ YES            16.1

══════════════════════════════════════════════════════════════════════════════════════════════════════════════
  CROSS-LEAD: ¿σVWAP LIDERA al drift de σPrice? (o viceversa)
══════════════════════════════════════════════════════════════════════════════════════════════════════════════

  ── ALL ──
      σVWAP state        N    Δσ_price/1d    Δσ_price/5d     Δσ_vwap/1d                 Interpretación
          σV_deep    2,898       +0.28739       +0.79473       +0.20584 Vol FUERZA bajista extrema → CONTRADICE
           σV_low   21,022       +0.12324       +0.27662       +0.04673 Vol empuja ABAJO → CONTRADICE
       σV_neutral   18,279       +0.03334       +0.06846       +0.01172 Vol NEUTRAL → CONTRADICE
          σV_high   38,532       -0.07156       -0.14436       -0.02529 Vol empuja ARRIBA → CONTRADICE
           σV_ext    8,741       -0.20096       -0.48364       -0.11546 Vol FUERZA alcista extrema → CONTRADICE

  ── T+++ ──
      σVWAP state        N    Δσ_price/1d    Δσ_price/5d     Δσ_vwap/1d                 Interpretación
          σV_deep      484       +0.31351       +0.80657       +0.22866 Vol FUERZA bajista extrema → CONTRADICE
           σV_low    4,016       +0.14585       +0.29284       +0.04923 Vol empuja ABAJO → CONTRADICE
       σV_neutral    4,157       +0.05570       +0.01746       -0.00396 Vol NEUTRAL → CONTRADICE
          σV_high   10,898       -0.06974       -0.16229       -0.03209 Vol empuja ARRIBA → CONTRADICE
           σV_ext    2,388       -0.19366       -0.50013       -0.11121 Vol FUERZA alcista extrema → CONTRADICE

  ── T--- ──
      σVWAP state        N    Δσ_price/1d    Δσ_price/5d     Δσ_vwap/1d                 Interpretación
          σV_deep      363       +0.24587       +0.70935       +0.18087 Vol FUERZA bajista extrema → CONTRADICE
           σV_low    2,763       +0.09204       +0.22653       +0.03788 Vol empuja ABAJO → CONTRADICE
       σV_neutral    2,015       +0.00951       +0.11488       +0.03368 Vol NEUTRAL → CONTRADICE
          σV_high    2,850       -0.08497       -0.10301       -0.01728 Vol empuja ARRIBA → CONTRADICE
           σV_ext      470       -0.23945       -0.54938       -0.14946 Vol FUERZA alcista extrema → CONTRADICE

══════════════════════════════════════════════════════════════════════════════════════════════════════════════
  DIVERGENCIA σPrice vs σVWAP — ¿Señal de Wyckoff?
══════════════════════════════════════════════════════════════════════════════════════════════════════════════
                              Pattern        N    Δσ_price/1d    Δσ_price/5d         Wyckoff
          Price UP / Vol DOWN (dist?)    4,232       -0.01105       +0.16100    DISTRIBUTION
          Price UP / Vol UP (confirm)   13,963       -0.17437       -0.35302          MARKUP
         Price DOWN / Vol UP (accum?)    9,163       +0.05839       -0.10432    ACCUMULATION
        Price DOWN / Vol DOWN (conf.)    7,807       +0.22323       +0.53704        MARKDOWN
                         Both NEUTRAL   19,103       +0.02466       +0.07904                

DONE
