<string>:8: UserWarning: pandas only supports SQLAlchemy connectable (engine/connection) or database string URI or sqlite3 DBAPI2 connection. Other DBAPI2 objects are not tested. Please consider using SQLAlchemy.
Flow vectors: 91,167

===============================================================================================
  ALL — k(sigma_price | sigmaVWAP)
===============================================================================================
     sigma_price |      V<<       V<      V~0       V>      V>>     V>>> |     base
  --------------+------------------------------------------------------+----------
      deep (<-2) |  0.155!!  0.114!!  0.092!!  0.047+     .        .    |  0.118
     low (-2,-1) |  0.139!!  0.081!!  0.049+  -0.002.  0.101!!     .    |  0.068
      neg (-1,0) |  0.253!!  0.206!!  0.053+  -0.142XX  -0.503XX     .    |  0.029
       pos (0,1) |  -0.654XX  -0.158XX  -0.007.  0.093!!  0.230!!     .    |  0.070
      high (1,2) |     .     -0.022XX  0.040+  0.060+  0.109!!  0.094!! |  0.068
        ext (>2) |     .     0.066+  0.079+  0.115!!  0.116!!  0.142!! |  0.114
  !!=restaura fuerte(k>0.08) +=restaura(>0.02) .=neutral XX=ANTI-restoring

===============================================================================================
  T+++ — k(sigma_price | sigmaVWAP)
===============================================================================================
     sigma_price |      V<<       V<      V~0       V>      V>>     V>>> |     base
  --------------+------------------------------------------------------+----------
      deep (<-2) |  0.156!!  0.127!!  0.088!!  0.058+     .        .    |  0.117
     low (-2,-1) |  0.135!!  0.076+  0.051+  -0.012.     .        .    |  0.055
      neg (-1,0) |  0.274!!  0.235!!  0.038+  -0.122XX  -0.677XX     .    |  0.002
       pos (0,1) |     .     -0.161XX  0.050+  0.100!!  0.232!!     .    |  0.125
      high (1,2) |     .     -0.055XX  0.042+  0.045+  0.107!!  0.085!! |  0.078
        ext (>2) |     .        .     0.082!!  0.114!!  0.113!!  0.153!! |  0.125
  !!=restaura fuerte(k>0.08) +=restaura(>0.02) .=neutral XX=ANTI-restoring

===============================================================================================
  T--- — k(sigma_price | sigmaVWAP)
===============================================================================================
     sigma_price |      V<<       V<      V~0       V>      V>>     V>>> |     base
  --------------+------------------------------------------------------+----------
      deep (<-2) |  0.138!!  0.102!!  0.098!!     .        .        .    |  0.123
     low (-2,-1) |  0.141!!  0.079+  0.046+  0.013.     .        .    |  0.084
      neg (-1,0) |  0.209!!  0.133!!  0.044+  -0.209XX  -0.297XX     .    |  0.044
       pos (0,1) |  -0.819XX  -0.114XX  -0.013.  0.137!!  0.211!!     .    |  0.016
      high (1,2) |     .     -0.025XX  0.042+  0.067+  0.123!!  0.117!! |  0.051
        ext (>2) |     .     0.057+  0.069+  0.128!!  0.121!!  0.181!! |  0.105
  !!=restaura fuerte(k>0.08) +=restaura(>0.02) .=neutral XX=ANTI-restoring

===============================================================================================
  EXTREMOS: sigma_price > 1.5 o < -1.5 — efecto de sigmaVWAP
===============================================================================================

  -- ALL --

  sigma>+1.5 (ARRIBA) (N=12,111):
               sigmaVWAP      N    Drift1d    Drift5d        k      tau                         Efecto
          CONFIRMA (V>1)   7987   -0.22717   -0.92846  +0.1107      9.0                     Refuerza ↻
                 NEUTRAL   3457   -0.13006   -0.55471  +0.0658     15.2                     Refuerza ↻
     CONTRADICE (V<-0.5)    667   -0.01142   -0.21069  +0.0063    160.0                        Debil ↺

  sigma<-1.5 (ABAJO) (N=13,579):
               sigmaVWAP      N    Drift1d    Drift5d        k      tau                         Efecto
         CONFIRMA (V<-1)   5603   +0.31508   +1.20001  +0.1393      7.2           ACELERA reversion ↻↻
                 NEUTRAL   4996   +0.20459   +0.84280  +0.0939     10.7                     Refuerza ↻
      CONTRADICE (V>0.5)   2980   +0.09424   +0.48855  +0.0473     21.1                        Debil ↺

  -- T+++ --

  sigma>+1.5 (ARRIBA) (N=2,555):
               sigmaVWAP      N    Drift1d    Drift5d        k      tau                         Efecto
          CONFIRMA (V>1)   2055   -0.24267   -1.01454  +0.1179      8.5                     Refuerza ↻
                 NEUTRAL    455   -0.12548   -0.54523  +0.0644     15.5                     Refuerza ↻
     CONTRADICE (V<-0.5)     45   +0.03828   -0.07481  -0.0222    -45.0              FRENA reversion!!

  sigma<-1.5 (ABAJO) (N=3,906):
               sigmaVWAP      N    Drift1d    Drift5d        k      tau                         Efecto
         CONFIRMA (V<-1)   1284   +0.31394   +1.14844  +0.1362      7.3           ACELERA reversion ↻↻
                 NEUTRAL   1634   +0.21990   +0.87405  +0.0981     10.2                     Refuerza ↻
      CONTRADICE (V>0.5)    988   +0.08464   +0.47338  +0.0425     23.5                        Debil ↺

  -- T--- --

  sigma>+1.5 (ARRIBA) (N=1,400):
               sigmaVWAP      N    Drift1d    Drift5d        k      tau                         Efecto
          CONFIRMA (V>1)    632   -0.25686   -0.92197  +0.1236      8.1           ACELERA reversion ↻↻
                 NEUTRAL    588   -0.11821   -0.56427  +0.0584     17.1                        Debil ↺
     CONTRADICE (V<-0.5)    180   -0.03153   -0.25712  +0.0168     59.5                        Debil ↺

  sigma<-1.5 (ABAJO) (N=953):
               sigmaVWAP      N    Drift1d    Drift5d        k      tau                         Efecto
         CONFIRMA (V<-1)    520   +0.27516   +1.10762  +0.1292      7.7           ACELERA reversion ↻↻
                 NEUTRAL    296   +0.15581   +0.71293  +0.0791     12.6                     Refuerza ↻
      CONTRADICE (V>0.5)    137   +0.09515   +0.50618  +0.0495     20.2                        Debil ↺

===============================================================================================
  DESPLAZAMIENTO DEL EQUILIBRIO por sigmaVWAP
===============================================================================================

  V<< (deep bear) (N=15,187):
     sigma_p      Drift      N                         Visual
       -2.88   +0.32404    372  >>>>>>>>>>>>>>>>>>>>>>>>>
       -2.62   +0.33835    507  >>>>>>>>>>>>>>>>>>>>>>>>>
       -2.38   +0.31424    706  >>>>>>>>>>>>>>>>>>>>>>>>>
       -2.12   +0.27441    915  >>>>>>>>>>>>>>>>>>>>>>>>>
       -1.88   +0.21929   1064  >>>>>>>>>>>>>>>>>>>>>>>>>
       -1.62   +0.20219   1323  >>>>>>>>>>>>>>>>>>>>>>>>>
       -1.38   +0.17833   1405  >>>>>>>>>>>>>>>>>>>>>>>>>
       -1.12   +0.14872   1517  >>>>>>>>>>>>>>>>>>>>>>>>>
       -0.88   +0.14909   1469  >>>>>>>>>>>>>>>>>>>>>>>>>
       -0.62   +0.14045   1353  >>>>>>>>>>>>>>>>>>>>>>>>>
       -0.38   +0.14363   1180  >>>>>>>>>>>>>>>>>>>>>>>>>
       -0.12   +0.13116    989  >>>>>>>>>>>>>>>>>>>>>>>>>
       +0.12   +0.12544    794  >>>>>>>>>>>>>>>>>>>>>>>>>
       +0.38   +0.11907    623  >>>>>>>>>>>>>>>>>>>>>>>
       +0.62   +0.16079    443  >>>>>>>>>>>>>>>>>>>>>>>>>
       +0.88   +0.09514    249  >>>>>>>>>>>>>>>>>>>
       +1.12   +0.20788    146  >>>>>>>>>>>>>>>>>>>>>>>>>
       +1.38   +0.13469     81  >>>>>>>>>>>>>>>>>>>>>>>>>

  V~0 (neutral) (N=18,279):
     sigma_p      Drift      N                         Visual
       -2.88   +0.35910    238  >>>>>>>>>>>>>>>>>>>>>>>>>
       -2.62   +0.23597    344  >>>>>>>>>>>>>>>>>>>>>>>>>
       -2.38   +0.19528    469  >>>>>>>>>>>>>>>>>>>>>>>>>
       -2.12   +0.15925    604  >>>>>>>>>>>>>>>>>>>>>>>>>
       -1.88   +0.14620    782  >>>>>>>>>>>>>>>>>>>>>>>>>
       -1.62   +0.11670    953  >>>>>>>>>>>>>>>>>>>>>>>
       -1.38   +0.04066   1033  >>>>>>>>
       -1.12   +0.05608    989  >>>>>>>>>>>
       -0.88   +0.05053   1024  >>>>>>>>>>
       -0.62   +0.05530   1035  >>>>>>>>>>>
       -0.38   +0.06056   1062  >>>>>>>>>>>>
       -0.12   +0.01414   1097  >>
       +0.12   +0.04098   1040  >>>>>>>>
       +0.38   +0.02474    968  >>>>
       +0.62   -0.00591   1122  <
       +0.88   +0.00703   1097  >
       +1.12   -0.02488   1119  <<<<
       +1.38   -0.02866    998  <<<<<
       +1.62   -0.04863    840  <<<<<<<<<
       +1.88   -0.12511    595  <<<<<<<<<<<<<<<<<<<<<<<<<
       +2.12   -0.12780    389  <<<<<<<<<<<<<<<<<<<<<<<<<
       +2.38   -0.12173    292  <<<<<<<<<<<<<<<<<<<<<<<<
       +2.62   -0.38594    132  <<<<<<<<<<<<<<<<<<<<<<<<<
       +2.88   -0.28949     57  <<<<<<<<<<<<<<<<<<<<<<<<<

  V>> (strong bull) (N=21,913):
     sigma_p      Drift      N                         Visual
       -1.12   +0.14351     34  >>>>>>>>>>>>>>>>>>>>>>>>>
       -0.88   -0.26352    109  <<<<<<<<<<<<<<<<<<<<<<<<<
       -0.62   -0.18051    261  <<<<<<<<<<<<<<<<<<<<<<<<<
       -0.38   -0.09489    496  <<<<<<<<<<<<<<<<<<
       -0.12   -0.15680    935  <<<<<<<<<<<<<<<<<<<<<<<<<
       +0.12   -0.13825   1364  <<<<<<<<<<<<<<<<<<<<<<<<<
       +0.38   -0.12677   1953  <<<<<<<<<<<<<<<<<<<<<<<<<
       +0.62   -0.12364   2320  <<<<<<<<<<<<<<<<<<<<<<<<
       +0.88   -0.13669   2705  <<<<<<<<<<<<<<<<<<<<<<<<<
       +1.12   -0.13508   2678  <<<<<<<<<<<<<<<<<<<<<<<<<
       +1.38   -0.16524   2523  <<<<<<<<<<<<<<<<<<<<<<<<<
       +1.62   -0.14443   2247  <<<<<<<<<<<<<<<<<<<<<<<<<
       +1.88   -0.18811   1647  <<<<<<<<<<<<<<<<<<<<<<<<<
       +2.12   -0.24361   1109  <<<<<<<<<<<<<<<<<<<<<<<<<
       +2.38   -0.29284    766  <<<<<<<<<<<<<<<<<<<<<<<<<
       +2.62   -0.34750    457  <<<<<<<<<<<<<<<<<<<<<<<<<
       +2.88   -0.38926    292  <<<<<<<<<<<<<<<<<<<<<<<<<

DONE
