<string>:8: UserWarning: pandas only supports SQLAlchemy connectable (engine/connection) or database string URI or sqlite3 DBAPI2 connection. Other DBAPI2 objects are not tested. Please consider using SQLAlchemy.
<string>:17: UserWarning: pandas only supports SQLAlchemy connectable (engine/connection) or database string URI or sqlite3 DBAPI2 connection. Other DBAPI2 objects are not tested. Please consider using SQLAlchemy.
Stereotypes: 5,845, P(bull) base = 49.7%

════════════════════════════════════════════════════════════════════════════════════════════════════
  Current_slope × σVWAP_current → P(bull)
════════════════════════════════════════════════════════════════════════════════════════════════════
          │      V<<       V<      V~0       V>      V>> │   base      N
  --------┼----------------------------------------------┼---------------
       C--│  22.3XXX  65.5!!!  80.7!!!  95.3!!!      .   │  44.1%  2415
        C-│  10.3XXX  49.2     82.5!!! 100.0!!! 100.0!!! │  45.0%   358
       C~0│   7.5XXX  22.6XXX  63.6!!!  97.4!!! 100.0!!! │  41.5%   183
        C+│   7.4XXX  29.2XXX  61.4!!!  96.5!!! 100.0!!! │  53.8%   385
       C++│   7.1XXX  16.0XXX  29.5XXX  83.5!!!  98.2!!! │  55.8%  2504

════════════════════════════════════════════════════════════════════════════════════════════════════
  Wave_slope × σVWAP_wave → P(bull)
════════════════════════════════════════════════════════════════════════════════════════════════════
          │     Vw<<      Vw<     Vw~0      Vw>     Vw>> │   base      N
  --------┼----------------------------------------------┼---------------
       W--│   6.8XXX  31.9XXX  73.5!!!  91.1!!!  94.1!!! │  35.1%  2971
        W-│   0.0XXX  14.3XXX  56.2 !!  90.9!!! 100.0!!! │  45.2%   115
       W~0│   4.2XXX  18.2XXX  54.2     88.2!!! 100.0!!! │  51.8%   112
        W+│   4.5XXX  28.0XXX  46.7     91.7!!! 100.0!!! │  54.2%   107
       W++│   4.8XXX  10.3XXX  24.5XXX  72.6!!!  97.9!!! │  66.7%  2540

════════════════════════════════════════════════════════════════════════════════════════════════════
  σ_current × σ_wave → P(bull)
════════════════════════════════════════════════════════════════════════════════════════════════════
          │     σw<<      σw<     σw~0      σw>     σw>> │   base      N
  --------┼----------------------------------------------┼---------------
       σ<<│   7.1XXX  14.3XXX  18.6XXX  17.9XXX      .   │  11.3%  1559
        σ<│   8.6XXX  22.5XXX  35.7XXX  59.3 !!  68.0!!! │  31.1%  1075
       σ~0│  11.7XXX  35.3XXX  56.1 !!  75.6!!!  88.1!!! │  57.5%  1147
        σ>│  44.0 XX  55.9 !!  74.5!!!  82.3!!!  92.4!!! │  77.7%  1191
       σ>>│      .    70.0!!!  90.1!!!  91.3!!!  95.6!!! │  93.0%   873

════════════════════════════════════════════════════════════════════════════════════════════════════
  σVWAP_current × σVWAP_wave → P(bull)
════════════════════════════════════════════════════════════════════════════════════════════════════
          │     Vw<<      Vw<     Vw~0      Vw>     Vw>> │   base      N
  --------┼----------------------------------------------┼---------------
       V<<│   6.9XXX  28.6XXX  58.0 !!      .        .   │  18.1%  1935
        V<│   4.3XXX  30.2XXX  61.2!!!  77.0!!! 100.0!!! │  45.2%  1250
       V~0│   3.7XXX  15.1XXX  38.4XXX  73.3!!!  93.8!!! │  49.3%  1017
        V>│      .        .    54.7     79.7!!!  97.8!!! │  86.7%  1095
       V>>│      .        .        .    95.7!!!  98.8!!! │  98.5%   548

════════════════════════════════════════════════════════════════════════════════════════════════════
  σ_wave × σVWAP_wave → P(bull) ★ TOP PREDICTOR
════════════════════════════════════════════════════════════════════════════════════════════════════
          │     Vw<<      Vw<     Vw~0      Vw>     Vw>> │   base      N
  --------┼----------------------------------------------┼---------------
      σw<<│   5.4XXX   8.9XXX  10.8XXX  38.6XXX      .   │   8.8%  1131
       σw<│   7.6XXX  23.9XXX  30.4XXX  66.4!!!      .   │  25.6%  1259
      σw~0│   6.2XXX  26.7XXX  54.3     79.9!!!  98.0!!! │  53.2%  1322
       σw>│      .    41.2 XX  70.0!!!  84.0!!!  98.1!!! │  78.2%  1333
      σw>>│      .    65.2!!!  86.4!!!  93.5!!!  97.4!!! │  92.4%   800

════════════════════════════════════════════════════════════════════════════════════════════════════
  Tide × Current_slope → P(bull)
════════════════════════════════════════════════════════════════════════════════════════════════════
          │      C--       C-      C~0       C+      C++ │   base      N
  --------┼----------------------------------------------┼---------------
      T---│  47.1     48.6     45.5     55.8 !!  53.4    │  49.3%  1156
       T--│  45.3     48.3     33.3XXX  57.1 !!  52.9    │  48.2%   623
        T-│  42.3 XX  50.0     50.0     48.8     58.7 !! │  49.3%   442
        T+│  38.8XXX  36.9XXX  38.2XXX  64.2!!!  59.6 !! │  49.0%   954
       T++│  42.1 XX  44.3 XX  47.6     51.6     59.0 !! │  50.5%  1053
      T+++│  45.4     47.2     37.3XXX  49.5     53.9    │  50.6%  1617

════════════════════════════════════════════════════════════════════════════════════════════════════
  Tide × Wave_slope → P(bull)
════════════════════════════════════════════════════════════════════════════════════════════════════
          │      W--       W-      W~0       W+      W++ │   base      N
  --------┼----------------------------------------------┼---------------
      T---│  43.5 XX  53.3     52.6     53.8     57.1 !! │  49.3%  1156
       T--│  36.9XXX  53.3         .    15.4XXX  68.4!!! │  48.2%   623
        T-│  32.8XXX      .        .        .    70.9!!! │  49.3%   442Traceback (most recent call last):
  File "<string>", line 201, in <module>
ValueError: Unknown format code 's' for object of type 'float'

        T+│  26.1XXX  61.1!!!  29.4XXX  65.2!!!  76.4!!! │  49.0%   954
       T++│  31.2XXX  29.6XXX  62.1!!!  61.9!!!  74.5!!! │  50.5%  1053
      T+++│  36.7XXX  48.4     51.5     54.8 !!  61.9!!! │  50.6%  1617

════════════════════════════════════════════════════════════════════════════════════════════════════
  3D: Tide × σ_current × σVWAP_current → P(bull)
  (Las 3 variables del contexto juntas)
════════════════════════════════════════════════════════════════════════════════════════════════════
                │