<string>:8: UserWarning: pandas only supports SQLAlchemy connectable (engine/connection) or database string URI or sqlite3 DBAPI2 connection. Other DBAPI2 objects are not tested. Please consider using SQLAlchemy.
<string>:18: UserWarning: pandas only supports SQLAlchemy connectable (engine/connection) or database string URI or sqlite3 DBAPI2 connection. Other DBAPI2 objects are not tested. Please consider using SQLAlchemy.
<string>:18: UserWarning: pandas only supports SQLAlchemy connectable (engine/connection) or database string URI or sqlite3 DBAPI2 connection. Other DBAPI2 objects are not tested. Please consider using SQLAlchemy.
<string>:18: UserWarning: pandas only supports SQLAlchemy connectable (engine/connection) or database string URI or sqlite3 DBAPI2 connection. Other DBAPI2 objects are not tested. Please consider using SQLAlchemy.
╔══════════════════════════════════════════════════════════════════════════════════════════════════════════════════════════════════╗
║  AUDITORÍA COMPLETA: W × C × σ × T × σVWAP × 3 ZIGZAG LEVELS                                                       ║
╚══════════════════════════════════════════════════════════════════════════════════════════════════════════════════════════════════╝

==================================================================================================================================
  1. ¿TIDE MODULA? — T↑ vs T↓ dentro de cada celda W×C (zigzag 5%)
==================================================================================================================================
       W      C    T↑_N T↑_Bull    T↓_N T↓_Bull    Δ(T↑-T↓)  Significativo
  ------------------------------------------------------------------------------------------
    W+++   C+++     468     83%     208     75%         +8%              
    W+++    C++     106     87%      62     76%        +11%             ⭐
    W+++     C+      76     80%      55     69%        +11%             ⭐
    W+++     C-      31     55%      22     73%        -18%             ⭐
    W+++    C--      30     60%      31     55%         +5%              
    W+++   C---      40     70%      83     71%         -1%              
     W++   C+++     230     78%      59     69%         +8%              
     W++    C++     146     82%      61     70%        +12%             ⭐
     W++     C+      81     79%      31     84%         -5%              
     W++     C-      44     50%      26     54%         -4%              
     W++    C--      23     52%      21     48%         +5%              
     W++   C---      25     48%      31     71%        -23%             ⭐
      W+   C+++     101     67%      40     68%         -0%              
      W+    C++     122     68%      43     58%        +10%              
      W+     C+     130     66%      37     41%        +26%             ⭐
      W+     C-      45     49%      27     59%        -10%             ⭐
      W+    C--      38     50%      29     62%        -12%             ⭐
      W+   C---      35     71%      43     47%        +25%             ⭐
      W-   C+++      64     62%      27     37%        +25%             ⭐
      W-     C+      82     51%      33     39%        +12%             ⭐
      W-    C--      78     24%      42     43%        -18%             ⭐
      W-   C---      28     43%      70     39%         +4%              
     W--   C+++      42     52%      21     48%         +5%              
     W--     C+      91     56%      41     56%         -0%              
     W--     C-      88     38%      36     36%         +1%              
     W--    C--     104     32%      59     29%         +3%              
     W--   C---      98     35%     102     36%         -2%              
    W---   C+++      61     48%      27     37%        +11%             ⭐
    W---    C++      67     58%      25     40%        +18%             ⭐
    W---     C+     112     49%      34     41%         +8%              
    W---     C-     120     32%      46     24%         +8%              
    W---    C--     179     25%      93     19%         +6%              
    W---   C---     405     31%     608     33%         -2%              

  Resumen: 14/33 celdas donde T↑ vs T↓ difiere >10pp
  Delta promedio: +3.8%, mediano: +4.8%

==================================================================================================================================
  2. TIDE DENTRO DE W×C×σ — las celdas más grandes
==================================================================================================================================
       W      C     σ   T↑_N   T↑%   T↓_N   T↓%       Δ
    W+++   C+++   low     59   68%     22   45%   +22% ⭐
    W+++   C+++   neg     78   78%     46   61%   +17% ⭐
    W+++   C+++   pos    133   87%     70   81%    +6% 
    W+++   C+++  high    103   92%     49   90%    +2% 
    W+++    C++  high     51   90%     22   91%    -1% 
    W+++     C+   pos     18   67%     15   67%    +0% 
    W+++     C+  high     30   87%     20   75%   +12% 
    W+++    C--  high     15   67%     16   62%    +4% 
    W+++   C---  high     20   65%     49   73%    -8% 
     W++   C+++   low     41   68%     18   61%    +7% 
     W++    C++  high     41   88%     17   88%    -0% 
     W++     C+  high     35   77%     15   93%   -16% ⭐
      W+   C+++   neg     22   64%     19   53%   +11% 
     W--    C--   neg     31   42%     19   32%   +10% 
     W--   C---   neg     20   30%     20   25%    +5% 
     W--   C---   pos     31   39%     25   32%    +7% 
     W--   C---  high     19   47%     30   40%    +7% 
    W---     C+  deep     63   51%     15   47%    +4% 
    W---     C-   low     52   40%     19   21%   +19% ⭐
    W---    C--  deep     65    9%     28   11%    -1% 
    W---    C--   low     66   41%     34   15%   +26% ⭐
    W---    C--   neg     36   33%     20   15%   +18% ⭐
    W---   C---  deep     62    8%     61    8%    -0% 
    W---   C---   low     86   24%    142   18%    +6% 
    W---   C---   neg    102   36%    147   29%    +8% 
    W---   C---   pos    105   34%    149   40%    -6% 
    W---   C---  high     30   53%     85   59%    -5% 
    W---   C---   ext     20   60%     24   79%   -19% ⭐

==================================================================================================================================
  3. ¿σVWAP MODULA? — distribución de σVWAP en cada celda W×C (zigzag 5%)
==================================================================================================================================
       W      C  V--_Bull  V-_Bull  V0_Bull  V+_Bull V++_Bull     Rango
    W+++   C+++                      47%      70%🟢    92%🟢      45%
    W+++    C++                      65%🟢    68%🟢    90%🟢      25%
    W+++     C+                      42%      63%🟢    89%🟢      47%
    W+++     C-                      57%      58%      71%🟢      13%
    W+++    C--                      38%🔴    55%     100%🟢      62%
    W+++   C---             76%🟢    62%🟢    81%🟢               18%
     W++   C+++                      58%      67%🟢    96%🟢      38%
     W++    C++                      79%🟢    49%      90%🟢      42%
     W++     C+                      94%🟢    52%      85%🟢      42%
     W++     C-                      56%      35%🔴    59%        24%
      W+   C+++             70%🟢    67%🟢    56%      93%🟢      37%
      W+    C++             46%      67%🟢    60%🟢    80%🟢      35%
      W+     C+    20%🔴    62%🟢    62%🟢    50%      73%🟢      53%
      W+     C-             88%🟢    41%      35%🔴    80%🟢      53%
      W+    C--             67%🟢    24%🔴    65%🟢               43%
      W-    C++             68%🟢    74%🟢    25%🔴               49%
      W-     C+    44%      48%      60%      11%🔴    83%🟢      72%
      W-     C-    33%🔴    53%       8%🔴    36%🔴    70%🟢      62%
      W-    C--    29%🔴    45%      11%🔴    38%🔴               34%
      W-   C---    25%🔴    44%      37%🔴                        19%
     W--    C++    15%🔴    68%🟢    84%🟢    39%🔴               69%
     W--     C+    55%      58%      65%🟢    36%🔴               29%
     W--     C-    39%🔴    52%      14%🔴                        38%
     W--    C--    28%🔴    35%🔴    29%🔴                         7%
     W--   C---    19%🔴    29%🔴    57%                          38%
    W---   C+++             23%🔴    40%      76%🟢               54%
    W---    C++    38%🔴    61%🟢    57%                          23%
    W---     C+    46%      52%      36%🔴                        16%
    W---     C-    28%🔴    30%🔴    40%                          12%
    W---    C--    20%🔴    26%🔴    33%🔴                        13%
    W---   C---    16%🔴    42%      63%🟢                        48%

==================================================================================================================================
  4. W×C Bull% POR NIVEL DE ZIGZAG — ¿El nivel cambia las probabilidades?
==================================================================================================================================
    W+++   C+++   2.5%= 67%(N=1,739)    5%= 80%(N=  676)  7.5%= 88%(N=  333)  Δ= 21%
    W+++    C++   2.5%= 79%(N=  441)    5%= 83%(N=  168)  7.5%= 81%(N=   94)  Δ=  4%
    W+++     C+   2.5%= 75%(N=  364)    5%= 76%(N=  131)  7.5%= 80%(N=   61)  Δ=  5%
    W+++     C-   2.5%= 72%(N=  167)    5%= 62%(N=   53)                       Δ= 10%
    W+++    C--   2.5%= 76%(N=  205)    5%= 57%(N=   61)  7.5%= 65%(N=   31)  Δ= 19%
    W+++   C---   2.5%= 65%(N=  311)    5%= 71%(N=  123)  7.5%= 71%(N=   48)  Δ=  6%
     W++   C+++   2.5%= 69%(N=  759)    5%= 76%(N=  289)  7.5%= 82%(N=  155)  Δ= 13%
     W++    C++   2.5%= 73%(N=  562)    5%= 79%(N=  207)  7.5%= 76%(N=  112)  Δ=  5%
     W++     C+   2.5%= 77%(N=  372)    5%= 80%(N=  112)  7.5%= 56%(N=   48)  Δ= 24%
     W++     C-   2.5%= 64%(N=  206)    5%= 51%(N=   70)  7.5%= 50%(N=   30)  Δ= 14%
     W++    C--   2.5%= 57%(N=  175)    5%= 50%(N=   44)                       Δ=  7%
     W++   C---   2.5%= 67%(N=  135)    5%= 61%(N=   56)                       Δ=  6%
      W+   C+++   2.5%= 58%(N=  442)    5%= 67%(N=  141)  7.5%= 74%(N=   65)  Δ= 16%
      W+    C++   2.5%= 59%(N=  509)    5%= 65%(N=  165)  7.5%= 73%(N=   71)  Δ= 14%
      W+     C+   2.5%= 62%(N=  470)    5%= 60%(N=  167)  7.5%= 71%(N=   77)  Δ= 11%
      W+     C-   2.5%= 60%(N=  266)    5%= 53%(N=   72)  7.5%= 45%(N=   31)  Δ= 15%
      W+    C--   2.5%= 60%(N=  239)    5%= 55%(N=   67)  7.5%= 52%(N=   31)  Δ=  9%
      W+   C---   2.5%= 55%(N=  222)    5%= 58%(N=   78)  7.5%= 49%(N=   41)  Δ=  9%
      W-   C+++   2.5%= 48%(N=  252)    5%= 55%(N=   91)  7.5%= 44%(N=   43)  Δ= 11%
      W-    C++   2.5%= 49%(N=  282)    5%= 57%(N=   70)                       Δ=  8%
      W-     C+   2.5%= 42%(N=  389)    5%= 48%(N=  115)  7.5%= 70%(N=   40)  Δ= 28%
      W-     C-   2.5%= 42%(N=  251)    5%= 38%(N=   79)  7.5%= 46%(N=   37)  Δ=  8%
      W-    C--   2.5%= 47%(N=  292)    5%= 31%(N=  120)  7.5%= 45%(N=   51)  Δ= 16%
      W-   C---   2.5%= 45%(N=  274)    5%= 40%(N=   98)  7.5%= 38%(N=   50)  Δ=  7%
     W--   C+++   2.5%= 42%(N=  182)    5%= 51%(N=   63)  7.5%= 67%(N=   30)  Δ= 25%
     W--    C++   2.5%= 41%(N=  290)    5%= 62%(N=   99)  7.5%= 65%(N=   51)  Δ= 24%
     W--     C+   2.5%= 38%(N=  394)    5%= 56%(N=  132)  7.5%= 61%(N=   59)  Δ= 23%
     W--     C-   2.5%= 38%(N=  332)    5%= 37%(N=  124)  7.5%= 46%(N=   56)  Δ=  9%
     W--    C--   2.5%= 35%(N=  437)    5%= 31%(N=  163)  7.5%= 43%(N=   90)  Δ= 13%
     W--   C---   2.5%= 44%(N=  490)    5%= 36%(N=  200)  7.5%= 30%(N=  115)  Δ= 13%
    W---   C+++   2.5%= 31%(N=  189)    5%= 44%(N=   88)  7.5%= 57%(N=   47)  Δ= 27%
    W---    C++   2.5%= 35%(N=  233)    5%= 53%(N=   92)  7.5%= 65%(N=   63)  Δ= 30%
    W---     C+   2.5%= 27%(N=  386)    5%= 47%(N=  146)  7.5%= 47%(N=   85)  Δ= 20%
    W---     C-   2.5%= 27%(N=  357)    5%= 30%(N=  166)  7.5%= 43%(N=   93)  Δ= 16%
    W---    C--   2.5%= 29%(N=  582)    5%= 23%(N=  272)  7.5%= 34%(N=  170)  Δ= 11%
    W---   C---   2.5%= 42%(N=1,957)    5%= 32%(N=1,013)  7.5%= 26%(N=  609)  Δ= 16%

==================================================================================================================================
  5. CONFIGURACIONES EXTREMAS POR NIVEL DE ZIGZAG
==================================================================================================================================

  ══════ ZigZag 2.5% (N=15,153) ══════
  Top 5 BULL:
                  W++/C++/ext N=   44 Bull=100% HH= 95% HL=  5% LH=  0% LL=  0%
                   W++/C+/ext N=   27 Bull=100% HH= 89% HL= 11% LH=  0% LL=  0%
                W++/C+++/high N=   59 Bull=100% HH= 95% HL=  5% LH=  0% LL=  0%
                 W+++/C++/ext N=   61 Bull= 97% HH= 87% HL= 10% LH=  3% LL=  0%
                   W++/C-/ext N=   23 Bull= 96% HH= 83% HL= 13% LH=  4% LL=  0%
  Top 5 BEAR:
               W---/C---/deep N=  178 Bull= 10% HH=  1% HL= 10% LH= 25% LL= 65%
                   W+/C+/deep N=   43 Bull=  9% HH=  0% HL=  9% LH= 12% LL= 79%
                 W--/C--/deep N=   46 Bull=  9% HH=  0% HL=  9% LH= 15% LL= 76%
                   W-/C-/deep N=   24 Bull=  8% HH=  0% HL=  8% LH= 12% LL= 79%
                 W---/C-/deep N=  108 Bull=  6% HH=  0% HL=  6% LH= 20% LL= 73%

  ══════ ZigZag 5% (N=5,811) ══════
  Top 5 BULL:
                W++/C+++/high N=   26 Bull=100% HH=100% HL=  0% LH=  0% LL=  0%
                W+++/C+++/ext N=   56 Bull= 98% HH= 95% HL=  4% LH=  2% LL=  0%
                 W+++/C++/ext N=   27 Bull= 96% HH= 93% HL=  4% LH=  4% LL=  0%
                  W++/C++/ext N=   25 Bull= 92% HH= 92% HL=  0% LH=  8% LL=  0%
               W+++/C+++/high N=  152 Bull= 91% HH= 84% HL=  7% LH=  7% LL=  1%
  Top 5 BEAR:
                W---/C---/low N=  228 Bull= 21% HH=  4% HL= 17% LH= 24% LL= 55%
                  W-/C--/high N=   28 Bull= 18% HH= 14% HL=  4% LH= 82% LL=  0%
                 W--/C---/low N=   28 Bull= 11% HH=  4% HL=  7% LH=  4% LL= 86%
                W---/C--/deep N=   93 Bull= 10% HH=  0% HL= 10% LH= 13% LL= 77%
               W---/C---/deep N=  123 Bull=  8% HH=  1% HL=  7% LH= 16% LL= 76%

  ══════ ZigZag 7.5% (N=3,010) ══════
  Top 5 BULL:
                W+++/C+++/ext N=   34 Bull=100% HH=100% HL=  0% LH=  0% LL=  0%
                  W+++/C+/ext N=   20 Bull= 95% HH= 95% HL=  0% LH=  5% LL=  0%
               W+++/C+++/high N=   89 Bull= 94% HH= 90% HL=  4% LH=  6% LL=  0%
                 W++/C+++/pos N=   43 Bull= 88% HH= 88% HL=  0% LH= 12% LL=  0%
                W+++/C+++/pos N=   99 Bull= 88% HH= 79% HL=  9% LH= 11% LL=  1%
  Top 5 BEAR:
                W---/C---/neg N=  144 Bull= 28% HH=  5% HL= 23% LH= 24% LL= 49%
                 W--/C---/neg N=   24 Bull= 25% HH=  0% HL= 25% LH=  8% LL= 67%
                W---/C---/low N=  147 Bull= 16% HH=  1% HL= 14% LH= 18% LL= 66%
                 W--/C---/low N=   20 Bull= 15% HH=  0% HL= 15% LH=  5% LL= 80%
               W---/C---/deep N=   91 Bull=  9% HH=  1% HL=  8% LH= 11% LL= 80%

==================================================================================================================================
  6. σVWAP COMO CONFIRMADOR DENTRO DE CELDAS CLAVE
==================================================================================================================================
       W      C     σ V_zone     N  Bull%   HH%   HL%   LH%   LL%
    W+++   C+++   pos     V+    50   76%🟢   20%   56%   16%    8%
    W+++   C+++   pos    V++   153   88%🟢   78%   10%   10%    2%
    W+++   C+++  high    V++   144   94%🟢   88%    6%    6%    1%
    W---   C---  deep    V--   119    8%🔴    1%    8%   15%   76%
    W---   C---   low    V--   211   19%🔴    2%   17%   23%   58%
    W---   C---   low     V-    17   41%⚪   18%   24%   35%   24%
    W---   C---   neg    V--   104   16%🔴    0%   16%   19%   64%
    W---   C---   neg     V-   144   42%⚪   11%   31%   35%   22%
    W---    C--   low    V--    85   32%🔴    0%   32%   13%   55%
    W---    C--   low     V-    15   33%🔴    7%   27%   53%   13%
    W---    C--  deep    V--    93   10%🔴    0%   10%   13%   77%
    W+++   C---  high     V0    43   65%🟢   30%   35%   28%    7%
    W+++   C---  high     V+    19   79%🟢   53%   26%   21%    0%
    W---   C+++   low     V0    24   33%🔴    4%   29%   25%   42%
     W--    C++   low     V-    10   70%🟢   10%   60%   20%   10%
     W--    C++   low     V0    12   83%🟢    0%   83%    8%    8%
     W++   C+++   pos    V++    56   95%🟢   95%    0%    5%    0%
