<string>:8: UserWarning: pandas only supports SQLAlchemy connectable (engine/connection) or database string URI or sqlite3 DBAPI2 connection. Other DBAPI2 objects are not tested. Please consider using SQLAlchemy.
<string>:17: UserWarning: pandas only supports SQLAlchemy connectable (engine/connection) or database string URI or sqlite3 DBAPI2 connection. Other DBAPI2 objects are not tested. Please consider using SQLAlchemy.

====================================================================================================
  Tide × sigma_current × sigmaVWAP_current -> P(bull)
====================================================================================================
       slt       sc |      V<<      V_0      V>> |   base      N
  ------------------+---------------------------+---------------
      T_UP      s<< |  12.0XXX  15.9XXX  62.2!!! |  14.7%  1463
      T_UP       s< |  26.3XXX  53.7     80.1!!! |  46.7%   634
      T_UP       s> |  48.2     70.1!!!  90.0!!! |  75.6%   701
      T_UP      s>> |  69.4!!!  88.8!!!  97.4!!! |  94.1%   826
  ------------------+---------------------------+---------------
      T_DN      s<< |  17.2XXX  12.9XXX  45.5    |  16.7%   652
      T_DN       s< |  30.6XXX  40.3 XX  76.5!!! |  38.6%   456
      T_DN       s> |  44.5 XX  53.4     82.1!!! |  57.9%   482
      T_DN      s>> |  53.7     80.9!!!  96.1!!! |  83.0%   631
  ------------------+---------------------------+---------------

====================================================================================================
  Tide × sigma_wave × sigmaVWAP_wave -> P(bull)
====================================================================================================
       slt       sw |     Vw<<     Vw_0     Vw>> |   base      N
  ------------------+---------------------------+---------------
      T_UP     sw<< |   7.4XXX  22.1XXX  90.0!!! |  12.5%  1182
      T_UP      sw< |  17.2XXX  50.3     92.5!!! |  41.9%   807
      T_UP      sw> |  26.3XXX  72.6!!!  95.8!!! |  70.6%   768
      T_UP     sw>> |  50.7     87.0!!!  97.5!!! |  91.1%   867
  ------------------+---------------------------+---------------
      T_DN     sw<< |   8.9XXX  18.8XXX  68.8!!! |  12.8%   576
      T_DN      sw< |  19.1XXX  49.2     74.3!!! |  34.5%   493
      T_DN      sw> |  38.8XXX  58.9 !!  87.6!!! |  60.4%   566
      T_DN     sw>> |  55.1 !!  80.0!!!  95.7!!! |  85.7%   586
  ------------------+---------------------------+---------------

====================================================================================================
  Current_slope × Wave_slope × accel_c -> P(bull) [TIMING]
====================================================================================================
       slc      slw |      A--      A~0      A++ |   base      N
  ------------------+---------------------------+---------------
       C--      W-- |  30.8XXX  39.2XXX  64.2!!! |  38.9%  2095
       C--      W~0 |  35.5XXX      .    63.2!!! |  49.3%    71
       C--      W++ |  44.8     61.3!!!  69.7!!! |  64.5%   516
  ------------------+---------------------------+---------------
       C~0      W-- |  17.1XXX      .    68.0!!! |  23.7%   219
       C~0      W~0 |      .        .        .   |  58.3%    12
       C~0      W++ |  47.5     69.2!!!  83.8!!! |  73.4%   158
  ------------------+---------------------------+---------------
       C++      W-- |  25.5XXX  58.8 !!  56.0 !! |  29.3%   744
       C++      W~0 |  40.7 XX      .    76.9!!! |  48.1%    77
       C++      W++ |  40.1 XX  83.8!!!  81.4!!! |  66.2%  1953
  ------------------+---------------------------+---------------

====================================================================================================
  sigma_c × sigma_w × sigmaVWAP_c -> P(bull) [SIGMA CONTEXT]
====================================================================================================
        sc       sw |      V<<      V_0      V>> |   base      N
  ------------------+---------------------------+---------------
      sc<<     sw<< |   9.7XXX  11.7XXX  51.2    |  11.3%  1646
      sc<<     sw_0 |  23.5XXX  25.8XXX      .   |  25.4%   343
      sc<<     sw>> |  34.7XXX  52.0         .   |  40.5%   126
  ------------------+---------------------------+---------------
      sc_0     sw<< |   9.2XXX  23.8XXX  65.3!!! |  28.3%   678
      sc_0     sw_0 |  29.2XXX  58.4 !!  86.1!!! |  55.0%   714
      sc_0     sw>> |  61.3!!!  84.0!!!  96.4!!! |  79.0%   881
  ------------------+---------------------------+---------------
      sc>>     sw<< |  27.3XXX  42.3 XX 100.0!!! |  65.2%    66
      sc>>     sw_0 |  45.7     78.9!!!  97.1!!! |  84.2%   265
      sc>>     sw>> |  65.3!!!  89.4!!!  96.8!!! |  91.9%  1126
  ------------------+---------------------------+---------------

====================================================================================================
  sigma_c × sigmaVWAP_c × sigmaVWAP_w -> P(bull) [VWAP CROSS]
====================================================================================================
        sc       vc |     Vw<<     Vw_0     Vw>> |   base      N
  ------------------+---------------------------+---------------
      sc<<      V<< |  13.0XXX  58.3 !!      .   |  13.8%  1490
      sc<<      V_0 |  11.2XXX  23.1XXX      .   |  15.1%   569
      sc<<      V>> |      .    47.6     92.9!!! |  58.9%    56
  ------------------+---------------------------+---------------
      sc_0      V<< |  26.7XXX  59.9!!!      .   |  35.4%   956
      sc_0      V_0 |  27.7XXX  54.2     86.4!!! |  54.9%   596
      sc_0      V>> |      .    66.3!!!  92.5!!! |  85.4%   721
  ------------------+---------------------------+---------------
      sc>>      V<< |  42.9 XX  60.9!!!  70.6!!! |  57.6%   144
      sc>>      V_0 |      .    76.2!!!  89.9!!! |  84.6%   447
      sc>>      V>> |      .    91.7!!!  97.1!!! |  97.0%   866
  ------------------+---------------------------+---------------

DONE
