<string>:8: UserWarning: pandas only supports SQLAlchemy connectable (engine/connection) or database string URI or sqlite3 DBAPI2 connection. Other DBAPI2 objects are not tested. Please consider using SQLAlchemy.
<string>:19: UserWarning: pandas only supports SQLAlchemy connectable (engine/connection) or database string URI or sqlite3 DBAPI2 connection. Other DBAPI2 objects are not tested. Please consider using SQLAlchemy.
<string>:19: UserWarning: pandas only supports SQLAlchemy connectable (engine/connection) or database string URI or sqlite3 DBAPI2 connection. Other DBAPI2 objects are not tested. Please consider using SQLAlchemy.
<string>:19: UserWarning: pandas only supports SQLAlchemy connectable (engine/connection) or database string URI or sqlite3 DBAPI2 connection. Other DBAPI2 objects are not tested. Please consider using SQLAlchemy.
╔══════════════════════════════════════════════════════════════════════════════════════════════════════════════════════════════════╗
║  RC CHANNEL ANATOMY — MAGNITUDES COMPLETAS (T±±±, W±±±, C±±±) × 3 ZIGZAG (2.5%/5%/7.5%)                              ║
╚══════════════════════════════════════════════════════════════════════════════════════════════════════════════════════════════════╝

==================================================================================================================================
  1. DISTRIBUCIÓN DE MAGNITUDES EN CADA PIVOTE
==================================================================================================================================

  ──── Canal W ────
     2.5% HH (N=3,954): W+++=34%  W++=22%  W+=15%  W-=8%  W--=7%  W---=13%
       5% HH (N=1,512): W+++=42%  W++=24%  W+=14%  W-=5%  W--=4%  W---=10%
     7.5% HH (N=  802): W+++=47%  W++=26%  W+=14%  W-=3%  W--=3%  W---=7%
     2.5% HL (N=4,079): W+++=23%  W++=17%  W+=16%  W-=11%  W--=13%  W---=20%
       5% HL (N=1,596): W+++=19%  W++=12%  W+=13%  W-=11%  W--=17%  W---=28%
     7.5% HL (N=  843): W+++=14%  W++=8%  W+=11%  W-=12%  W--=20%  W---=36%
     2.5% LH (N=3,621): W+++=16%  W++=12%  W+=14%  W-=13%  W--=16%  W---=29%
       5% LH (N=1,392): W+++=14%  W++=12%  W+=13%  W-=12%  W--=13%  W---=35%
     7.5% LH (N=  703): W+++=13%  W++=14%  W+=13%  W-=9%  W--=14%  W---=38%
     2.5% LL (N=3,499): W+++=11%  W++=7%  W+=11%  W-=13%  W--=20%  W---=38%
       5% LL (N=1,311): W+++=6%  W++=3%  W+=6%  W-=12%  W--=20%  W---=53%
     7.5% LL (N=  662): W+++=3%  W++=2%  W+=3%  W-=9%  W--=17%  W---=66%

  ──── Canal C ────
     2.5% HH (N=3,954): C+++=28%  C++=19%  C+=15%  C-=9%  C--=11%  C---=18%
       5% HH (N=1,512): C+++=37%  C++=21%  C+=15%  C-=5%  C--=6%  C---=17%
     7.5% HH (N=  802): C+++=43%  C++=23%  C+=13%  C-=4%  C--=4%  C---=13%
     2.5% HL (N=4,079): C+++=27%  C++=16%  C+=16%  C-=10%  C--=11%  C---=21%
       5% HL (N=1,596): C+++=27%  C++=16%  C+=17%  C-=10%  C--=10%  C---=22%
     7.5% HL (N=  843): C+++=22%  C++=15%  C+=16%  C-=11%  C--=15%  C---=21%
     2.5% LH (N=3,621): C+++=21%  C++=13%  C+=15%  C-=12%  C--=14%  C---=25%
       5% LH (N=1,392): C+++=16%  C++=10%  C+=12%  C-=13%  C--=16%  C---=33%
     7.5% LH (N=  703): C+++=13%  C++=11%  C+=13%  C-=12%  C--=14%  C---=38%
     2.5% LL (N=3,499): C+++=18%  C++=12%  C+=16%  C-=12%  C--=16%  C---=26%
       5% LL (N=1,311): C+++=11%  C++=7%  C+=11%  C-=12%  C--=20%  C---=39%
     7.5% LL (N=  662): C+++=7%  C++=5%  C+=7%  C-=10%  C--=20%  C---=52%

  ──── Canal T ────
     2.5% HH (N=3,954): T+++=29%  T++=20%  T+=18%  T-=8%  T--=9%  T---=17%
       5% HH (N=1,512): T+++=30%  T++=20%  T+=17%  T-=7%  T--=9%  T---=18%
     7.5% HH (N=  802): T+++=32%  T++=20%  T+=18%  T-=4%  T--=8%  T---=16%
     2.5% HL (N=4,079): T+++=28%  T++=19%  T+=18%  T-=8%  T--=10%  T---=16%
       5% HL (N=1,596): T+++=29%  T++=19%  T+=17%  T-=7%  T--=9%  T---=19%
     7.5% HL (N=  843): T+++=29%  T++=19%  T+=18%  T-=6%  T--=10%  T---=18%
     2.5% LH (N=3,621): T+++=27%  T++=18%  T+=18%  T-=7%  T--=11%  T---=18%
       5% LH (N=1,392): T+++=26%  T++=17%  T+=15%  T-=8%  T--=12%  T---=21%
     7.5% LH (N=  703): T+++=25%  T++=15%  T+=14%  T-=8%  T--=14%  T---=24%
     2.5% LL (N=3,499): T+++=27%  T++=18%  T+=18%  T-=7%  T--=11%  T---=19%
       5% LL (N=1,311): T+++=24%  T++=16%  T+=16%  T-=9%  T--=13%  T---=21%
     7.5% LL (N=  662): T+++=22%  T++=15%  T+=14%  T-=10%  T--=15%  T---=24%

==================================================================================================================================
  2. PERFIL MEDIANO POR MAGNITUD DE W — slopes, sigmas, RSI en cada zigzag
==================================================================================================================================

  ══════ ZigZag 2.5% ══════
   W_mag      N   Bull%      W_sl     C_sl     T_sl       σW      σC      σT    σVW_c   RSI    HH%   HL%   LH%   LL%
    W+++  3,227    70%🟢   +0.4456  +0.2016  +0.0418   -0.441  +0.811  +1.199   +1.385    61    41%   29%   18%   12%
     W++  2,209    70%🟢   +0.1924  +0.1246  +0.0542   -0.262  +0.251  +0.596   +1.038    56    39%   31%   19%   11%
      W+  2,148    59%🟢   +0.0649  +0.0648  +0.0483   -0.297  -0.177  +0.025   +0.419    51    28%   31%   23%   18%
      W-  1,740    45%⚪   -0.0502  +0.0116  +0.0432   -0.256  -0.472  -0.547   -0.183    47    18%   27%   28%   27%
     W--  2,125    39%🔴   -0.1753  -0.0344  +0.0359   -0.169  -0.707  -0.931   -0.791    44    14%   26%   28%   33%
    W---  3,704    36%🔴   -0.4990  -0.1738  +0.0128   +0.227  -1.014  -1.696   -1.316    39    14%   22%   28%   36%

  ══════ ZigZag 5% ══════
   W_mag      N   Bull%      W_sl     C_sl     T_sl       σW      σC      σT    σVW_c   RSI    HH%   HL%   LH%   LL%
    W+++  1,212    77%🟢   +0.4572  +0.2146  +0.0374   -0.196  +0.929  +1.261   +1.499    62    52%   25%   16%    6%
     W++    778    73%🟢   +0.1944  +0.1351  +0.0577   +0.184  +0.485  +0.742   +1.267    60    47%   26%   22%    6%
      W+    690    61%🟢   +0.0627  +0.0667  +0.0480   +0.139  -0.005  +0.117   +0.401    53    32%   30%   27%   12%
      W-    573    44%🔴   -0.0513  -0.0084  +0.0414   -0.557  -0.595  -0.681   -0.384    45    13%   31%   29%   27%
     W--    781    43%🔴   -0.1773  -0.0472  +0.0377   -0.535  -0.975  -1.155   -0.981    41     8%   34%   24%   33%
    W---  1,777    34%🔴   -0.5238  -0.1973  +0.0086   +0.053  -1.118  -1.798   -1.430    38     9%   25%   27%   39%

  ══════ ZigZag 7.5% ══════
   W_mag      N   Bull%      W_sl     C_sl     T_sl       σW      σC      σT    σVW_c   RSI    HH%   HL%   LH%   LL%
    W+++    596    82%🟢   +0.4520  +0.2151  +0.0349   +0.130  +1.136  +1.430   +1.713    66    63%   19%   15%    3%
     W++    385    70%🟢   +0.1967  +0.1433  +0.0539   +0.568  +0.767  +0.969   +1.648    63    54%   17%   26%    4%
      W+    316    65%🟢   +0.0662  +0.0703  +0.0426   +0.698  +0.360  +0.284   +0.829    57    37%   28%   29%    6%
      W-    245    51%⚪   -0.0467  -0.0320  +0.0465   -0.977  -0.857  -0.879   -0.699    41    10%   41%   25%   23%
     W--    401    47%⚪   -0.1812  -0.0646  +0.0382   -0.822  -1.047  -1.300   -1.202    39     5%   42%   24%   28%
    W---  1,067    34%🔴   -0.5438  -0.1982  +0.0123   -0.211  -1.288  -1.933   -1.537    36     5%   29%   25%   41%

==================================================================================================================================
  3. PERFIL MEDIANO POR MAGNITUD DE C — slopes, sigmas, RSI en cada zigzag
==================================================================================================================================

  ══════ ZigZag 2.5% ══════
   C_mag      N   Bull%      W_sl     C_sl     T_sl       σW      σC      σT    σVW_c   RSI    HH%   HL%   LH%   LL%
    C+++  3,563    62%🟢   +0.2639  +0.2916  +0.0787   -0.571  -0.584  +1.189   +1.181    57    31%   30%   21%   17%
     C++  2,317    60%🟢   +0.0952  +0.1291  +0.0586   -0.410  -0.483  +0.403   +0.833    52    32%   28%   21%   19%
      C+  2,375    53%⚪   +0.0057  +0.0424  +0.0537   -0.311  -0.448  -0.211   +0.159    49    26%   28%   23%   24%
      C-  1,579    47%⚪   -0.0569  -0.0307  +0.0438   -0.083  -0.265  -0.738   -0.498    47    22%   25%   27%   26%
     C--  1,930    44%🔴   -0.1230  -0.1061  +0.0255   +0.021  -0.025  -1.125   -0.916    45    22%   23%   27%   29%
    C---  3,389    46%⚪   -0.3344  -0.3061  -0.0272   +0.344  +0.350  -1.451   -1.058    43    21%   25%   27%   27%

  ══════ ZigZag 5% ══════
   C_mag      N   Bull%      W_sl     C_sl     T_sl       σW      σC      σT    σVW_c   RSI    HH%   HL%   LH%   LL%
    C+++  1,348    73%🟢   +0.2719  +0.3005  +0.0833   -0.416  -0.416  +1.183   +1.212    57    41%   31%   16%   11%
     C++    801    70%🟢   +0.1159  +0.1292  +0.0521   -0.210  -0.162  +0.511   +0.955    55    39%   31%   18%   12%
      C+    803    61%🟢   +0.0066  +0.0429  +0.0510   -0.262  -0.453  -0.175   -0.051    48    28%   33%   22%   18%
      C-    564    41%🔴   -0.1144  -0.0315  +0.0511   -0.186  -0.738  -0.988   -0.887    44    14%   27%   31%   28%
     C--    727    34%🔴   -0.1617  -0.1080  +0.0263   -0.164  -0.655  -1.387   -1.278    42    12%   22%   31%   35%
    C---  1,568    39%🔴   -0.4193  -0.3319  -0.0327   +0.297  +0.179  -1.545   -1.118    42    17%   22%   29%   32%

  ══════ ZigZag 7.5% ══════
   C_mag      N   Bull%      W_sl     C_sl     T_sl       σW      σC      σT    σVW_c   RSI    HH%   HL%   LH%   LL%
    C+++    673    79%🟢   +0.2684  +0.2968  +0.0840   +0.001  -0.076  +1.306   +1.452    61    51%   28%   14%    7%
     C++    415    74%🟢   +0.1247  +0.1298  +0.0544   +0.096  +0.177  +0.693   +1.364    59    44%   30%   18%    8%
      C+    370    64%🟢   +0.0018  +0.0428  +0.0524   -0.235  -0.502  -0.131   -0.091    49    28%   35%   25%   12%
      C-    276    47%⚪   -0.1435  -0.0330  +0.0445   -0.258  -1.078  -0.976   -1.252    40    12%   35%   30%   24%
     C--    390    42%🔴   -0.2157  -0.1079  +0.0305   -0.390  -1.013  -1.641   -1.668    38     9%   33%   25%   34%
    C---    886    31%🔴   -0.4465  -0.3469  -0.0276   +0.188  -0.054  -1.676   -1.245    41    12%   20%   30%   39%

==================================================================================================================================
  4. W × C MAGNITUDES CRUZADAS — Bull% en pivotes de cada zigzag
==================================================================================================================================

  ══════ ZigZag 2.5% ══════
           C+++      C++       C+       C-      C--     C---
  W+++   67%🟢   79%🟢   75%🟢   72%🟢   76%🟢   65%🟢
   W++   69%🟢   73%🟢   77%🟢   64%🟢   57%     67%🟢
    W+   58%     59%     62%🟢   60%     60%🟢   55%  
    W-   48%     49%     42%     42%     47%     45%  
   W--   42%     41%     38%🔴   38%🔴   35%🔴   44%  
  W---   31%🔴   35%🔴   27%🔴   27%🔴   29%🔴   42%  

  ══════ ZigZag 5% ══════
           C+++      C++       C+       C-      C--     C---
  W+++   80%🟢   83%🟢   76%🟢   62%🟢   57%     71%🟢
   W++   76%🟢   79%🟢   80%🟢   51%     50%     61%🟢
    W+   67%🟢   65%🟢   60%🟢   53%     55%     58%  
    W-   55%     57%     48%     38%🔴   31%🔴   40%🔴
   W--   51%     62%🟢   56%     37%🔴   31%🔴   36%🔴
  W---   44%     53%     47%     30%🔴   23%🔴   32%🔴

  ══════ ZigZag 7.5% ══════
           C+++      C++       C+       C-      C--     C---
  W+++   88%🟢   81%🟢   80%🟢   59%     65%🟢   71%🟢
   W++   82%🟢   76%🟢   56%     50%     35%🔴   48%  
    W+   74%🟢   73%🟢   71%🟢   45%     52%     49%  
    W-   44%     83%🟢   70%🟢   46%     45%     38%🔴
   W--   67%🟢   65%🟢   61%🟢   46%     43%     30%🔴
  W---   57%     65%🟢   47%     43%     34%🔴   26%🔴

==================================================================================================================================
  5. TRANSICIONES DE MAGNITUD W ENTRE PIVOTES CONSECUTIVOS — por zigzag
==================================================================================================================================

  ══════ ZigZag 2.5% ══════
    W_from →     W_to       N   Bull%
      W--- →     W---   2,840    41%🔴
      W+++ →     W+++   2,247    63%🟢
       W++ →      W++     958    65%🟢
       W-- →      W--     957    40%🔴
        W+ →       W+     865    58%🟢
        W- →       W-     654    44%🔴
       W++ →       W+     492    50%⚪
      W+++ →      W++     439    61%🟢
        W+ →       W-     387    32%🔴
        W+ →      W++     384    82%🟢
       W-- →     W---     364    19%🔴
        W- →      W--     360    24%🔴
        W- →       W+     328    70%🟢
       W++ →     W+++     323    85%🟢
      W--- →      W--     309    57%🟢
       W-- →       W-     300    56%🟢
        W+ →      W--     230    26%🔴
      W--- →     W+++     193    71%🟢
       W-- →       W+     190    65%🟢
       W++ →       W-     178    44%🔴

  ══════ ZigZag 5% ══════
    W_from →     W_to       N   Bull%
      W--- →     W---   1,117    34%🔴
      W+++ →     W+++     618    70%🟢
      W--- →     W+++     210    74%🟢
       W-- →      W--     207    30%🔴
       W++ →      W++     203    73%🟢
      W+++ →     W---     200    50%⚪
        W+ →       W+     158    59%🟢
      W+++ →      W++     150    62%🟢
       W++ →       W+     150    59%🟢
       W-- →     W---     142    13%🔴
       W++ →     W---     141    45%🔴
      W--- →      W++     140    59%🟢
        W- →       W-     138    40%🔴
      W--- →      W--     127    46%⚪
        W+ →      W--     122    37%🔴
        W+ →       W-     121    36%🔴
       W-- →     W+++     121    91%🟢
       W-- →       W+     119    68%🟢
        W+ →     W---     109    29%🔴
        W- →      W--     109    24%🔴

  ══════ ZigZag 7.5% ══════
    W_from →     W_to       N   Bull%
      W--- →     W---     560    26%🔴
      W+++ →     W+++     199    78%🟢
      W--- →     W+++     189    75%🟢
      W+++ →     W---     176    55%⚪
       W++ →     W---     127    54%⚪
      W--- →      W++     116    60%🟢
      W--- →       W+      91    63%🟢
        W+ →     W---      86    45%⚪
       W-- →     W+++      86    92%🟢
      W+++ →      W--      80    79%🟢
       W-- →     W---      75    15%🔴
       W-- →      W--      74    28%🔴
      W--- →      W--      70    33%🔴
       W++ →      W--      69    67%🟢
       W-- →      W++      66    68%🟢
        W+ →      W--      65    42%🔴
      W+++ →      W++      63    65%🟢
       W++ →       W+      59    69%🟢
       W-- →       W+      56    62%🟢
       W++ →      W++      52    75%🟢

==================================================================================================================================
  6. TRANSICIONES DE MAGNITUD C ENTRE PIVOTES CONSECUTIVOS — por zigzag
==================================================================================================================================

  ══════ ZigZag 2.5% ══════
    C_from →     C_to       N   Bull%
      C+++ →     C+++   3,064    58%🟢
      C--- →     C---   3,055    48%⚪
       C++ →      C++   1,423    56%🟢
        C+ →       C+   1,413    52%⚪
       C-- →      C--   1,223    47%⚪
        C- →       C-     812    49%⚪
       C++ →       C+     487    40%🔴
      C+++ →      C++     414    48%⚪
        C+ →       C-     400    32%🔴
        C- →      C--     345    30%🔴
        C+ →      C++     335    81%🟢
       C++ →     C+++     301    81%🟢
       C-- →     C---     278    33%🔴
        C- →       C+     270    74%🟢
       C-- →       C-     248    67%🟢
      C--- →      C--     220    68%🟢
        C+ →     C+++     111    97%🟢
       C-- →       C+     104    88%🟢
        C+ →      C--     101    22%🔴
        C- →      C++      78    95%🟢

  ══════ ZigZag 5% ══════
    C_from →     C_to       N   Bull%
      C--- →     C---   1,288    43%🔴
      C+++ →     C+++     962    65%🟢
       C++ →      C++     303    59%🟢
        C+ →       C+     296    60%🟢
       C-- →      C--     294    34%🔴
      C+++ →      C++     210    62%🟢
       C++ →       C+     208    52%⚪
        C- →       C-     166    36%🔴
        C+ →       C-     155    37%🔴
       C-- →     C---     146    25%🔴
        C- →      C--     137    18%🔴
       C++ →     C+++     126    81%🟢
        C+ →      C++     120    86%🟢
      C--- →      C--     109    45%🔴
        C- →       C+     104    66%🟢
        C+ →      C--     100    26%🔴
       C-- →       C-      99    52%⚪
        C+ →     C+++      97    98%🟢
      C+++ →       C+      91    58%🟢
       C++ →       C-      73    37%🔴

  ══════ ZigZag 7.5% ══════
    C_from →     C_to       N   Bull%
      C--- →     C---     639    36%🔴
      C+++ →     C+++     382    71%🟢
      C+++ →      C++     111    68%🟢
       C++ →      C++     109    69%🟢
       C-- →      C--     103    22%🔴
       C++ →       C+      96    62%🟢
        C+ →       C+      93    58%🟢
       C-- →     C---      82    18%🔴
        C+ →      C--      74    45%🔴
      C--- →     C+++      73    86%🟢
        C+ →       C-      66    42%🔴
       C-- →      C++      66    85%🟢
       C++ →     C+++      62    84%🟢
      C--- →      C--      61    43%🔴
       C-- →     C+++      59    95%🟢
       C++ →      C--      58    67%🟢
      C+++ →       C+      58    57%🟢
        C- →       C-      55    25%🔴
        C- →      C--      55    24%🔴
        C+ →     C+++      54    96%🟢

==================================================================================================================================
  7. ¿QUIÉN YA GIRÓ EN EL PIVOTE? — con magnitudes completas
==================================================================================================================================

  ══════ HL ══════
     2.5% (N=4,079) Ya positivo: Wave=56% (+++=23% ++=17% +=16%)  Current=59% (+++=27% ++=16% +=16%)
       5% (N=1,596) Ya positivo: Wave=45% (+++=19% ++=12% +=13%)  Current=59% (+++=27% ++=16% +=17%)
     7.5% (N=  843) Ya positivo: Wave=32% (+++=14% ++=8% +=11%)  Current=53% (+++=22% ++=15% +=16%)

  ══════ LL ══════
     2.5% (N=3,499) Ya positivo: Wave=29% (+++=11% ++=7% +=11%)  Current=46% (+++=18% ++=12% +=16%)
       5% (N=1,311) Ya positivo: Wave=15% (+++=6% ++=3% +=6%)  Current=30% (+++=11% ++=7% +=11%)
     7.5% (N=  662) Ya positivo: Wave=8% (+++=3% ++=2% +=3%)  Current=18% (+++=7% ++=5% +=7%)

  ══════ HH ══════
     2.5% (N=3,954) Ya negativo: Wave=29% (---=13% --=7% -=8%)  Current=38% (---=18% --=11% -=9%)
       5% (N=1,512) Ya negativo: Wave=20% (---=10% --=4% -=5%)  Current=28% (---=17% --=6% -=5%)
     7.5% (N=  802) Ya negativo: Wave=13% (---=7% --=3% -=3%)  Current=21% (---=13% --=4% -=4%)

  ══════ LH ══════
     2.5% (N=3,621) Ya negativo: Wave=58% (---=29% --=16% -=13%)  Current=51% (---=25% --=14% -=12%)
       5% (N=1,392) Ya negativo: Wave=60% (---=35% --=13% -=12%)  Current=61% (---=33% --=16% -=13%)
     7.5% (N=  703) Ya negativo: Wave=60% (---=38% --=14% -=9%)  Current=63% (---=38% --=14% -=12%)

==================================================================================================================================
  8. SIGMA POSITIONS POR MAGNITUD DE W — en zigzag 5%
==================================================================================================================================
   W_mag  Piv      N        σW       σC       σT     σVW_w    σVW_c    Δ(W-C)   Δ(C-T)    RSI
    W+++   HH    630    +0.557   +1.401   +1.792    +1.703   +1.957    -0.844   -0.390     69
    W+++   HL    306    -1.357   -0.104   +0.867    +0.514   +0.848    -1.253   -0.971     53
    W+++   LH    199    -0.209   +0.815   +0.731    +1.208   +1.012    -1.024   +0.084     58
    W+++   LL     77    -1.670   -0.939   +0.461    +0.058   +0.426    -0.732   -1.400     48
     W++   HH    366    +0.929   +1.115   +1.366    +1.807   +1.855    -0.186   -0.251     66
     W++   HL    199    -1.657   -1.301   -0.004    -0.268   +0.203    -0.356   -1.298     46
     W++   LH    170    +0.258   +0.604   +0.523    +1.289   +1.026    -0.347   +0.082     58
     W++   LL     43    -1.667   -1.869   -0.291    -0.705   -0.242    +0.202   -1.578     43
      W+   HH    218    +1.349   +1.036   +0.923    +1.900   +1.553    +0.313   +0.113     63
      W+   HL    206    -1.574   -1.292   -0.444    -1.002   -0.271    -0.282   -0.848     43
      W+   LH    186    +0.631   +0.577   +0.213    +1.074   +0.755    +0.055   +0.364     56
      W+   LL     80    -1.906   -1.994   -0.853    -1.542   -1.082    +0.088   -1.141     39
      W-   HH     75    +1.627   +1.359   +0.405    +1.554   +1.175    +0.268   +0.955     60
      W-   HL    176    -1.256   -1.383   -0.968    -1.543   -0.740    +0.127   -0.415     42
      W-   LH    167    +1.114   +0.631   -0.193    +0.892   +0.350    +0.483   +0.825     56
      W-   LL    155    -1.620   -1.591   -1.549    -1.844   -1.439    -0.030   -0.042     37
     W--   HH     66    +1.585   +1.411   +0.260    +0.873   +0.441    +0.175   +1.150     57
     W--   HL    268    -0.787   -1.572   -1.002    -1.577   -0.996    +0.784   -0.570     40
     W--   LH    187    +0.913   +0.185   -0.710    -0.037   -0.217    +0.728   +0.896     51
     W--   LL    260    -1.296   -1.496   -1.819    -1.855   -1.721    +0.199   +0.323     36
    W---   HH    157    +1.618   +0.676   -1.071    -0.105   -0.599    +0.942   +1.746     49
    W---   HL    441    +0.051   -1.298   -1.646    -1.228   -1.278    +1.349   +0.348     38
    W---   LH    483    +0.789   -0.496   -1.565    -0.744   -1.074    +1.286   +1.068     43
    W---   LL    696    -0.729   -1.712   -2.277    -1.621   -1.886    +0.983   +0.565     32
