<string>:8: UserWarning: pandas only supports SQLAlchemy connectable (engine/connection) or database string URI or sqlite3 DBAPI2 connection. Other DBAPI2 objects are not tested. Please consider using SQLAlchemy.
Total daily snapshots: 91,252
Tickers: 17
Flow vectors computed: 91,167

╔══════════════════════════════════════════════════════════════════════════════════════════════════════════════╗
║  CAMPO DE FLUJO LANGEVIN — ¿Hacia dónde fluye el sistema desde cada punto?                                  ║
╚══════════════════════════════════════════════════════════════════════════════════════════════════════════════╝

══════════════════════════════════════════════════════════════════════════════════════════════════════════════
  DRIFT FIELD — ALL (N=73,232)
  Cada celda muestra: dirección promedio del flujo 1-día y magnitud
══════════════════════════════════════════════════════════════════════════════════════════════════════════════
  Celdas válidas: 119 / 120

  FLUJO 1-DÍA (flechas = dirección promedio del movimiento de σ_current):
           -0.225 -0.175 -0.125 -0.075 -0.025 +0.025 +0.075 +0.125 +0.175 +0.225   ← slope_current
  σ=+2.8 │ !!↓!!  !!↓!!  !!↓!!  !!↓!!  !!↓!!  !!↓!!  !!↓!!  !!↓!!  !!↓!!  !!↓!! 
  σ=+2.2 │ !!↓!!  !!↓!!  !!↓!!  !!↓!!  !!↓!!  !!↓!!  !!↓!!  !!↓!!  !!↓!!  !!↓!! 
  σ=+1.8 │ **↓**  **↓**  **↓**  !!↓!!  !!↓!!  !!↓!!  !!↓!!  !!↓!!  !!↓!!  !!↓!! 
  σ=+1.2 │   ↑      •      ↓      ↓    **↓**  **↓**  !!↓!!  !!↓!!  !!↓!!  !!↓!! 
  σ=+0.8 │   ↑      ↑    **↑**    ↑      ↓      ↓    **↓**  !!↓!!  !!↓!!  !!↓!! 
  σ=+0.2 │ **↑**  **↑**  !!↑!!    ↑      ↑      •      ↓    **↓**  !!↓!!  **↓** 
  σ=-0.2 │ !!↑!!  **↑**  !!↑!!  **↑**  **↑**  **↑**    ↓    **↓**  **↓**  !!↓!! 
  σ=-0.8 │ !!↑!!  !!↑!!  !!↑!!  !!↑!!  **↑**  **↑**    ↑      ↓    **↓**  !!↓!! 
  σ=-1.2 │ !!↑!!  !!↑!!  !!↑!!  !!↑!!  !!↑!!  **↑**  **↑**    ↑      ↑      •   
  σ=-1.8 │ !!↑!!  !!↑!!  !!↑!!  !!↑!!  !!↑!!  !!↑!!  !!↑!!  !!↑!!  **↑**    ↑   
  σ=-2.2 │ !!↑!!  !!↑!!  !!↑!!  !!↑!!  !!↑!!  !!↑!!  !!↑!!  !!↑!!  !!↑!!  !!↑!! 
  σ=-2.8 │    ·   !!↑!!  !!↑!!  !!↑!!  !!↑!!  !!↑!!  !!↑!!  !!↑!!  !!↑!!  !!↑!! 
           └── slope_current →
  Leyenda: ↑↓←→↗↘↖↙=dirección  •=equilibrio  *=fuerza media  !=fuerza fuerte

  DRIFT PROMEDIO POR ZONA σ (marginalizando slope):
      σ zone        N     Δσ/día      Δσ/5d   Δslope/día    Dirección
        -2.8    1,562    +0.3119    +1.2359    -0.012584 ↑ (hacia canal)
        -2.2    3,176    +0.2254    +0.9686    -0.010828 ↑ (hacia canal)
        -1.8    5,327    +0.1407    +0.6998    -0.009048 ↑ (hacia canal)
        -1.2    7,205    +0.0763    +0.4713    -0.007184 ↑ (hacia canal)
        -0.8    8,482    +0.0355    +0.2701    -0.004492 ↑ (hacia canal)
        -0.2    9,393    +0.0069    +0.0746    -0.001682 • (equilibrio)
        +0.2    9,539    -0.0124    -0.1042    +0.001254 ↓ (hacia canal)
        +0.8    9,960    -0.0439    -0.2625    +0.004464 ↓ (hacia canal)
        +1.2    8,998    -0.0831    -0.4524    +0.007224 ↓ (hacia canal)
        +1.8    5,983    -0.1249    -0.6140    +0.009225 ↓ (hacia canal)
        +2.2    2,698    -0.2173    -0.8642    +0.010550 ↓ (hacia canal)
        +2.8      909    -0.3324    -1.2120    +0.012137 ↓ (hacia canal)

══════════════════════════════════════════════════════════════════════════════════════════════════════════════
  DRIFT FIELD — T+++ (N=16,655)
  Cada celda muestra: dirección promedio del flujo 1-día y magnitud
══════════════════════════════════════════════════════════════════════════════════════════════════════════════
  Celdas válidas: 97 / 120

  FLUJO 1-DÍA (flechas = dirección promedio del movimiento de σ_current):
           -0.225 -0.175 -0.125 -0.075 -0.025 +0.025 +0.075 +0.125 +0.175 +0.225   ← slope_current
  σ=+2.8 │    ·      ·      ·      ·      ·      ·   !!↓!!  !!↓!!     ·      ·  
  σ=+2.2 │    ·      ·   !!↓!!  !!↓!!  !!↓!!  !!↓!!  !!↓!!  !!↓!!  !!↓!!     ·  
  σ=+1.8 │    ·     ↑    **↓**  !!↓!!  **↓**  !!↓!!  **↓**  !!↓!!  !!↓!!  !!↓!! 
  σ=+1.2 │   ↑      ↑      ↓    **↓**    ↗      ↓    !!↓!!  !!↓!!  !!↓!!  !!↓!! 
  σ=+0.8 │ **↓**  **↑**    ↑      ↑    **↓**    •    **↓**  **↓**  !!↓!!  !!↓!! 
  σ=+0.2 │ **↑**  !!↑!!  **↑**    ↑      ↓      ↑    **↓**    ↓    !!↓!!  **↓** 
  σ=-0.2 │ !!↑!!  **↑**  **↑**  **↑**  **↑**    ↑      ↓    !!↓!!  **↓**  !!↓!! 
  σ=-0.8 │ !!↑!!  !!↑!!  !!↑!!  !!↑!!  !!↑!!  !!↑!!    ↑      •      ↑    !!↓!! 
  σ=-1.2 │    ·   !!↑!!  !!↑!!  !!↑!!  !!↑!!  **↑**  !!↑!!    •      •      ↓   
  σ=-1.8 │    ·      ·   !!↑!!  !!↑!!  !!↑!!  !!↑!!  !!↑!!  !!↑!!  !!↑!!    •   
  σ=-2.2 │    ·      ·      ·   !!↑!!  !!↑!!  !!↑!!  !!↑!!  !!↑!!  !!↑!!  !!↑!! 
  σ=-2.8 │    ·      ·      ·      ·      ·   !!↑!!  !!↑!!  !!↑!!  !!↑!!  !!↑!! 
           └── slope_current →
  Leyenda: ↑↓←→↗↘↖↙=dirección  •=equilibrio  *=fuerza media  !=fuerza fuerte

  DRIFT PROMEDIO POR ZONA σ (marginalizando slope):
      σ zone        N     Δσ/día      Δσ/5d   Δslope/día    Dirección
        -2.8      441    +0.3449    +1.1850    -0.014330 ↑ (hacia canal)
        -2.2      853    +0.2115    +0.8912    -0.012335 ↑ (hacia canal)
        -1.8    1,330    +0.1313    +0.6783    -0.010776 ↑ (hacia canal)
        -1.2    1,771    +0.0639    +0.4562    -0.008567 ↑ (hacia canal)
        -0.8    2,091    +0.0565    +0.3161    -0.005507 ↑ (hacia canal)
        -0.2    2,279    -0.0237    +0.0355    -0.002674 ↓ (lejos canal)
        +0.2    2,178    -0.0244    -0.1183    +0.000083 ↓ (hacia canal)
        +0.8    2,084    -0.0537    -0.3101    +0.003435 ↓ (hacia canal)
        +1.2    1,714    -0.0750    -0.4543    +0.006913 ↓ (hacia canal)
        +1.8    1,169    -0.1429    -0.6852    +0.008815 ↓ (hacia canal)
        +2.2      559    -0.2107    -0.8699    +0.010440 ↓ (hacia canal)
        +2.8      186    -0.3533    -1.3481    +0.012650 ↓ (hacia canal)

══════════════════════════════════════════════════════════════════════════════════════════════════════════════
  DRIFT FIELD — T+ (N=18,855)
  Cada celda muestra: dirección promedio del flujo 1-día y magnitud
══════════════════════════════════════════════════════════════════════════════════════════════════════════════
  Celdas válidas: 105 / 120

  FLUJO 1-DÍA (flechas = dirección promedio del movimiento de σ_current):
           -0.225 -0.175 -0.125 -0.075 -0.025 +0.025 +0.075 +0.125 +0.175 +0.225   ← slope_current
  σ=+2.8 │    ·      ·      ·   !!↓!!  !!↓!!  !!↓!!  !!↓!!     ·      ·      ·  
  σ=+2.2 │ !!↓!!  !!↓!!  !!↓!!  !!↓!!  !!↓!!  !!↓!!  !!↓!!  !!↓!!  !!↓!!     ·  
  σ=+1.8 │ **↓**  **↓**  **↓**  !!↓!!  **↓**  !!↓!!  !!↓!!  !!↓!!  !!↓!!  !!↓!! 
  σ=+1.2 │   ↓      ↑      ↑      ↓    **↓**  **↓**  !!↓!!  !!↓!!  !!↓!!  !!↓!! 
  σ=+0.8 │ **↑**  **↑**    ↑      •      •    **↓**  **↓**  !!↓!!    ↓    !!↓!! 
  σ=+0.2 │ !!↑!!  **↑**  !!↑!!  !!↑!!  **↑**    ↓      ↓    **↓**  !!↓!!  !!↓!! 
  σ=-0.2 │ !!↑!!  !!↑!!  !!↑!!  **↑**  **↑**  **↑**  **↓**    ↓    !!↓!!  **↓** 
  σ=-0.8 │ !!↑!!  !!↑!!  !!↑!!  !!↑!!    ↓    **↑**    ↓    **↓**  **↓**  !!↓!! 
  σ=-1.2 │    ·   !!↑!!  !!↑!!  !!↑!!  !!↑!!  **↑**    ↑      ↓      ↓      ↓   
  σ=-1.8 │    ·   !!↑!!  !!↑!!  !!↑!!  !!↑!!  !!↑!!  !!↑!!  !!↑!!  **↑**  **↑** 
  σ=-2.2 │    ·      ·   !!↑!!  !!↑!!  !!↑!!  !!↑!!  !!↑!!  !!↑!!  !!↑!!  **↓** 
  σ=-2.8 │    ·      ·      ·      ·   !!↑!!  !!↑!!  !!↑!!  !!↑!!  !!↑!!  !!↑!! 
           └── slope_current →
  Leyenda: ↑↓←→↗↘↖↙=dirección  •=equilibrio  *=fuerza media  !=fuerza fuerte

  DRIFT PROMEDIO POR ZONA σ (marginalizando slope):
      σ zone        N     Δσ/día      Δσ/5d   Δslope/día    Dirección
        -2.8      416    +0.2730    +1.1365    -0.011045 ↑ (hacia canal)
        -2.2      812    +0.1907    +0.9240    -0.009729 ↑ (hacia canal)
        -1.8    1,426    +0.1464    +0.6542    -0.007343 ↑ (hacia canal)
        -1.2    1,919    +0.0652    +0.4391    -0.006251 ↑ (hacia canal)
        -0.8    2,091    +0.0084    +0.1956    -0.003887 • (equilibrio)
        -0.2    2,293    +0.0169    +0.0711    -0.001293 ↑ (hacia canal)
        +0.2    2,429    -0.0087    -0.1054    +0.001369 • (equilibrio)
        +0.8    2,542    -0.0461    -0.2656    +0.004261 ↓ (hacia canal)
        +1.2    2,344    -0.0786    -0.4478    +0.006535 ↓ (hacia canal)
        +1.8    1,678    -0.1124    -0.5362    +0.008561 ↓ (hacia canal)
        +2.2      697    -0.2310    -0.8507    +0.009246 ↓ (hacia canal)
        +2.8      208    -0.2964    -1.0403    +0.010711 ↓ (hacia canal)

══════════════════════════════════════════════════════════════════════════════════════════════════════════════
  DRIFT FIELD — T- (N=7,101)
  Cada celda muestra: dirección promedio del flujo 1-día y magnitud
══════════════════════════════════════════════════════════════════════════════════════════════════════════════
  Celdas válidas: 84 / 120

  FLUJO 1-DÍA (flechas = dirección promedio del movimiento de σ_current):
           -0.225 -0.175 -0.125 -0.075 -0.025 +0.025 +0.075 +0.125 +0.175 +0.225   ← slope_current
  σ=+2.8 │    ·      ·      ·      ·      ·      ·      ·      ·      ·      ·  
  σ=+2.2 │    ·   !!↓!!    ↘    !!↓!!  !!↓!!  !!↓!!  !!↓!!     ·      ·      ·  
  σ=+1.8 │ !!↓!!    ↑    !!↓!!  !!↓!!  !!↓!!  **↓**  !!↓!!  !!↓!!  !!↓!!     ·  
  σ=+1.2 │ !!↑!!    ↑      ↘      ↓    **↓**  !!↓!!  !!↓!!  !!↓!!  !!↓!!  !!↓!! 
  σ=+0.8 │ **↑**    ↑    !!↑!!    ↑    **↑**    •    **↓**  !!↓!!  **↓**  !!↓!! 
  σ=+0.2 │   •    !!↑!!  **↑**    ↑      ↑      ↓      ↓    !!↓!!  !!↓!!    ↓   
  σ=-0.2 │   ↑    **↑**  !!↑!!  **↑**  **↑**  !!↑!!  **↑**    ↑    **↓**  **↓** 
  σ=-0.8 │ **↑**  !!↑!!  !!↑!!  **↑**  !!↑!!  !!↑!!  !!↑!!    ↓    !!↓!!  **↓** 
  σ=-1.2 │    ·      ·   !!↑!!  !!↑!!  !!↑!!  !!↑!!  !!↑!!    ↑    !!↑!!    •   
  σ=-1.8 │    ·      ·      ·   !!↑!!  !!↑!!  !!↑!!  **↑**  **↑**  **↑**  !!↑!! 
  σ=-2.2 │    ·      ·      ·      ·   !!↑!!  !!↑!!  !!↑!!  !!↑!!     ·      ·  
  σ=-2.8 │    ·      ·      ·      ·      ·      ·      ·      ·      ·      ·  
           └── slope_current →
  Leyenda: ↑↓←→↗↘↖↙=dirección  •=equilibrio  *=fuerza media  !=fuerza fuerte

  DRIFT PROMEDIO POR ZONA σ (marginalizando slope):
      σ zone        N     Δσ/día      Δσ/5d   Δslope/día    Dirección
        -2.8      102    +0.2030    +1.2848    -0.012339 ↑ (hacia canal)
        -2.2      237    +0.2439    +1.0439    -0.009829 ↑ (hacia canal)
        -1.8      416    +0.1408    +0.7737    -0.007914 ↑ (hacia canal)
        -1.2      542    +0.1270    +0.5577    -0.007138 ↑ (hacia canal)
        -0.8      785    +0.0669    +0.4057    -0.004517 ↑ (hacia canal)
        -0.2      931    +0.0582    +0.2514    -0.001011 ↑ (hacia canal)
        +0.2      949    -0.0013    +0.0089    +0.001233 • (equilibrio)
        +0.8    1,053    -0.0025    -0.0964    +0.004788 • (equilibrio)
        +1.2    1,013    -0.0661    -0.3691    +0.006995 ↓ (hacia canal)
        +1.8      667    -0.1180    -0.6318    +0.008980 ↓ (hacia canal)
        +2.2      295    -0.2226    -0.8755    +0.010104 ↓ (hacia canal)
        +2.8      111    -0.3396    -1.3858    +0.010566 ↓ (hacia canal)

══════════════════════════════════════════════════════════════════════════════════════════════════════════════
  DRIFT FIELD — T--- (N=5,207)
  Cada celda muestra: dirección promedio del flujo 1-día y magnitud
══════════════════════════════════════════════════════════════════════════════════════════════════════════════
  Celdas válidas: 77 / 120

  FLUJO 1-DÍA (flechas = dirección promedio del movimiento de σ_current):
           -0.225 -0.175 -0.125 -0.075 -0.025 +0.025 +0.075 +0.125 +0.175 +0.225   ← slope_current
  σ=+2.8 │    ·      ·      ·      ·      ·      ·      ·      ·      ·      ·  
  σ=+2.2 │ !!↓!!    →       ·   !!↓!!     ·      ·      ·      ·      ·      ·  
  σ=+1.8 │ **↓**  !!↓!!  **↓**  **↓**  !!↓!!  !!↓!!  !!↓!!  !!↓!!     ·      ·  
  σ=+1.2 │   ↗    **↓**    ↓      ↘    !!↓!!    ↘    !!↓!!  !!↓!!  !!↓!!  !!↓!! 
  σ=+0.8 │   ↑      ↘    !!↑!!    ↑    !!↓!!  **↓**    →      ↓    !!↓!!  !!↓!! 
  σ=+0.2 │ **↑**    ↑      ↑    **↓**  **↑**    •    **↓**  **↓**  **↓**  **↓** 
  σ=-0.2 │ !!↑!!  **↓**  !!↑!!    ↓      •      ↑    !!↑!!  **↑**    ↓    !!↓!! 
  σ=-0.8 │   ↑    !!↑!!    ↖    **↓**  **↑**  **↓**  !!↑!!    ↑    **↓**  **↓** 
  σ=-1.2 │ !!↑!!  **↑**  **↑**  !!↑!!     ·   **↑**  !!↑!!  !!↑!!    ↖    !!↑!! 
  σ=-1.8 │    ·      ·      ·     ↙    !!↑!!  !!↑!!  **↑**  !!↑!!  **↑**  **↑** 
  σ=-2.2 │    ·      ·      ·      ·      ·      ·      ·      ·      ·      ·  
  σ=-2.8 │    ·      ·      ·      ·      ·      ·      ·      ·      ·      ·  
           └── slope_current →
  Leyenda: ↑↓←→↗↘↖↙=dirección  •=equilibrio  *=fuerza media  !=fuerza fuerte

  DRIFT PROMEDIO POR ZONA σ (marginalizando slope):
      σ zone        N     Δσ/día      Δσ/5d   Δslope/día    Dirección
        -2.8       62    +0.3230    +1.2435    -0.019199 ↑ (hacia canal)
        -2.2      165    +0.2415    +1.0581    -0.015221 ↑ (hacia canal)
        -1.8      331    +0.1178    +0.6581    -0.013468 ↑ (hacia canal)
        -1.2      490    +0.0999    +0.4536    -0.009537 ↑ (hacia canal)
        -0.8      594    +0.0105    +0.2332    -0.005338 ↑ (hacia canal)
        -0.2      647    +0.0240    +0.0183    -0.000862 ↑ (hacia canal)
        +0.2      710    -0.0124    -0.1175    +0.004206 ↓ (hacia canal)
        +0.8      759    -0.0293    -0.2038    +0.009974 ↓ (hacia canal)
        +1.2      669    -0.0823    -0.3932    +0.014529 ↓ (hacia canal)
        +1.8      488    -0.1257    -0.5496    +0.016979 ↓ (hacia canal)
        +2.2      222    -0.1927    -0.8457    +0.018512 ↓ (hacia canal)
        +2.8       70    -0.3853    -1.2734    +0.022265 ↓ (hacia canal)

══════════════════════════════════════════════════════════════════════════════════════════════════════════════
  POTENCIAL EFECTIVO V(σ) — computado del drift (F = -dV/dσ → V = -∫F dσ)
══════════════════════════════════════════════════════════════════════════════════════════════════════════════

  ── ALL ──
     σ_c   F(σ)=drift   V(σ)=-∫F      N   5d drift            Pozo
   -2.88     +0.33982    -0.0850    645   +1.35212 ▓ ← POZO BULL
   -2.62     +0.29223    -0.1580    917   +1.15421 ▓▓▓ ← POZO BULL
   -2.38     +0.24756    -0.2199   1378   +1.01665 ▓▓▓▓ ← POZO BULL
   -2.12     +0.20838    -0.2720   1798   +0.93181 ▓▓▓▓▓ ← POZO BULL
   -1.88     +0.15803    -0.3115   2320   +0.79112 ▓▓▓▓▓▓ ← POZO BULL
   -1.62     +0.12737    -0.3433   3007   +0.62932 ▓▓▓▓▓▓ ← POZO BULL
   -1.38     +0.08718    -0.3651   3447   +0.51747 ▓▓▓▓▓▓▓ ← POZO BULL
   -1.12     +0.06632    -0.3817   3758   +0.42895 ▓▓▓▓▓▓▓ ← POZO BULL
   -0.88     +0.03969    -0.3916   4174   +0.29595 ▓▓▓▓▓▓▓ ← POZO BULL
   -0.62     +0.03152    -0.3995   4308   +0.24506 ▓▓▓▓▓▓▓ ← POZO BULL
   -0.38     +0.02666    -0.4062   4602   +0.13467 ▓▓▓▓▓▓▓▓ ← POZO BULL
   -0.12     -0.01203    -0.4032   4791   +0.01693 ▓▓▓▓▓▓▓▓ ← POZO BULL
   +0.12     -0.00930    -0.4009   4694   -0.06066 ▓▓▓▓▓▓▓▓ ← POZO BULL
   +0.38     -0.01531    -0.3970   4845   -0.14634 ▓▓▓▓▓▓▓ ← POZO BULL
   +0.62     -0.03157    -0.3891   4969   -0.20517 ▓▓▓▓▓▓▓ ← POZO BULL
   +0.88     -0.05619    -0.3751   4991   -0.31953 ▓▓▓▓▓▓▓ ← POZO BULL
   +1.12     -0.06986    -0.3576   4770   -0.40477 ▓▓▓▓▓▓▓ ← POZO BULL
   +1.38     -0.09809    -0.3331   4228   -0.50608 ▓▓▓▓▓▓ ← POZO BULL
   +1.62     -0.10522    -0.3068   3470   -0.57512 ▓▓▓▓▓▓ ← POZO BULL
   +1.88     -0.15210    -0.2688   2513   -0.66760 ▓▓▓▓▓ ← POZO BULL
   +2.12     -0.19791    -0.2193   1618   -0.81125 ▓▓▓▓ ← POZO BULL
   +2.38     -0.24641    -0.1577   1080   -0.94348 ▓▓▓ ← POZO BULL
   +2.62     -0.31709    -0.0784    580   -1.16186 ▓ ← POZO BULL
   +2.88     -0.35950    +0.0115    329   -1.30043  

  ── T+++ ──
     σ_c   F(σ)=drift   V(σ)=-∫F      N   5d drift            Pozo
   -2.88     +0.33926    -0.0848    209   +1.24891 ▓ ← POZO BULL
   -2.62     +0.35006    -0.1723    232   +1.12734 ▓▓▓ ← POZO BULL
   -2.38     +0.24748    -0.2342    390   +0.94774 ▓▓▓▓ ← POZO BULL
   -2.12     +0.18111    -0.2795    463   +0.84356 ▓▓▓▓▓ ← POZO BULL
   -1.88     +0.16382    -0.3204    595   +0.78570 ▓▓▓▓▓▓ ← POZO BULL
   -1.62     +0.10504    -0.3467    735   +0.59128 ▓▓▓▓▓▓ ← POZO BULL
   -1.38     +0.07236    -0.3648    848   +0.49657 ▓▓▓▓▓▓▓ ← POZO BULL
   -1.12     +0.05604    -0.3788    923   +0.41905 ▓▓▓▓▓▓▓ ← POZO BULL
   -0.88     +0.06534    -0.3951   1036   +0.32796 ▓▓▓▓▓▓▓ ← POZO BULL
   -0.62     +0.04791    -0.4071   1055   +0.30454 ▓▓▓▓▓▓▓▓ ← POZO BULL
   -0.38     +0.02133    -0.4124   1092   +0.07126 ▓▓▓▓▓▓▓▓ ← POZO BULL
   -0.12     -0.06509    -0.3962   1187   +0.00267 ▓▓▓▓▓▓▓ ← POZO BULL
   +0.12     -0.00905    -0.3939   1037   -0.06801 ▓▓▓▓▓▓▓ ← POZO BULL
   +0.38     -0.03826    -0.3843   1141   -0.16392 ▓▓▓▓▓▓▓ ← POZO BULL
   +0.62     -0.03789    -0.3749   1069   -0.25623 ▓▓▓▓▓▓▓ ← POZO BULL
   +0.88     -0.07026    -0.3573   1015   -0.36679 ▓▓▓▓▓▓▓ ← POZO BULL
   +1.12     -0.06607    -0.3408    911   -0.41275 ▓▓▓▓▓▓ ← POZO BULL
   +1.38     -0.08514    -0.3195    803   -0.50142 ▓▓▓▓▓▓ ← POZO BULL
   +1.62     -0.10737    -0.2927    672   -0.61025 ▓▓▓▓▓ ← POZO BULL
   +1.88     -0.19096    -0.2449    497   -0.78648 ▓▓▓▓ ← POZO BULL
   +2.12     -0.15476    -0.2062    341   -0.74460 ▓▓▓▓ ← POZO BULL
   +2.38     -0.29831    -0.1316    218   -1.06594 ▓▓ ← POZO BULL
   +2.62     -0.31479    -0.0530    111   -1.27038 ▓ ← POZO BULL
   +2.88     -0.41025    +0.0496     75   -1.46317  

  ── T--- ──
     σ_c   F(σ)=drift   V(σ)=-∫F      N   5d drift            Pozo
   -2.88          ---        ---    ---
   -2.62          ---        ---    ---
   -2.38     +0.32374    -0.0809     64   +1.04754 ▓ ← POZO BULL
   -2.12     +0.18940    -0.1283    101   +1.06474 ▓▓ ← POZO BULL
   -1.88     +0.10336    -0.1541    128   +0.59759 ▓▓▓ ← POZO BULL
   -1.62     +0.12683    -0.1858    203   +0.69627 ▓▓▓ ← POZO BULL
   -1.38     +0.09610    -0.2099    230   +0.47886 ▓▓▓▓ ← POZO BULL
   -1.12     +0.10332    -0.2357    260   +0.43121 ▓▓▓▓ ← POZO BULL
   -0.88     -0.02824    -0.2286    251   +0.31359 ▓▓▓▓ ← POZO BULL
   -0.62     +0.03885    -0.2383    343   +0.17444 ▓▓▓▓ ← POZO BULL
   -0.38     +0.05277    -0.2515    334   +0.06323 ▓▓▓▓▓ ← POZO BULL
   -0.12     -0.00676    -0.2498    313   -0.02961 ▓▓▓▓ ← POZO BULL
   +0.12     -0.06270    -0.2342    340   -0.15068 ▓▓▓▓ ← POZO BULL
   +0.38     +0.03389    -0.2426    370   -0.08700 ▓▓▓▓ ← POZO BULL
   +0.62     -0.03629    -0.2336    376   -0.12969 ▓▓▓▓ ← POZO BULL
   +0.88     -0.02239    -0.2280    383   -0.27650 ▓▓▓▓ ← POZO BULL
   +1.12     -0.05383    -0.2145    347   -0.32889 ▓▓▓▓ ← POZO BULL
   +1.38     -0.11289    -0.1863    322   -0.46260 ▓▓▓ ← POZO BULL
   +1.62     -0.11073    -0.1586    274   -0.50410 ▓▓▓ ← POZO BULL
   +1.88     -0.14490    -0.1224    214   -0.60775 ▓▓ ← POZO BULL
   +2.12     -0.18728    -0.0756    149   -0.82200 ▓ ← POZO BULL
   +2.38     -0.20372    -0.0246     73   -0.89422  
   +2.62     -0.36968    +0.0678     52   -1.28779 ░ ← POZO BEAR
   +2.88          ---        ---    ---

══════════════════════════════════════════════════════════════════════════════════════════════════════════════
  FUERZA RESTAURADORA — ¿El drift siempre empuja σ hacia cero?
══════════════════════════════════════════════════════════════════════════════════════════════════════════════

  ── ALL ──
  σ > 0 (above canal): k_mean = 0.0672 (>0 = mean-reverting)
  σ < 0 (below canal): k_mean = 0.0699 (>0 = mean-reverting)
    Zone   k_mean    k_std      N   Restoring?    τ=1/k (días)
    deep  +0.1052   0.2616   4737        ✅ YES             9.5
     low  +0.0696   0.4250  12532        ✅ YES            14.4
     neg  +0.0121   2.7761  17875        ✅ YES            82.5
     pos  +0.0572   2.4546  19498        ✅ YES            17.5
    high  +0.0685   0.3619  14982        ✅ YES            14.6
     ext  +0.1039   0.2160   3608        ✅ YES             9.6

  ── T+++ ──
  σ > 0 (above canal): k_mean = 0.0797 (>0 = mean-reverting)
  σ < 0 (below canal): k_mean = 0.0772 (>0 = mean-reverting)
    Zone   k_mean    k_std      N   Restoring?    τ=1/k (días)
    deep  +0.1051   0.2571   1294        ✅ YES             9.5
     low  +0.0612   0.4358   3101        ✅ YES            16.3
     neg  -0.0972   2.7871   4370         ❌ NO           -10.3
     pos  +0.0814   2.5608   4262        ✅ YES            12.3
    high  +0.0691   0.3850   2882        ✅ YES            14.5
     ext  +0.1025   0.2253    746        ✅ YES             9.8

  ── T--- ──
  σ > 0 (above canal): k_mean = 0.0440 (>0 = mean-reverting)
  σ < 0 (below canal): k_mean = 0.0671 (>0 = mean-reverting)
    Zone   k_mean    k_std      N   Restoring?    τ=1/k (días)
    deep  +0.1111   0.2254    227        ✅ YES             9.0
     low  +0.0757   0.3815    821        ✅ YES            13.2
     neg  +0.0429   2.8530   1241        ✅ YES            23.3
     pos  +0.0910   2.0744   1469        ✅ YES            11.0
    high  +0.0672   0.3530   1157        ✅ YES            14.9
     ext  +0.1010   0.1911    292        ✅ YES             9.9

DONE
