<string>:8: UserWarning: pandas only supports SQLAlchemy connectable (engine/connection) or database string URI or sqlite3 DBAPI2 connection. Other DBAPI2 objects are not tested. Please consider using SQLAlchemy.
<string>:14: UserWarning: pandas only supports SQLAlchemy connectable (engine/connection) or database string URI or sqlite3 DBAPI2 connection. Other DBAPI2 objects are not tested. Please consider using SQLAlchemy.
Total pivot points with channel state: 5,811
σ_current range: [-6.00, 5.82]
slope_current range: [-2.6372, 1.2872]
σ_wave range: [-5.18, 4.93]

╔════════════════════════════════════════════════════════════════════════════════════════════════════╗
║  FASE 1: CAMPO DE POTENCIAL EMPÍRICO V(σ_c, slope_c | Tide)                                       ║
╚════════════════════════════════════════════════════════════════════════════════════════════════════╝

  ── ALL (N=4,119 pivotes, 398 celdas válidas) ──
    V(σ_c, slope_c) — Energía (negativo=bull, positivo=bear):
    slope_c →   -0.287 -0.188 -0.088  0.012  0.112  0.212
    σ= +3.4 │    ·      ·      ·      ·      ·      ·  
    σ= +3.1 │    ·      ·      ·      ·      ·      ·  
    σ= +2.9 │    ·      ·      ·      ·      ·      ·  
    σ= +2.6 │    ·      ·      ·      ·      ·      ·  
    σ= +2.4 │    ·      ·      ·    ▓▓▓   ▓▓▓     ·  
    σ= +2.1 │    ·      ·    ░       ·    ▓       ·  
    σ= +1.9 │    ·    ▓▓    ░     ▓▓▓     ·    ▓▓▓ 
    σ= +1.6 │    ·    ░░    ░     ▓▓▓   ▓▓▓   ▓▓▓ 
    σ= +1.4 │  ▓▓    ░░░   ░░    ▓▓    ▓▓▓   ▓▓▓ 
    σ= +1.1 │  ░░    ░░    ░░░   ░     ▓▓    ▓▓▓ 
    σ= +0.9 │  ▓     ░     ░░    ░     ▓▓▓   ▓▓  
    σ= +0.6 │  ▓     ▓▓    ░     ░░░   ▓▓    ▓▓▓ 
    σ= +0.4 │  ▓▓    ░░      ·    ░░    ▓▓    ▓▓  
    σ= +0.1 │    ·    ░░    ░░    ▓▓    ░     ▓▓  
    σ= -0.1 │  ▓▓    ▓     ▓     ▓     ▓▓    ▓▓  
    σ= -0.4 │  ░░    ░░    ▓     ░     ░░    ▓▓  
    σ= -0.6 │    ·    ░░      ·      ·    ░     ▓▓  
    σ= -0.9 │  ░       ·    ░░    ░     ░     ░   
    σ= -1.1 │  ░░    ░     ░░    ▓       ·    ░░  
    σ= -1.4 │    ·    ░░    ░░    ▓▓▓     ·    ░░  
    σ= -1.6 │    ·    ░░    ░░░   ░     ▓▓    ▓   
    σ= -1.9 │    ·    ░░░   ░░    ░     ▓▓    ▓▓  
    σ= -2.1 │    ·    ░░░   ░░░   ▓▓▓   ▓▓    ▓   
    σ= -2.4 │    ·      ·    ░░░   ▓▓    ▓▓▓   ▓▓  
    σ= -2.6 │    ·    ░░░   ░     ▓▓▓   ▓     ▓▓▓ 
    σ= -2.9 │    ·      ·      ·      ·      ·      ·  
    σ= -3.1 │    ·      ·      ·      ·    ▓▓▓   ▓▓▓ 
    σ= -3.4 │    ·      ·      ·      ·      ·      ·  
               └─── slope_c →
    Leyenda: ▓▓▓=muy bull(V<-1.5) ▓▓=bull ▓=leve bull ░=leve bear ░░=bear ░░░=muy bear

  ── T+++ (N=1,132 pivotes, 49 celdas válidas) ──
    V(σ_c, slope_c) — Energía (negativo=bull, positivo=bear):
    slope_c →   -0.287 -0.188 -0.088  0.012  0.112  0.212
    σ= +3.4 │    ·      ·      ·      ·      ·      ·  
    σ= +3.1 │    ·      ·      ·      ·      ·      ·  
    σ= +2.9 │    ·      ·      ·      ·      ·      ·  
    σ= +2.6 │    ·      ·      ·      ·      ·      ·  
    σ= +2.4 │    ·      ·      ·      ·      ·      ·  
    σ= +2.1 │    ·      ·      ·      ·      ·      ·  
    σ= +1.9 │    ·      ·      ·      ·      ·      ·  
    σ= +1.6 │    ·      ·      ·      ·      ·      ·  
    σ= +1.4 │    ·      ·      ·      ·      ·      ·  
    σ= +1.1 │    ·      ·      ·      ·      ·      ·  
    σ= +0.9 │    ·      ·      ·    ░       ·      ·  
    σ= +0.6 │    ·      ·      ·      ·    ▓▓▓     ·  
    σ= +0.4 │    ·      ·      ·      ·      ·      ·  
    σ= +0.1 │    ·      ·      ·      ·      ·      ·  
    σ= -0.1 │    ·      ·      ·      ·      ·      ·  
    σ= -0.4 │    ·      ·      ·      ·      ·      ·  
    σ= -0.6 │    ·      ·      ·      ·      ·    ░   
    σ= -0.9 │    ·      ·    ░░░     ·      ·      ·  
    σ= -1.1 │    ·      ·      ·    ▓       ·      ·  
    σ= -1.4 │    ·      ·      ·    ▓▓▓     ·    ░   
    σ= -1.6 │    ·      ·      ·      ·    ▓     ▓▓  
    σ= -1.9 │    ·      ·      ·      ·      ·      ·  
    σ= -2.1 │    ·      ·      ·      ·    ▓▓      ·  
    σ= -2.4 │    ·      ·      ·    ▓     ▓▓▓   ▓   
    σ= -2.6 │    ·      ·      ·      ·    ░       ·  
    σ= -2.9 │    ·      ·      ·      ·      ·      ·  
    σ= -3.1 │    ·      ·      ·      ·      ·      ·  
    σ= -3.4 │    ·      ·      ·      ·      ·      ·  
               └─── slope_c →
    Leyenda: ▓▓▓=muy bull(V<-1.5) ▓▓=bull ▓=leve bull ░=leve bear ░░=bear ░░░=muy bear

  ── T++ (N=857 pivotes, 26 celdas válidas) ──
    V(σ_c, slope_c) — Energía (negativo=bull, positivo=bear):
    slope_c →   -0.287 -0.188 -0.088  0.012  0.112  0.212
    σ= +3.4 │    ·      ·      ·      ·      ·      ·  
    σ= +3.1 │    ·      ·      ·      ·      ·      ·  
    σ= +2.9 │    ·      ·      ·      ·      ·      ·  
    σ= +2.6 │    ·      ·      ·      ·      ·      ·  
    σ= +2.4 │    ·      ·      ·      ·      ·      ·  
    σ= +2.1 │    ·      ·      ·      ·      ·      ·  
    σ= +1.9 │    ·      ·      ·      ·      ·      ·  
    σ= +1.6 │    ·      ·      ·      ·    ▓▓▓     ·  
    σ= +1.4 │    ·      ·      ·      ·      ·      ·  
    σ= +1.1 │    ·      ·      ·      ·      ·      ·  
    σ= +0.9 │    ·      ·      ·      ·      ·      ·  
    σ= +0.6 │    ·      ·      ·      ·      ·      ·  
    σ= +0.4 │    ·      ·      ·      ·      ·      ·  
    σ= +0.1 │    ·      ·      ·      ·    ░░      ·  
    σ= -0.1 │    ·      ·      ·      ·      ·      ·  
    σ= -0.4 │    ·      ·      ·      ·      ·      ·  
    σ= -0.6 │    ·      ·      ·      ·      ·      ·  
    σ= -0.9 │    ·      ·      ·      ·      ·      ·  
    σ= -1.1 │    ·      ·      ·      ·      ·      ·  
    σ= -1.4 │    ·      ·      ·      ·      ·      ·  
    σ= -1.6 │    ·      ·      ·      ·      ·      ·  
    σ= -1.9 │    ·      ·    ░       ·      ·      ·  
    σ= -2.1 │    ·      ·      ·    ▓▓▓     ·      ·  
    σ= -2.4 │    ·      ·      ·      ·      ·      ·  
    σ= -2.6 │    ·      ·      ·      ·      ·      ·  
    σ= -2.9 │    ·      ·      ·      ·      ·      ·  
    σ= -3.1 │    ·      ·      ·      ·      ·      ·  
    σ= -3.4 │    ·      ·      ·      ·      ·      ·  
               └─── slope_c →
    Leyenda: ▓▓▓=muy bull(V<-1.5) ▓▓=bull ▓=leve bull ░=leve bear ░░=bear ░░░=muy bear

  ── T+ (N=765 pivotes, 18 celdas válidas) ──
    V(σ_c, slope_c) — Energía (negativo=bull, positivo=bear):
    slope_c →   -0.287 -0.188 -0.088  0.012  0.112  0.212
    σ= +3.4 │    ·      ·      ·      ·      ·      ·  
    σ= +3.1 │    ·      ·      ·      ·      ·      ·  
    σ= +2.9 │    ·      ·      ·      ·      ·      ·  
    σ= +2.6 │    ·      ·      ·      ·      ·      ·  
    σ= +2.4 │    ·      ·      ·      ·      ·      ·  
    σ= +2.1 │    ·      ·      ·      ·      ·      ·  
    σ= +1.9 │    ·      ·      ·    ▓▓▓     ·      ·  
    σ= +1.6 │    ·      ·      ·      ·      ·      ·  
    σ= +1.4 │    ·      ·      ·      ·      ·      ·  
    σ= +1.1 │    ·      ·      ·    ░░      ·      ·  
    σ= +0.9 │  ░       ·      ·      ·      ·      ·  
    σ= +0.6 │    ·      ·      ·      ·    ▓▓      ·  
    σ= +0.4 │    ·      ·      ·      ·      ·      ·  
    σ= +0.1 │    ·      ·      ·      ·      ·      ·  
    σ= -0.1 │    ·      ·      ·      ·      ·      ·  
    σ= -0.4 │    ·      ·      ·      ·      ·      ·  
    σ= -0.6 │    ·      ·      ·      ·      ·      ·  
    σ= -0.9 │    ·      ·      ·      ·      ·      ·  
    σ= -1.1 │    ·      ·      ·      ·      ·      ·  
    σ= -1.4 │    ·      ·      ·      ·      ·      ·  
    σ= -1.6 │    ·      ·      ·      ·      ·      ·  
    σ= -1.9 │    ·      ·      ·      ·      ·      ·  
    σ= -2.1 │    ·      ·    ░░░     ·      ·      ·  
    σ= -2.4 │    ·      ·      ·      ·      ·      ·  
    σ= -2.6 │    ·      ·      ·      ·      ·      ·  
    σ= -2.9 │    ·      ·      ·      ·      ·      ·  
    σ= -3.1 │    ·      ·      ·      ·      ·      ·  
    σ= -3.4 │    ·      ·      ·      ·      ·      ·  
               └─── slope_c →
    Leyenda: ▓▓▓=muy bull(V<-1.5) ▓▓=bull ▓=leve bull ░=leve bear ░░=bear ░░░=muy bear

  ── T- (N=344 pivotes, 2 celdas válidas) ──
    V(σ_c, slope_c) — Energía (negativo=bull, positivo=bear):
    slope_c →   -0.287 -0.188 -0.088  0.012  0.112  0.212
    σ= +3.4 │    ·      ·      ·      ·      ·      ·  
    σ= +3.1 │    ·      ·      ·      ·      ·      ·  
    σ= +2.9 │    ·      ·      ·      ·      ·      ·  
    σ= +2.6 │    ·      ·      ·      ·      ·      ·  
    σ= +2.4 │    ·      ·      ·      ·      ·      ·  
    σ= +2.1 │    ·      ·      ·      ·      ·      ·  
    σ= +1.9 │    ·      ·      ·      ·      ·      ·  
    σ= +1.6 │    ·      ·      ·      ·      ·      ·  
    σ= +1.4 │    ·      ·      ·      ·      ·      ·  
    σ= +1.1 │    ·      ·      ·      ·      ·      ·  
    σ= +0.9 │    ·      ·      ·      ·      ·      ·  
    σ= +0.6 │    ·      ·      ·      ·      ·      ·  
    σ= +0.4 │    ·      ·      ·      ·      ·      ·  
    σ= +0.1 │    ·      ·      ·      ·      ·      ·  
    σ= -0.1 │    ·      ·      ·      ·      ·      ·  
    σ= -0.4 │    ·      ·      ·      ·      ·      ·  
    σ= -0.6 │    ·      ·      ·      ·      ·      ·  
    σ= -0.9 │    ·      ·      ·      ·      ·      ·  
    σ= -1.1 │    ·      ·      ·      ·      ·      ·  
    σ= -1.4 │    ·      ·      ·      ·      ·      ·  
    σ= -1.6 │    ·      ·      ·      ·      ·      ·  
    σ= -1.9 │    ·      ·      ·      ·      ·      ·  
    σ= -2.1 │    ·      ·      ·      ·      ·      ·  
    σ= -2.4 │    ·      ·      ·      ·      ·      ·  
    σ= -2.6 │    ·      ·      ·      ·      ·      ·  
    σ= -2.9 │    ·      ·      ·      ·      ·      ·  
    σ= -3.1 │    ·      ·      ·      ·      ·      ·  
    σ= -3.4 │    ·      ·      ·      ·      ·      ·  
               └─── slope_c →
    Leyenda: ▓▓▓=muy bull(V<-1.5) ▓▓=bull ▓=leve bull ░=leve bear ░░=bear ░░░=muy bear

  ── T-- (N=451 pivotes, 1 celdas válidas) ──
    V(σ_c, slope_c) — Energía (negativo=bull, positivo=bear):
    slope_c →   -0.287 -0.188 -0.088  0.012  0.112  0.212
    σ= +3.4 │    ·      ·      ·      ·      ·      ·  
    σ= +3.1 │    ·      ·      ·      ·      ·      ·  
    σ= +2.9 │    ·      ·      ·      ·      ·      ·  
    σ= +2.6 │    ·      ·      ·      ·      ·      ·  
    σ= +2.4 │    ·      ·      ·      ·      ·      ·  
    σ= +2.1 │    ·      ·      ·      ·      ·      ·  
    σ= +1.9 │    ·      ·      ·      ·      ·      ·  
    σ= +1.6 │    ·      ·      ·      ·      ·      ·  
    σ= +1.4 │    ·      ·      ·      ·      ·      ·  
    σ= +1.1 │    ·      ·      ·      ·      ·      ·  
    σ= +0.9 │    ·      ·      ·      ·      ·      ·  
    σ= +0.6 │    ·      ·      ·      ·      ·      ·  
    σ= +0.4 │    ·      ·      ·      ·      ·      ·  
    σ= +0.1 │    ·      ·      ·      ·      ·      ·  
    σ= -0.1 │    ·      ·      ·      ·      ·      ·  
    σ= -0.4 │    ·      ·      ·      ·      ·      ·  
    σ= -0.6 │    ·      ·      ·      ·      ·      ·  
    σ= -0.9 │    ·      ·      ·      ·      ·      ·  
    σ= -1.1 │    ·      ·      ·      ·      ·      ·  
    σ= -1.4 │    ·      ·      ·      ·      ·      ·  
    σ= -1.6 │    ·      ·      ·      ·      ·      ·  
    σ= -1.9 │    ·      ·      ·      ·      ·      ·  
    σ= -2.1 │    ·      ·      ·      ·      ·      ·  
    σ= -2.4 │    ·      ·      ·      ·      ·      ·  
    σ= -2.6 │    ·      ·      ·      ·      ·      ·  
    σ= -2.9 │    ·      ·      ·      ·      ·      ·  
    σ= -3.1 │    ·      ·      ·      ·      ·      ·  
    σ= -3.4 │    ·      ·      ·      ·      ·      ·  
               └─── slope_c →
    Leyenda: ▓▓▓=muy bull(V<-1.5) ▓▓=bull ▓=leve bull ░=leve bear ░░=bear ░░░=muy bear

  ── T--- (N=570 pivotes, 7 celdas válidas) ──
    V(σ_c, slope_c) — Energía (negativo=bull, positivo=bear):
    slope_c →   -0.287 -0.188 -0.088  0.012  0.112  0.212
    σ= +3.4 │    ·      ·      ·      ·      ·      ·  
    σ= +3.1 │    ·      ·      ·      ·      ·      ·  
    σ= +2.9 │    ·      ·      ·      ·      ·      ·  
    σ= +2.6 │    ·      ·      ·      ·      ·      ·  
    σ= +2.4 │    ·      ·      ·      ·      ·      ·  
    σ= +2.1 │    ·      ·      ·      ·      ·      ·  
    σ= +1.9 │    ·      ·      ·      ·      ·      ·  
    σ= +1.6 │    ·      ·      ·      ·      ·      ·  
    σ= +1.4 │    ·      ·      ·      ·    ▓▓▓     ·  
    σ= +1.1 │    ·      ·      ·      ·      ·      ·  
    σ= +0.9 │    ·      ·      ·      ·      ·      ·  
    σ= +0.6 │    ·      ·      ·      ·      ·      ·  
    σ= +0.4 │    ·      ·      ·      ·      ·      ·  
    σ= +0.1 │    ·      ·      ·      ·      ·      ·  
    σ= -0.1 │    ·      ·      ·      ·      ·      ·  
    σ= -0.4 │    ·    ░░      ·      ·      ·      ·  
    σ= -0.6 │    ·      ·      ·      ·      ·      ·  
    σ= -0.9 │    ·      ·      ·      ·      ·      ·  
    σ= -1.1 │    ·      ·      ·      ·      ·      ·  
    σ= -1.4 │    ·      ·      ·      ·      ·      ·  
    σ= -1.6 │    ·      ·      ·      ·      ·      ·  
    σ= -1.9 │    ·      ·      ·      ·      ·      ·  
    σ= -2.1 │    ·      ·      ·      ·      ·      ·  
    σ= -2.4 │    ·      ·      ·      ·      ·      ·  
    σ= -2.6 │    ·      ·      ·      ·      ·      ·  
    σ= -2.9 │    ·      ·      ·      ·      ·      ·  
    σ= -3.1 │    ·      ·      ·      ·      ·      ·  
    σ= -3.4 │    ·      ·      ·      ·      ·      ·  
               └─── slope_c →
    Leyenda: ▓▓▓=muy bull(V<-1.5) ▓▓=bull ▓=leve bull ░=leve bear ░░=bear ░░░=muy bear

════════════════════════════════════════════════════════════════════════════════════════════════════
  GRADIENTES ∇V — Dirección y magnitud de la fuerza
════════════════════════════════════════════════════════════════════════════════════════════════════

  ── ALL: Gradient magnitude stats ──
    |∇V| mean=18.668, median=14.859, max=78.506
    P90=40.191, P95=49.448
    Key gradient directions (F = -∇V):
              σ_deep, slope_neg: F=(+1.695, -6.369) |F|=6.591 ←
              σ_deep, slope_pos: F=(-3.584, -8.109) |F|=8.866 ←
             σ_zero, slope_zero: F=(+2.644, -8.109) |F|=8.529 ←
               σ_ext, slope_pos: F=(-5.078, -0.000) |F|=5.078 ↓
               σ_ext, slope_neg: F=(+0.811, -8.109) |F|=8.150 ←

════════════════════════════════════════════════════════════════════════════════════════════════════
  DEFORMACIÓN: ¿Cómo cambia V al cambiar Tide?
════════════════════════════════════════════════════════════════════════════════════════════════════

  ΔV = V(T+++) - V(T---):
  Negativo = T+++ es más bullish que T---  ← esperado
  Positivo = T+++ es más bearish que T---  ← anomalía

  ΔV por región:
            σ < -1 (deep/low): ΔV_mean=-1.558 (T+++ más BULL) N=1

    ΔV heatmap (T+++ vs T---):
    slope_c →   -0.287 -0.188 -0.088  0.012  0.112  0.212
    σ= +3.4 │    ·      ·      ·      ·      ·      ·  
    σ= +3.1 │    ·      ·      ·      ·      ·      ·  
    σ= +2.9 │    ·      ·      ·      ·      ·      ·  
    σ= +2.6 │    ·      ·      ·      ·      ·      ·  
    σ= +2.4 │    ·      ·      ·      ·      ·      ·  
    σ= +2.1 │    ·      ·      ·      ·      ·      ·  
    σ= +1.9 │    ·      ·      ·      ·      ·      ·  
    σ= +1.6 │    ·      ·      ·      ·      ·      ·  
    σ= +1.4 │    ·      ·      ·      ·      ·      ·  
    σ= +1.1 │    ·      ·      ·      ·      ·      ·  
    σ= +0.9 │    ·      ·      ·      ·      ·      ·  
    σ= +0.6 │    ·      ·      ·      ·      ·      ·  
    σ= +0.4 │    ·      ·      ·      ·      ·      ·  
    σ= +0.1 │    ·      ·      ·      ·      ·      ·  
    σ= -0.1 │    ·      ·      ·      ·      ·      ·  
    σ= -0.4 │    ·      ·      ·      ·      ·      ·  
    σ= -0.6 │    ·      ·      ·      ·      ·      ·  
    σ= -0.9 │    ·      ·      ·      ·      ·      ·  
    σ= -1.1 │    ·      ·      ·      ·      ·      ·  
    σ= -1.4 │    ·      ·      ·      ·      ·      ·  
    σ= -1.6 │    ·      ·      ·      ·      ·      ·  
    σ= -1.9 │    ·      ·      ·      ·      ·      ·  
    σ= -2.1 │    ·      ·      ·      ·      ·      ·  
    σ= -2.4 │    ·      ·      ·      ·      ·      ·  
    σ= -2.6 │    ·      ·      ·      ·      ·      ·  
    σ= -2.9 │    ·      ·      ·      ·      ·      ·  
    σ= -3.1 │    ·      ·      ·      ·      ·      ·  
    σ= -3.4 │    ·      ·      ·      ·      ·      ·  
    Leyenda: ◆◆◆=T+++ mucho más bull  ◇◇◇=T+++ más bear que T---

Campo guardado en rc_potential_field.json
DONE
