<string>:8: UserWarning: pandas only supports SQLAlchemy connectable (engine/connection) or database string URI or sqlite3 DBAPI2 connection. Other DBAPI2 objects are not tested. Please consider using SQLAlchemy.
<string>:20: UserWarning: pandas only supports SQLAlchemy connectable (engine/connection) or database string URI or sqlite3 DBAPI2 connection. Other DBAPI2 objects are not tested. Please consider using SQLAlchemy.
Stereotypes (5% zigzag): 5,845
Distribution: {'LL': 2939, 'HL': 2906}

══════════════════════════════════════════════════════════════════════════════════════════════════════════════
  PROBABILIDAD DE ESTEREOTIPO POR ESTADO DEL CANAL
  ¿Qué variable inclina MÁS la probabilidad de HH vs LL?
══════════════════════════════════════════════════════════════════════════════════════════════════════════════

  BASE RATES: HH=0.0% HL=49.7% LH=0.0% LL=50.3%
  BULL (HH+HL) = 49.7%  BEAR (LH+LL) = 50.3%

  INFORMACIÓN POR VARIABLE (¿cuánto reduce la incertidumbre?)
              Variable    Info Gain  Max P(bull)  Min P(bull)     Spread      Power
            σVWAP_wave       0.3942        97.9%         6.4%      91.5%        ★★★
             σ_current       0.3011        93.3%         8.2%      85.1%        ★★★
                σ_wave       0.2894        92.4%         8.8%      83.6%        ★★★
         σVWAP_current       0.2805        96.8%        11.9%      84.9%        ★★★
         accel_current       0.1305        74.6%        30.7%      43.9%        ★★★
         slope_current       0.0098        55.8%        41.5%      14.3%          ★
            Tide state       0.0002        50.6%        48.2%       2.5%          ·

══════════════════════════════════════════════════════════════════════════════════════════════════════════════
  DETALLE: P(estereotipo | estado) para cada variable
══════════════════════════════════════════════════════════════════════════════════════════════════════════════

  ── Tide state ──
       State      N    P(HH)    P(HL)    P(LH)    P(LL)  P(bull)                  Bull bar
        T+++   1617     0.0%    50.6%     0.0%    49.4%    50.6% 
         T++   1053     0.0%    50.5%     0.0%    49.5%    50.5% 
          T+    954     0.0%    49.0%     0.0%    51.0%    49.0% 
          T-    442     0.0%    49.3%     0.0%    50.7%    49.3% 
         T--    623     0.0%    48.2%     0.0%    51.8%    48.2% 
        T---   1156     0.0%    49.3%     0.0%    50.7%    49.3% 

  ── σ_current ──
       State      N    P(HH)    P(HL)    P(LH)    P(LL)  P(bull)                  Bull bar
        σc<<    997     0.0%     8.2%     0.0%    91.8%     8.2% (-41pp)
         σc<   1118     0.0%    21.6%     0.0%    78.4%    21.6% (-28pp)
        σc~-    752     0.0%    39.4%     0.0%    60.6%    39.4% (-10pp)
        σc~0    707     0.0%    57.0%     0.0%    43.0%    57.0% (+7pp)
        σc~+    814     0.0%    71.5%     0.0%    28.5%    71.5% (+22pp)
         σc>   1037     0.0%    87.7%     0.0%    12.3%    87.7% (+38pp)
        σc>>    420     0.0%    93.3%     0.0%     6.7%    93.3% (+44pp)

  ── σ_wave ──
       State      N    P(HH)    P(HL)    P(LH)    P(LL)  P(bull)                  Bull bar
        σw<<   1131     0.0%     8.8%     0.0%    91.2%     8.8% (-41pp)
         σw<   1259     0.0%    25.6%     0.0%    74.4%    25.6% (-24pp)
        σw~0   1322     0.0%    53.2%     0.0%    46.8%    53.2% (+3pp)
         σw>   1333     0.0%    78.2%     0.0%    21.8%    78.2% (+29pp)
        σw>>    800     0.0%    92.4%     0.0%     7.6%    92.4% (+43pp)

  ── σVWAP_current ──
       State      N    P(HH)    P(HL)    P(LH)    P(LL)  P(bull)                  Bull bar
        Vc<<   1254     0.0%    11.9%     0.0%    88.1%    11.9% (-38pp)
         Vc<   1336     0.0%    35.7%     0.0%    64.3%    35.7% (-14pp)
        Vc~0   1101     0.0%    46.7%     0.0%    53.3%    46.7% (-3pp)
         Vc>   1003     0.0%    65.5%     0.0%    34.5%    65.5% (+16pp)
        Vc>>   1120     0.0%    96.3%     0.0%     3.7%    96.3% (+47pp)
       Vc>>>     31     0.0%    96.8%     0.0%     3.2%    96.8% (+47pp)

  ── σVWAP_wave ──
       State      N    P(HH)    P(HL)    P(LH)    P(LL)  P(bull)                  Bull bar
        Vw<<   1301     0.0%     6.4%     0.0%    93.6%     6.4% (-43pp)
         Vw<   1368     0.0%    27.5%     0.0%    72.5%    27.5% (-22pp)
        Vw~0    974     0.0%    51.1%     0.0%    48.9%    51.1% 
         Vw>   1034     0.0%    77.9%     0.0%    22.1%    77.9% (+28pp)
        Vw>>   1168     0.0%    97.9%     0.0%     2.1%    97.9% (+48pp)

  ── slope_current ──
       State      N    P(HH)    P(HL)    P(LH)    P(LL)  P(bull)                  Bull bar
        Sc<<   2415     0.0%    44.1%     0.0%    55.9%    44.1% (-6pp)
         Sc<    358     0.0%    45.0%     0.0%    55.0%    45.0% (-5pp)
        Sc~0    183     0.0%    41.5%     0.0%    58.5%    41.5% (-8pp)
         Sc>    385     0.0%    53.8%     0.0%    46.2%    53.8% (+4pp)
        Sc>>   2504     0.0%    55.8%     0.0%    44.2%    55.8% (+6pp)

  ── accel_current ──
       State      N    P(HH)    P(HL)    P(LH)    P(LL)  P(bull)                  Bull bar
        Ac<<   3153     0.0%    30.7%     0.0%    69.3%    30.7% (-19pp)
         -Ac    323     0.0%    58.2%     0.0%    41.8%    58.2% (+8pp)
         +Ac    318     0.0%    69.2%     0.0%    30.8%    69.2% (+19pp)
        Ac>>   2051     0.0%    74.6%     0.0%    25.4%    74.6% (+25pp)

══════════════════════════════════════════════════════════════════════════════════════════════════════════════
  COMBINED: σ_current × σVWAP_current → P(bull)
══════════════════════════════════════════════════════════════════════════════════════════════════════════════

              V<<       V<      V~0       V>      V>> │ base
  ------+---------------------------------------------+------
     σ<<│  10.4XXX  10.9XXX  11.9XXX  58.8 !!     .   │ 11.3
      σ<│  22.8XXX  30.1XXX  35.4XXX  71.2!!!     .   │ 31.1
     σ~0│  28.1XXX  57.6 !!  54.5     83.9!!!     .   │ 57.5
      σ>│  33.8XXX  61.0!!!  74.3!!!  90.8!!!  97.9!!!│ 77.7
     σ>>│     .     81.2!!!  90.6!!!  93.8!!!  98.9!!!│ 93.0

  !!!=P(bull)>base+10pp  !!=+5pp  XX=P(bull)<base-5pp  XXX=<base-10pp

══════════════════════════════════════════════════════════════════════════════════════════════════════════════
  COMBINED: Tide × σVWAP_current → P(bull)
══════════════════════════════════════════════════════════════════════════════════════════════════════════════

              V<<       V<      V~0       V>      V>> │ base
  ------+---------------------------------------------+------
    T+++│  17.2XXX  36.1XXX  47.1     83.5!!!  97.1!!!│ 50.6
     T++│  14.1XXX  44.9     50.0     92.3!!! 100.0!!!│ 50.5
      T+│  10.3XXX  45.8     55.1 !!  91.1!!!  99.0!!!│ 49.0
      T-│  15.9XXX  51.9     57.4 !!  89.1!!!  98.1!!!│ 49.3
     T--│  21.7XXX  52.2     47.4     89.4!!! 100.0!!!│ 48.2
    T---│  29.0XXX  48.9     47.0     79.4!!!  98.4!!!│ 49.3

══════════════════════════════════════════════════════════════════════════════════════════════════════════════
  DERIVADAS: slope_c × accel_c → P(bull)
  (¿La combinación slope+accel predice el estereotipo?)
══════════════════════════════════════════════════════════════════════════════════════════════════════════════

              A--       A-       A+      A++ │ base
  ------+------------------------------------+------
     S--│  31.6XXX  45.3     38.8XXX  66.2!!!│ 43.9
      S-│  27.0XXX     .        .     82.5!!!│ 48.2
     S~0│  19.6XXX     .        .     78.7!!!│ 41.5
      S+│  28.2XXX     .        .     76.3!!!│ 50.9
     S++│  33.7XXX  77.9!!!  83.2!!!  79.9!!!│ 55.9

  Diagonal CLAVE: S++/A-- = slope positivo desacelerando → TRANSICIÓN inminente
                  S--/A++ = slope negativo acelerando → REVERSAL inminente

DONE
