/root/botero-trade/backend/scripts/train_rc_probability_table.py:104: UserWarning: pandas only supports SQLAlchemy connectable (engine/connection) or database string URI or sqlite3 DBAPI2 connection. Other DBAPI2 objects are not tested. Please consider using SQLAlchemy.
  cs = pd.read_sql(f"""
/root/botero-trade/backend/scripts/train_rc_probability_table.py:115: UserWarning: pandas only supports SQLAlchemy connectable (engine/connection) or database string URI or sqlite3 DBAPI2 connection. Other DBAPI2 objects are not tested. Please consider using SQLAlchemy.
  zz = pd.read_sql(f"""
/root/botero-trade/backend/scripts/train_rc_probability_table.py:123: UserWarning: pandas only supports SQLAlchemy connectable (engine/connection) or database string URI or sqlite3 DBAPI2 connection. Other DBAPI2 objects are not tested. Please consider using SQLAlchemy.
  bars = pd.read_sql("""
Loading channel_snapshots...
Loading zigzag_points...
Loading OHLCV close prices...
  Snapshots: 91,252 rows, 17 tickers
  Zigzag:    6,043 points (swing=0.05)
  OHLCV:     958,322 bars
    AAPL: 8,204 labeled / 8,264 bars
    AMZN: 4,836 labeled / 4,839 bars
    COST: 4,818 labeled / 4,846 bars
    HD: 4,824 labeled / 4,847 bars
    HON: 4,827 labeled / 4,848 bars
    IBM: 4,847 labeled / 4,847 bars
    JNJ: 4,838 labeled / 4,838 bars
    JPM: 4,821 labeled / 4,844 bars
    MCD: 4,751 labeled / 4,846 bars
    MRK: 4,846 labeled / 4,846 bars
    MSFT: 4,825 labeled / 4,831 bars
    PEP: 5,284 labeled / 5,325 bars
    PG: 4,839 labeled / 4,839 bars
    QQQ: 6,555 labeled / 6,595 bars
    SPY: 8,030 labeled / 8,112 bars
    WMT: 4,835 labeled / 4,838 bars
    XOM: 4,845 labeled / 4,847 bars
  TOTAL Labeled: 90,825 / 91,252 bars (99.5%)

====================================================================================================
  TRAIN: 63,963 bars (1993-07-23 00:00:00 → 2019-12-31 00:00:00)
  TEST:  26,522 bars (2020-01-31 00:00:00 → 2026-05-21 00:00:00)
  Base P(bull) train: 0.676
  Base P(bull) test:  0.652
====================================================================================================

====================================================================================================
  TRAINING — Computing P(bull|state) per cell
====================================================================================================

  L1_full: 513 cells (N_min=15)
    P(bull) range: 0.165 → 1.000 (spread=0.835)
    N range: 15 → 3319 (median=49)
    MOST BEAR:
      T---|~|<|<<: P=0.165 N=97
      T--|<|~|<<: P=0.184 N=38
      T+++|>|>|<<: P=0.208 N=24
    MOST BULL:
      T+++|>>|<<|~: P=1.000 N=15
      T+|<<|<<|>: P=1.000 N=18
      T+|<|~|>>: P=1.000 N=19

  L2_no_tide: 119 cells (N_min=20)
    P(bull) range: 0.136 → 0.946 (spread=0.809)
    N range: 22 → 5827 (median=352)
    MOST BEAR:
      >|>>|<<: P=0.136 N=22
      >|>|<<: P=0.288 N=73
      ~|>|<<: P=0.347 N=124
    MOST BULL:
      <|<|>>: P=0.907 N=311
      ~|<<|>>: P=0.909 N=263
      <<|<<|>>: P=0.946 N=111

  L3_sc_svw: 25 cells (N_min=30)
    P(bull) range: 0.390 → 0.865 (spread=0.475)
    N range: 57 → 12596 (median=1741)
    MOST BEAR:
      <|<<: P=0.390 N=2211
      ~|<<: P=0.393 N=1001
      >|<<: P=0.425 N=475
    MOST BULL:
      ~|>>: P=0.836 N=3088
      <|>>: P=0.851 N=1613
      <<|>>: P=0.865 N=379

  L4_svw: 5 cells (N_min=50)
    P(bull) range: 0.456 → 0.816 (spread=0.360)
    N range: 7777 → 23755 (median=10896)
    MOST BEAR:
      <<: P=0.456 N=12852
      <: P=0.578 N=8683
      ~: P=0.650 N=7777
    MOST BULL:
      ~: P=0.650 N=7777
      >: P=0.725 N=10896
      >>: P=0.816 N=23755

====================================================================================================
  VALIDATION — Train vs Test correlation
====================================================================================================

  L1_full: 454 common cells | r=0.534 | MAE=0.139 | RMSE=0.180 | spread train=0.84 test=1.00
  L2_no_tide: 117 common cells | r=0.802 | MAE=0.068 | RMSE=0.096 | spread train=0.66 test=0.69
  L3_sc_svw: 24 common cells | r=0.920 | MAE=0.048 | RMSE=0.059 | spread train=0.48 test=0.57
  L4_svw: 5 common cells | r=0.998 | MAE=0.024 | RMSE=0.028 | spread train=0.36 test=0.40

====================================================================================================
  OUTPUT: /root/botero-trade/backend/modules/quality_swing/domain/rules/rc_probability_table.json
  Total cells: 662
  Correlations: {'L1_full': np.float64(0.5340066062481853), 'L2_no_tide': np.float64(0.8023353916669029), 'L3_sc_svw': np.float64(0.9199332366695931), 'L4_svw': np.float64(0.9984483751094809)}
====================================================================================================

====================================================================================================
  L2 DETAIL: σ_c × σ_w × σVw → P(bull) [TRAIN vs TEST]
====================================================================================================

  Key                     Train     Test        Δ   N_tr   N_te
  <<|<<|<                66.9%   62.2%   -4.8%   1080    473  ✓
  <<|<<|<<               48.1%   42.2%   -5.9%   5067   2161  ✓
  <<|<<|>                86.7%   85.5%   -1.2%    675    330  ✓
  <<|<<|>>               94.6%  100.0%   +5.4%    111     41  ✓
  <<|<<|~                76.4%   69.2%   -7.2%    918    389  ✓
  <<|<|<                 67.4%   55.6%  -11.9%    617    216  ✓
  <<|<|<<                48.0%   41.9%   -6.1%   2360   1019  ✓
  <<|<|>                 79.4%   73.8%   -5.6%    360    149  ✓
  <<|<|>>                81.6%   90.8%   +9.2%    125     65  ✓
  <<|<|~                 73.2%   66.9%   -6.3%    362    136  ✓
  <<|>>|<                58.1%   53.1%   -5.1%    406    196  ✓
  <<|>>|<<               48.6%   42.6%   -6.0%    109     54  ✓
  <<|>>|>                68.1%   74.1%   +6.0%     47     27  ✓
  <<|>>|>>               77.8%   80.0%   +2.2%     27     10  ✓
  <<|>>|~                70.8%   63.2%   -7.6%    130     57  ✓
  <<|>|<                 64.3%   57.5%   -6.8%    572    226  ✓
  <<|>|<<                46.9%   44.0%   -2.9%    463    241  ✓
  <<|>|>                 82.7%   75.0%   -7.7%     81     32  ✓
  <<|>|>>                87.2%   85.2%   -2.0%     47     27  ✓
  <<|>|~                 76.4%   59.7%  -16.7%    144     67  ⚠
  <<|~|<                 68.5%   64.5%   -4.1%    512    183  ✓
  <<|~|<<                48.8%   46.7%   -2.1%   1109    469  ✓
  <<|~|>                 81.5%   65.4%  -16.1%    124     52  ⚠
  <<|~|>>                85.5%   90.9%   +5.4%     69     33  ✓
  <<|~|~                 70.0%   60.3%   -9.8%    187     68  ✓
  <|<<|<                 59.9%   65.9%   +6.0%    409    132  ✓
  <|<<|<<                42.0%   36.7%   -5.3%    741    311  ✓
  <|<<|>                 81.5%   76.2%   -5.3%    704    303  ✓
  <|<<|>>                89.6%   89.0%   -0.6%    154     73  ✓
  <|<<|~                 67.5%   63.0%   -4.5%    526    208  ✓
  <|<|<                  56.5%   46.5%  -10.0%    412    159  ✓
  <|<|<<                 37.6%   31.2%   -6.4%    591    263  ✓
  <|<|>                  81.3%   68.3%  -13.0%    583    221  ✓
  <|<|>>                 90.7%   85.3%   -5.4%    311    150  ✓
  <|<|~                  68.1%   60.1%   -8.0%    351    168  ✓
  <|>>|<                 52.2%   50.2%   -2.0%    508    241  ✓
  <|>>|<<                40.7%   41.9%   +1.2%     59     43  ✓
  <|>>|>                 67.3%   62.2%   -5.1%    260    111  ✓
  <|>>|>>                81.5%   64.5%  -16.9%    313    110  ⚠
  <|>>|~                 66.9%   58.3%   -8.6%    393    175  ✓
  <|>|<                  53.5%   57.7%   +4.2%    617    279  ✓
  <|>|<<                 39.3%   31.9%   -7.4%    308    160  ✓
  <|>|>                  68.0%   57.6%  -10.4%    331     92  ✓
  <|>|>>                 80.7%   82.6%   +1.9%    405    190  ✓
  <|>|~                  63.7%   59.1%   -4.5%    402    115  ✓
  <|~|<                  60.0%   42.8%  -17.2%    442    187  ⚠
  <|~|<<                 35.9%   34.3%   -1.6%    512    233  ✓
  <|~|>                  77.5%   63.7%  -13.8%    351    146  ✓
  <|~|>>                 86.1%   86.1%   +0.0%    430    172  ✓
  <|~|~                  68.1%   60.0%   -8.1%    351    110  ✓
  >>|<<|>                68.8%   83.1%  +14.3%    298    148  ✓
  >>|<<|>>               81.9%   83.5%   +1.6%    393    158  ✓
  >>|<<|~                69.2%   65.5%   -3.7%     52     29  ✓
  >>|<|<                 40.6%   60.0%  +19.4%     32     10  ⚠
  >>|<|>                 61.8%   73.5%  +11.7%    338    132  ✓
  >>|<|>>                81.0%   84.7%   +3.7%   1069    439  ✓
  >>|<|~                 52.5%   48.1%   -4.3%     61     27  ✓
  >>|>>|<                49.8%   55.8%   +6.1%    207     43  ✓
  >>|>>|>                66.9%   70.2%   +3.3%    716    319  ✓
  >>|>>|>>               81.3%   82.7%   +1.4%   5827   2635  ✓
  >>|>>|~                68.8%   63.1%   -5.7%    446    206  ✓
  >>|>|<                 63.7%   61.0%   -2.7%    124     41  ✓
  >>|>|>                 67.2%   61.8%   -5.4%    387    136  ✓
  >>|>|>>                79.7%   83.0%   +3.3%   3418   1458  ✓
  >>|>|~                 54.4%   60.6%   +6.3%    184     99  ✓
  >>|~|<                 38.7%  100.0%  +61.3%     31     12  ✗
  >>|~|>                 60.8%   64.3%   +3.5%    265     98  ✓
  >>|~|>>                78.1%   81.8%   +3.7%   1889    757  ✓
  >>|~|~                 56.1%   60.6%   +4.5%     82     33  ✓
  >|<<|<                 59.9%   56.9%   -3.0%    147     58  ✓
  >|<<|<<                48.9%   68.5%  +19.7%    133     54  ⚠
  >|<<|>                 75.1%   71.4%   -3.7%    760    294  ✓
  >|<<|>>                87.8%   86.1%   -1.7%    434    165  ✓
  >|<<|~                 62.0%   63.5%   +1.4%    245    115  ✓
  >|<|<                  41.1%   59.7%  +18.6%    175     72  ⚠
  >|<|<<                 42.8%   59.7%  +16.9%    145     57  ⚠
  >|<|>                  67.6%   66.9%   -0.6%    694    248  ✓
  >|<|>>                 85.5%   85.1%   -0.4%   1136    409  ✓
  >|<|~                  54.1%   48.9%   -5.3%    205     88  ✓
  >|>>|<                 50.3%   53.1%   +2.8%    290    128  ✓
  >|>>|>                 70.9%   65.1%   -5.8%    478    175  ✓
  >|>>|>>                79.7%   76.4%   -3.2%   1521    569  ✓
  >|>>|~                 57.3%   53.9%   -3.3%    447    178  ✓
  >|>|<                  53.8%   50.9%   -2.9%    305    171  ✓
  >|>|<<                 28.8%   33.3%   +4.6%     73     18  ✓
  >|>|>                  62.0%   66.1%   +4.1%    473    177  ✓
  >|>|>>                 80.3%   76.9%   -3.4%   1532    615  ✓
  >|>|~                  53.6%   69.1%  +15.5%    306    149  ⚠
  >|~|<                  53.3%   50.5%   -2.8%    197    107  ✓
  >|~|<<                 50.0%   53.5%   +3.5%    102     43  ✓
  >|~|>                  65.3%   62.1%   -3.2%    516    161  ✓
  >|~|>>                 81.7%   80.3%   -1.5%   1456    532  ✓
  >|~|~                  55.0%   46.5%   -8.5%    262     99  ✓
  ~|<<|<                 59.6%   50.0%   -9.6%    235     98  ✓
  ~|<<|<<                42.0%   33.8%   -8.3%    352    148  ✓
  ~|<<|>                 77.5%   81.9%   +4.4%    733    293  ✓
  ~|<<|>>                90.9%   91.7%   +0.9%    263    109  ✓
  ~|<<|~                 61.9%   71.1%   +9.2%    391    173  ✓
  ~|<|<                  47.5%   53.1%   +5.6%    261    113  ✓
  ~|<|<<                 38.2%   40.8%   +2.6%    309    120  ✓
  ~|<|>                  71.0%   66.4%   -4.6%    580    250  ✓
  ~|<|>>                 87.1%   85.0%   -2.0%    580    194  ✓
  ~|<|~                  58.2%   60.0%   +1.8%    306     90  ✓
  ~|>>|<                 50.6%   56.2%   +5.6%    391    224  ✓
  ~|>>|>                 69.9%   53.7%  -16.2%    409    121  ⚠
  ~|>>|>>                79.5%   71.1%   -8.4%    736    287  ✓
  ~|>>|~                 64.5%   62.3%   -2.2%    428    199  ✓
  ~|>|<                  50.5%   56.2%   +5.7%    410    217  ✓
  ~|>|<<                 34.7%   41.7%   +7.0%    124     48  ✓
  ~|>|>                  70.7%   53.3%  -17.4%    351    137  ⚠
  ~|>|>>                 81.1%   76.8%   -4.3%    793    293  ✓
  ~|>|~                  61.7%   59.2%   -2.5%    345    130  ✓
  ~|~|<                  46.3%   55.9%   +9.5%    287    136  ✓
  ~|~|<<                 36.7%   43.7%   +7.0%    169     71  ✓
  ~|~|>                  69.6%   61.3%   -8.3%    382    150  ✓
  ~|~|>>                 85.2%   72.2%  -13.0%    716    255  ✓
  ~|~|~                  58.1%   60.6%   +2.5%    253     99  ✓

DONE
