<string>:8: UserWarning: pandas only supports SQLAlchemy connectable (engine/connection) or database string URI or sqlite3 DBAPI2 connection. Other DBAPI2 objects are not tested. Please consider using SQLAlchemy.
<string>:16: UserWarning: pandas only supports SQLAlchemy connectable (engine/connection) or database string URI or sqlite3 DBAPI2 connection. Other DBAPI2 objects are not tested. Please consider using SQLAlchemy.
<string>:16: UserWarning: pandas only supports SQLAlchemy connectable (engine/connection) or database string URI or sqlite3 DBAPI2 connection. Other DBAPI2 objects are not tested. Please consider using SQLAlchemy.
<string>:16: UserWarning: pandas only supports SQLAlchemy connectable (engine/connection) or database string URI or sqlite3 DBAPI2 connection. Other DBAPI2 objects are not tested. Please consider using SQLAlchemy.
╔══════════════════════════════════════════════════════════════════════════════════════════════════════════════════════════════════╗
║  TRANSICIONES COMPLETAS × 3 ZIGZAG LEVELS + LOOKUP W×C×σ×T                                                            ║
╚══════════════════════════════════════════════════════════════════════════════════════════════════════════════════════════════════╝

══════════════════════════════════════════════════════════════════════════════════════════════════════════════════════════════════
  ZIGZAG 2.5% — 15,153 pivotes clasificados
══════════════════════════════════════════════════════════════════════════════════════════════════════════════════════════════════

  LOOKUP: L1(W×C×σ×T)=577 celdas, L2(W×C×σ)=153, L3(W×C)=36

  TOP TRANSICIONES (FROM → TO más probables):
          FROM       → TO #1     P   B%        → TO #2     P   B%        → TO #3     P   B%   P(self)
     W---/C---     W---/C---   83% 46%         W--/C---    8% 58%          W-/C---    2% 67%🟢       83%
     W+++/C+++     W+++/C+++   76% 59%         W++/C+++   13% 59%          W+/C+++    4% 44%         76%
      W++/C+++      W++/C+++   43% 64%🟢        W+/C+++   20% 56%        W+++/C+++   12% 89%🟢       43%
      W---/C--      W---/C--   46% 40%        W---/C---   23% 35%🔴        W--/C--    6% 68%🟢       46%
       W++/C++       W++/C++   35% 65%🟢         W+/C++   19% 48%         W++/C+++    7% 87%🟢       35%
        W+/C++        W+/C++   33% 54%           W-/C++   11% 45%          W++/C++   10% 75%🟢       33%
      W--/C---      W--/C---   44% 43%        W---/C---   13% 23%🔴        W-/C---   13% 58%         44%
         W+/C+         W+/C+   31% 59%            W-/C+   16% 37%🔴         W++/C+   11% 85%🟢       31%
       W+/C+++       W+/C+++   34% 58%          W-/C+++   17% 43%         W++/C+++   11% 83%🟢       34%
      W+++/C++      W+++/C++   32% 65%🟢      W+++/C+++   23% 82%🟢        W++/C++   12% 55%         32%
       W--/C--       W--/C--   41% 36%🔴         W-/C--   11% 63%🟢       W---/C--   10% 19%🔴       41%
        W--/C+        W--/C+   31% 39%🔴         W--/C-   10% 32%🔴          W-/C+    9% 47%         31%
         W-/C+         W-/C+   29% 47%            W+/C+   14% 80%🟢         W--/C+   14% 23%🔴       29%
       W---/C+       W---/C+   39% 28%🔴        W---/C-   20% 36%🔴       W---/C--    6% 27%🔴       39%
        W++/C+        W++/C+   26% 63%🟢          W+/C+   14% 44%          W++/C++   10% 79%🟢       26%
       W+++/C+       W+++/C+   31% 61%🟢       W+++/C++   18% 69%🟢      W+++/C+++    9% 94%🟢       31%
       W---/C-       W---/C-   35% 35%🔴       W---/C--   31% 32%🔴         W--/C-    4% 38%🔴       35%
        W--/C-        W--/C-   33% 44%          W--/C--   15% 37%🔴          W-/C-    8% 61%🟢       33%
     W+++/C---     W+++/C---   65% 62%🟢       W+++/C--    9% 76%🟢       W++/C---    5% 64%🟢       65%
        W-/C--        W-/C--   32% 40%           W+/C--   16% 60%          W--/C--   12% 18%🔴       32%
       W--/C++       W--/C++   22% 38%🔴         W--/C+   13% 43%          W---/C+   11% 34%🔴       22%
        W-/C++        W-/C++   27% 43%          W--/C++   15% 26%🔴          W-/C+    8% 35%🔴       27%
       W-/C---       W-/C---   37% 35%🔴        W+/C---   15% 55%         W--/C---   12% 15%🔴       37%
         W+/C-         W+/C-   24% 59%            W+/C+   10% 78%🟢         W++/C+    8% 95%🟢       24%
       W-/C+++       W-/C+++   28% 49%         W--/C+++   19% 29%🔴        W+/C+++   10% 71%🟢       28%

  TRANSICIONES W×C×σ MÁS FRECUENTES:
                       FROM                       → TO     N  P(tr)  Bull%
              W---/C---/neg              W---/C---/neg   240    45%   43%  
              W---/C---/pos              W---/C---/pos   217    43%   52%  
              W---/C---/low              W---/C---/low   167    41%   28%🔴
              W+++/C+++/pos              W+++/C+++/pos   157    30%   63%🟢
              W---/C---/neg              W---/C---/pos   121    23%   47%  
             W---/C---/high             W---/C---/high   118    46%   68%🟢
              W+++/C+++/neg              W+++/C+++/neg   115    29%   46%  
              W+++/C+++/pos              W+++/C+++/neg   102    20%   56%  
             W+++/C---/high             W+++/C---/high    94    51%   66%🟢
             W+++/C+++/high              W+++/C+++/pos    90    26%   77%🟢
              W---/C---/low              W---/C---/neg    90    22%   40%  
             W+++/C+++/high             W+++/C+++/high    87    25%   70%🟢
              W---/C---/pos              W---/C---/neg    86    17%   36%🔴
             W---/C---/deep             W---/C---/deep    75    42%   16%🔴
              W+++/C+++/neg              W+++/C+++/pos    75    19%   75%🟢
              W+++/C+++/low              W+++/C+++/low    67    27%   28%🔴
              W+++/C+++/pos              W+++/C+++/low    65    13%   45%  
              W---/C---/pos             W---/C---/high    65    13%   68%🟢
              W---/C---/low              W---/C---/pos    60    15%   70%🟢
              W+++/C+++/pos             W+++/C+++/high    59    11%   78%🟢

══════════════════════════════════════════════════════════════════════════════════════════════════════════════════════════════════
  ZIGZAG 5.0% — 5,811 pivotes clasificados
══════════════════════════════════════════════════════════════════════════════════════════════════════════════════════════════════

  LOOKUP: L1(W×C×σ×T)=209 celdas, L2(W×C×σ)=117, L3(W×C)=36

  TOP TRANSICIONES (FROM → TO más probables):
          FROM       → TO #1     P   B%        → TO #2     P   B%        → TO #3     P   B%   P(self)
     W---/C---     W---/C---   73% 40%🔴       W--/C---    7% 49%          W+/C---    3% 61%🟢       73%
     W+++/C+++     W+++/C+++   56% 68%🟢       W++/C+++   15% 64%🟢        W+/C+++    6% 78%🟢       56%
      W++/C+++      W++/C+++   23% 67%🟢        W+/C+++   16% 58%        W+++/C+++   11% 100%🟢       23%
      W---/C--     W---/C---   28% 29%🔴       W---/C--   26% 29%🔴      W+++/C+++    4% 100%🟢       26%
       W++/C++       W++/C++   16% 70%🟢         W+/C++   13% 41%           W-/C++    7% 79%🟢       16%
      W--/C---      W--/C---   27% 33%🔴      W---/C---   21% 12%🔴        W-/C---   10% 30%🔴       27%
         W+/C+         W+/C+   13% 43%            W-/C+    9% 40%           W--/C+    8% 46%         13%
      W+++/C++     W+++/C+++   19% 84%🟢       W+++/C++   14% 43%          W---/C+   10% 75%🟢       14%
       W---/C-      W---/C--   23%  8%🔴        W---/C-   18% 13%🔴      W---/C---   12%  5%🔴       18%
        W+/C++        W+/C++   16% 52%            W+/C+   10% 44%          W++/C++    9% 80%🟢       16%
       W--/C--       W--/C--   18% 38%🔴         W-/C--   10% 19%🔴      W---/C---    8%  0%🔴       18%
       W---/C+       W---/C-   16% 25%🔴        W---/C+   12% 24%🔴        W+++/C+   10% 64%🟢       12%
       W+/C+++       W+/C+++   15% 52%          W-/C+++   14% 55%        W+++/C+++   12% 100%🟢       15%
        W--/C+        W--/C+   11% 40%        W+++/C+++    9% 100%🟢          W-/C+    8% 36%🔴       11%
       W+++/C+     W+++/C+++   15% 95%🟢        W+++/C+   14% 56%         W+++/C++   14% 78%🟢       14%
        W--/C-        W--/C-   16% 20%🔴        W--/C--   11% 14%🔴       W---/C--    8% 30%🔴       16%
     W+++/C---     W+++/C---   50% 71%🟢       W+++/C--    8% 70%🟢      W---/C---    7% 22%🔴       50%
        W-/C--        W-/C--   19% 39%🔴          W+/C-    8% 44%          W--/C--    8% 22%🔴       19%
         W-/C+         W-/C+   15% 59%        W+++/C+++   12% 100%🟢         W--/C-   10%  0%🔴       15%
        W++/C+       W++/C++   12% 85%🟢          W+/C+   11% 58%           W++/C+    9% 90%🟢        9%
       W--/C++       W--/C++   10% 30%🔴          W+/C+    8% 75%🟢      W+++/C+++    8% 100%🟢       10%
       W-/C---       W-/C---   21% 29%🔴       W--/C---   11%  9%🔴         W-/C--    9% 33%🔴       21%
      W---/C++       W---/C+   16% 20%🔴       W---/C++   12% 27%🔴        W+++/C+    9% 62%🟢       12%
       W-/C+++       W-/C+++   19% 47%         W--/C+++   13% 42%        W+++/C+++   10% 100%🟢       19%
     W---/C+++     W---/C+++   38% 36%🔴       W---/C++   10% 22%🔴       W+++/C++    7% 83%🟢       38%

  TRANSICIONES W×C×σ MÁS FRECUENTES:
                       FROM                       → TO     N  P(tr)  Bull%
              W---/C---/pos              W---/C---/pos    84    33%   44%  
              W---/C---/neg              W---/C---/neg    77    31%   39%🔴
              W---/C---/low              W---/C---/low    77    34%   23%🔴
              W---/C---/pos              W---/C---/neg    42    17%   43%  
              W---/C---/neg              W---/C---/pos    39    16%   36%🔴
              W---/C---/low              W---/C---/pos    37    16%   57%  
             W---/C---/deep             W---/C---/deep    36    29%   14%🔴
             W---/C---/high             W---/C---/high    34    30%   76%🟢
              W+++/C+++/pos              W+++/C+++/pos    33    16%   64%🟢
              W---/C---/low              W---/C---/neg    33    14%   24%🔴
              W---/C---/pos             W---/C---/high    29    11%   52%  
             W+++/C+++/high              W+++/C+++/neg    26    17%   88%🟢
              W---/C---/neg              W---/C---/low    26    10%   31%🔴
             W---/C---/high              W---/C---/pos    24    21%   58%  
              W+++/C+++/pos              W+++/C+++/low    23    11%   52%  
             W---/C---/deep              W---/C---/low    23    19%   26%🔴
              W+++/C+++/neg              W+++/C+++/pos    23    19%   83%🟢
             W+++/C+++/high              W+++/C+++/pos    21    14%   76%🟢
             W+++/C---/high             W+++/C---/high    21    30%   71%🟢
              W---/C---/pos              W---/C---/low    20     8%   15%🔴

══════════════════════════════════════════════════════════════════════════════════════════════════════════════════════════════════
  ZIGZAG 7.5% — 3,010 pivotes clasificados
══════════════════════════════════════════════════════════════════════════════════════════════════════════════════════════════════

  LOOKUP: L1(W×C×σ×T)=90 celdas, L2(W×C×σ)=66, L3(W×C)=35

  TOP TRANSICIONES (FROM → TO más probables):
          FROM       → TO #1     P   B%        → TO #2     P   B%        → TO #3     P   B%   P(self)
     W---/C---     W---/C---   61% 31%🔴       W--/C---    8% 38%🔴      W+++/C+++    4% 88%🟢       61%
     W+++/C+++     W+++/C+++   38% 75%🟢       W++/C+++   15% 65%🟢        W--/C++    5% 88%🟢       38%
      W---/C--     W---/C---   26% 23%🔴       W---/C--   14% 12%🔴        W++/C++   11% 72%🟢       14%
      W++/C+++      W++/C+++   14% 81%🟢        W+/C+++    9% 71%🟢      W+++/C+++    6% 100%🟢       14%
      W--/C---     W---/C---   24% 19%🔴       W--/C---   20% 26%🔴        W-/C---    8% 22%🔴       20%
       W++/C++      W---/C--   11% 58%           W+/C++   10% 73%🟢        W---/C+    9% 90%🟢        9%
      W+++/C++     W+++/C+++   13% 83%🟢      W---/C---   12% 18%🔴       W---/C--   10% 67%🟢        5%
       W---/C-     W---/C---   18% 12%🔴       W---/C--   18%  6%🔴        W---/C-   13%  8%🔴       13%
       W--/C--     W+++/C+++    9% 100%🟢       W++/C+++    9% 88%🟢        W++/C++    8% 86%🟢        6%
       W---/C+       W---/C-   14% 17%🔴       W---/C--   13%  0%🔴       W++/C+++    7% 100%🟢        6%
         W+/C+      W---/C--   14% 73%🟢         W--/C-   10% 38%🔴        W--/C--    8% 50%          4%
        W+/C++     W---/C---   11% 25%🔴          W+/C+    8% 67%🟢        W---/C+    7% 100%🟢        7%
       W+/C+++     W+++/C+++   14% 100%🟢        W+/C+++   12% 75%🟢        W--/C--    8% 80%🟢       12%
      W---/C++       W---/C+   13%  0%🔴      W+++/C+++   10% 100%🟢       W++/C+++    8% 60%          6%
       W+++/C+       W---/C+   15% 67%🟢       W---/C--   13% 50%        W---/C---   12% 29%🔴        2%
        W--/C+     W+++/C+++   19% 100%🟢         W--/C+   10% 33%🔴       W++/C+++    8% 100%🟢       10%
        W--/C-     W+++/C+++   12% 100%🟢         W--/C-   11%  0%🔴       W---/C--   11% 17%🔴       11%
       W--/C++      W+++/C++   12% 100%🟢        W---/C+   12%  0%🔴      W+++/C+++   10% 100%🟢        8%
        W-/C--     W+++/C+++   18% 100%🟢       W++/C+++   14% 100%🟢        W--/C--   10%  0%🔴        8%
       W-/C---     W+++/C+++   18% 100%🟢      W---/C---   14%  0%🔴       W--/C---   10%  0%🔴        6%
     W+++/C---     W+++/C---   27% 77%🟢      W---/C---   15% 57%         W---/C--    8%  0%🔴       27%
        W++/C+      W---/C--   17% 50%        W---/C---   12% 17%🔴        W---/C+    8% 50%          4%
     W---/C+++     W---/C+++   26% 50%        W+++/C+++   11% 80%🟢        W---/C+   11%  0%🔴       26%
       W-/C+++     W+++/C+++   12% 100%🟢        W---/C+   12%  0%🔴        W-/C+++   12% 40%         12%
       W+/C---     W---/C---   22%  0%🔴      W+++/C---    7% 100%🟢       W+++/C--    7% 67%🟢        7%

  TRANSICIONES W×C×σ MÁS FRECUENTES:
                       FROM                       → TO     N  P(tr)  Bull%
              W---/C---/neg              W---/C---/neg    35    24%   29%🔴
              W---/C---/pos              W---/C---/pos    30    22%   43%  
              W---/C---/low              W---/C---/low    29    20%   21%🔴
              W---/C---/low              W---/C---/pos    26    18%   23%🔴
              W---/C---/pos              W---/C---/neg    20    15%   20%🔴
             W---/C---/deep              W---/C---/low    16    18%   12%🔴
              W---/C---/neg              W---/C---/pos    16    11%   19%🔴
             W---/C---/deep             W---/C---/deep    16    18%   19%🔴
              W---/C---/pos              W---/C---/low    14    10%    7%🔴
             W---/C---/high             W---/C---/high    14    22%   50%  
              W---/C---/low              W---/C---/neg    14    10%   14%🔴
              W---/C---/pos             W---/C---/high    14    10%   50%  
             W---/C---/high              W---/C---/pos    14    22%   57%  
              W---/C---/low             W---/C---/high    13     9%   31%🔴
              W+++/C+++/pos              W++/C+++/deep    11    11%  100%🟢
              W---/C---/neg              W---/C---/low    10     7%   20%🔴
             W+++/C+++/high             W+++/C+++/deep    10    11%   90%🟢
              W---/C---/neg             W---/C---/high    10     7%   50%  
             W---/C---/deep              W---/C---/pos    10    11%    0%🔴
             W+++/C+++/high              W+++/C+++/low     9    10%   78%🟢

══════════════════════════════════════════════════════════════════════════════════════════════════════════════════════════════════
  RESUMEN TOTAL
══════════════════════════════════════════════════════════════════════════════════════════════════════════════════════════════════
  2.5%: lookup=766 celdas (L1=577), transiciones=36 estados con destinos
  5.0%: lookup=362 celdas (L1=209), transiciones=36 estados con destinos
  7.5%: lookup=191 celdas (L1=90), transiciones=36 estados con destinos

  JSON completo guardado en: /root/botero-trade/backend/scratch/rc_psv_complete.json
