<string>:8: UserWarning: pandas only supports SQLAlchemy connectable (engine/connection) or database string URI or sqlite3 DBAPI2 connection. Other DBAPI2 objects are not tested. Please consider using SQLAlchemy.
<string>:18: UserWarning: pandas only supports SQLAlchemy connectable (engine/connection) or database string URI or sqlite3 DBAPI2 connection. Other DBAPI2 objects are not tested. Please consider using SQLAlchemy.
<string>:18: UserWarning: pandas only supports SQLAlchemy connectable (engine/connection) or database string URI or sqlite3 DBAPI2 connection. Other DBAPI2 objects are not tested. Please consider using SQLAlchemy.
<string>:18: UserWarning: pandas only supports SQLAlchemy connectable (engine/connection) or database string URI or sqlite3 DBAPI2 connection. Other DBAPI2 objects are not tested. Please consider using SQLAlchemy.
╔══════════════════════════════════════════════════════════════════════════════════════════════════════════════════════════════════╗
║  AUDITORÍA: TIDE CON SUS 6 MAGNITUDES — T da contexto, C lleva la aceleración                                       ║
╚══════════════════════════════════════════════════════════════════════════════════════════════════════════════════════════════════╝

==================================================================================================================================
  1. TIDE 6 NIVELES DENTRO DE W×C — ¿Cómo modula cada nivel de T? (zigzag 5%)
==================================================================================================================================

       W      C        T+++       T++        T+        T-       T--      T---    Rango
  ----------------------------------------------------------------------------------------------------
    W+++   C+++   81%(304)🟢 81%( 86)🟢 91%( 78)🟢 86%( 36)🟢 80%( 41)🟢 70%(131)🟢     21%
    W+++    C++   90%( 40)🟢 88%( 32)🟢 82%( 34)🟢 92%( 12)🟢 65%( 20)🟢 77%( 30)🟢     27%
    W+++     C+   84%( 32)🟢 78%( 18)🟢 77%( 26)🟢 67%( 15)🟢           68%( 31)🟢     18%
    W+++     C-             47%( 15)   64%( 11)🟢                     92%( 13)🟢     46%
    W+++    C--   50%( 10)             58%( 12)                       71%( 17)🟢     21%
    W+++   C---   71%( 14)🟢           67%( 18)🟢           71%( 14)🟢 72%( 65)🟢      6%
     W++   C+++   77%(146)🟢 83%( 46)🟢 76%( 38)🟢 69%( 16)🟢 75%( 20)🟢 65%( 23)🟢     17%
     W++    C++   83%( 63)🟢 85%( 47)🟢 78%( 36)🟢 81%( 16)🟢 75%( 24)🟢 57%( 21)       28%
     W++     C+   86%( 22)🟢 87%( 30)🟢 66%( 29)🟢 90%( 10)🟢 85%( 13)🟢               24%
     W++     C-   47%( 15)   48%( 21)             40%( 10)                            8%
      W+   C+++   60%( 62)   81%( 26)🟢 77%( 13)🟢           82%( 11)🟢 50%( 20)       32%
      W+    C++   60%( 50)   75%( 32)🟢 72%( 40)🟢 73%( 11)🟢 47%( 19)   62%( 13)🟢     28%
      W+     C+   60%( 55)   77%( 43)🟢 62%( 32)🟢 36%( 14)🔴           47%( 17)       41%
      W+     C-   55%( 20)   42%( 19)                                 70%( 10)🟢     28%
      W+    C--   60%( 15)   40%( 10)   46%( 13)                       62%( 16)🟢     22%
      W+   C---             71%( 14)🟢 64%( 14)🟢           33%( 12)🔴 52%( 27)       38%
      W-   C+++   51%( 37)   65%( 17)🟢100%( 10)🟢                     31%( 16)🔴     69%
      W-    C++   64%( 25)🟢 55%( 20)   58%( 12)                                      9%
      W-     C+   38%( 37)🔴 70%( 27)🟢 50%( 18)   40%( 10)   40%( 15)                 33%
      W-     C-   26%( 19)🔴 39%( 33)🔴 67%( 12)🟢                                   40%
      W-    C--   30%( 27)🔴 15%( 27)🔴 29%( 24)🔴 40%( 10)   24%( 17)🔴 67%( 15)🟢     52%
      W-   C---                       38%( 16)🔴  8%( 13)🔴 53%( 17)   42%( 40)       45%
     W--   C+++   48%( 21)   50%( 14)                                 50%( 10)        2%
     W--    C++   52%( 44)   88%( 25)🟢 54%( 13)                                     36%
     W--     C+   55%( 44)   45%( 29)   78%( 18)🟢 47%( 17)   64%( 11)🟢 62%( 13)🟢     33%
     W--     C-   26%( 35)🔴 48%( 21)   44%( 32)   36%( 14)🔴 33%( 12)🔴 40%( 10)       22%
     W--    C--   28%( 36)🔴 38%( 37)🔴 29%( 31)🔴 29%( 24)🔴 25%( 20)🔴 33%( 15)🔴     13%
     W--   C---   22%( 32)🔴 41%( 32)   41%( 34)   33%( 18)🔴 34%( 32)🔴 38%( 52)🔴     19%
    W---   C+++   44%( 41)             64%( 11)🟢                     42%( 19)       22%
    W---    C++   57%( 30)   53%( 15)   64%( 22)🟢                     29%( 14)🔴     35%
    W---     C+   42%( 48)   44%( 32)   66%( 32)🟢 50%( 12)   27%( 11)🔴 45%( 11)       38%
    W---     C-   13%( 46)🔴 44%( 41)   42%( 33)   27%( 11)🔴 26%( 19)🔴 19%( 16)🔴     31%
    W---    C--   26%( 68)🔴 28%( 58)🔴 21%( 53)🔴 24%( 25)🔴 12%( 34)🔴 24%( 34)🔴     16%
    W---   C---   27%(135)🔴 35%(133)🔴 32%(137)🔴 24%( 72)🔴 31%(150)🔴 36%(386)🔴     12%

==================================================================================================================================
  2. TIDE × σ EN CELDAS CLAVE — ¿T modula más cuando σ está en zona incierta?
==================================================================================================================================

  ── W+++/C+++ (N=676, Bull=80%) ──
         σ      T+++       T++        T+        T-       T--      T---
      deep   57%(40)                75%( 8)🟢                                 
       low   66%(44)🟢   78%( 9)🟢                                    44%(16)  
       neg   73%(49)🟢   67%(12)🟢  100%(17)🟢              88%( 8)🟢   55%(31)  
       pos   90%(79)🟢   79%(33)🟢   90%(21)🟢   91%(11)🟢   93%(15)🟢   75%(44)🟢
      high   92%(62)🟢   90%(21)🟢   95%(20)🟢  100%(11)🟢   88%( 8)🟢   87%(30)🟢
       ext  100%(30)🟢                                                       

  ── W+++/C--- (N=123, Bull=71%) ──
         σ      T+++       T++        T+        T-       T--      T---
       pos                                                          62%( 8)🟢
      high   73%(11)🟢                                               74%(42)🟢
       ext                                                          69%(13)🟢

  ── W---/C--- (N=1,013, Bull=32%) ──
         σ      T+++       T++        T+        T-       T--      T---
      deep    0%(16)🔴   22%(23)🔴    0%(23)🔴   11%(18)🔴    7%(15)🔴    7%(28)🔴
       low   10%(31)🔴   32%(37)🔴   33%(18)🔴   14%(14)🔴   20%(46)🔴   18%(82)🔴
       neg   35%(37)🔴   42%(31)     32%(34)🔴   35%(17)🔴   33%(42)🔴   25%(88)🔴
       pos   28%(32)🔴   39%(36)🔴   35%(37)🔴   29%(17)🔴   40%(25)     42%(107)  
      high   60%(10)                50%(16)                56%(18)     62%(61)🟢
       ext   67%( 9)🟢              67%( 9)🟢                         80%(20)🟢

  ── W---/C+++ (N=88, Bull=44%) ──
         σ      T+++       T++        T+        T-       T--      T---
      deep   37%(19)🔴              88%( 8)🟢                                 
       low   50%(12)     38%( 8)🔴                                    36%(11)🔴

  ── W++/C++ (N=207, Bull=79%) ──
         σ      T+++       T++        T+        T-       T--      T---
       neg   56%( 9)                                                         
       pos   78%(23)🟢   81%(16)🟢   80%(10)🟢                                 
      high  100%(13)🟢   88%(17)🟢   73%(11)🟢                         88%( 8)🟢
       ext  100%(10)🟢                                                       

  ── W--/C-- (N=163, Bull=31%) ──
         σ      T+++       T++        T+        T-       T--      T---
       low              36%(14)🔴   50%( 8)                                   
       neg   31%(13)🔴   62%( 8)🟢   40%(10)     33%( 9)🔴                      
      high              12%( 8)🔴                                            

  ── W+/C+ (N=167, Bull=60%) ──
         σ      T+++       T++        T+        T-       T--      T---
       low   50%(10)                                                         
       neg   62%(13)🟢                                                       
       pos   75%( 8)🟢   88%( 8)🟢                                    33%( 9)🔴
      high   57%(14)     75%(16)🟢   67%(12)🟢                                 

  ── W---/C-- (N=272, Bull=23%) ──
         σ      T+++       T++        T+        T-       T--      T---
      deep   27%(15)🔴    4%(27)🔴    4%(23)🔴   20%(10)🔴    8%(12)🔴           
       low   32%(31)🔴   60%(15)     40%(20)     38%( 8)🔴   14%(14)🔴    0%(12)🔴
       neg   24%(17)🔴   55%(11)     25%( 8)🔴                                 

==================================================================================================================================
  3. TIDE × ZIGZAG LEVEL — ¿T modula diferente por nivel?
==================================================================================================================================

  ══ ZigZag 2.5% (N=15,153) ══
    T+++: N=4,211  Bull= 54%  HH= 27%  HL= 28%  LH= 23%  LL= 22%
    T++: N=2,871  Bull= 55%  HH= 27%  HL= 28%  LH= 23%  LL= 22%
    T+: N=2,706  Bull= 53%  HH= 26%  HL= 27%  LH= 24%  LL= 23%
    T-: N=1,144  Bull= 56%  HH= 28%  HL= 28%  LH= 21%  LL= 23%
    T--: N=1,570  Bull= 49%  HH= 24%  HL= 26%  LH= 26%  LL= 25%
    T---: N=2,651  Bull= 50%  HH= 25%  HL= 25%  LH= 25%  LL= 25%

  ══ ZigZag 5.0% (N=5,811) ══
    T+++: N=1,605  Bull= 57%  HH= 28%  HL= 29%  LH= 23%  LL= 20%
    T++: N=1,045  Bull= 57%  HH= 29%  HL= 29%  LH= 22%  LL= 21%
    T+: N=  943  Bull= 56%  HH= 27%  HL= 29%  LH= 22%  LL= 22%
    T-: N=  441  Bull= 47%  HH= 23%  HL= 24%  LH= 27%  LL= 27%
    T--: N=  623  Bull= 45%  HH= 21%  HL= 23%  LH= 27%  LL= 28%
    T---: N=1,154  Bull= 50%  HH= 23%  HL= 26%  LH= 26%  LL= 24%

  ══ ZigZag 7.5% (N=3,010) ══
    T+++: N=  824  Bull= 61%  HH= 32%  HL= 30%  LH= 21%  LL= 17%
    T++: N=  523  Bull= 62%  HH= 31%  HL= 31%  LH= 20%  LL= 18%
    T+: N=  490  Bull= 61%  HH= 30%  HL= 31%  LH= 20%  LL= 19%
    T-: N=  218  Bull= 41%  HH= 17%  HL= 25%  LH= 27%  LL= 32%
    T--: N=  343  Bull= 43%  HH= 19%  HL= 24%  LH= 28%  LL= 29%
    T---: N=  612  Bull= 46%  HH= 21%  HL= 25%  LH= 28%  LL= 26%

==================================================================================================================================
  4. ¿DÓNDE TIDE IMPORTA MÁS? — Top 20 celdas W×C con mayor delta T+++→T---
==================================================================================================================================

           W/C      N  T↑_Bull T↓_Bull   Δ(T↑-T↓)  Δ(T+++-T---)
         W+/C+    167      66%     41%       +26%   ⭐⭐          +13%
       W-/C+++     91      62%     37%       +25%   ⭐⭐          +20%
       W+/C---     78      71%     47%       +25%   ⭐⭐         +nan%
      W---/C++     92      58%     40%       +18%    ⭐          +28%
         W-/C+    115      51%     39%       +12%    ⭐         +nan%
       W++/C++    207      82%     70%       +12%    ⭐          +25%
       W+++/C+    131      80%     69%       +11%    ⭐          +17%
      W+++/C++    168      87%     76%       +11%    ⭐          +13%
     W---/C+++     88      48%     37%       +11%    ⭐           +2%
        W+/C++    165      68%     58%       +10%                -2%
      W++/C+++    289      78%     69%        +8%               +11%
       W---/C+    146      49%     41%        +8%                -4%
       W---/C-    166      32%     24%        +8%                -6%
     W+++/C+++    676      83%     75%        +8%               +11%
      W---/C--    272      25%     19%        +6%                +3%
      W+++/C--     61      60%     55%        +5%               -21%
      W--/C+++     63      52%     48%        +5%                -2%
       W-/C---     98      43%     39%        +4%              +nan%
       W--/C--    163      32%     29%        +3%                -6%
        W--/C-    124      38%     36%        +1%               -14%
        W--/C+    132      56%     56%        -0%                -7%
       W+/C+++    141      67%     68%        -0%               +10%
     W+++/C---    123      70%     71%        -1%                -1%
      W--/C---    200      35%     36%        -2%               -17%
     W---/C---  1,013      31%     33%        -2%                -8%
        W++/C-     70      50%     54%        -4%              +nan%
        W++/C+    112      79%     84%        -5%              +nan%
         W+/C-     72      49%     59%       -10%    ⭐          -15%
        W+/C--     67      50%     62%       -12%    ⭐           -3%
       W+++/C-     53      55%     73%       -18%    ⭐         +nan%
        W-/C--    120      24%     43%       -18%    ⭐          -37%
      W++/C---     56      48%     71%       -23%   ⭐⭐         +nan%

==================================================================================================================================
  5. ARQUITECTURA FINAL DEL MODELO
==================================================================================================================================

  El sistema tiene 4 EJES + 2 confirmadores:

  EJES (determinan probabilidades):
    1. W_mag (6 niveles) — MOMENTUM del precio
    2. C_mag (6 niveles) — POSICIÓN / tendencia intermedia
    3. σ_zone (6 niveles) — DESPLAZAMIENTO del precio vs canal
    4. T_mag (6 niveles) — CONTEXTO macro (Tide pendiente y nivel)

  CONFIRMADORES (modulan dentro de la celda):
    5. Wa_opp / Ca_opp — ¿Wave/Current frenando? (posición en ciclo)
    6. σVWAP — ¿Volumen confirma o desmiente?

  Aceleración: la lleva Current (Ca_opp). Tide no acelera.

  CONTEXTO ZIGZAG:
    - 2.5% = ruido, muchos pivotes, base estadística grande
    - 5.0% = movimiento operativo, la señal principal
    - 7.5% = swing mayor, pocos pivotes pero más significativos
