<string>:8: UserWarning: pandas only supports SQLAlchemy connectable (engine/connection) or database string URI or sqlite3 DBAPI2 connection. Other DBAPI2 objects are not tested. Please consider using SQLAlchemy.
<string>:14: UserWarning: pandas only supports SQLAlchemy connectable (engine/connection) or database string URI or sqlite3 DBAPI2 connection. Other DBAPI2 objects are not tested. Please consider using SQLAlchemy.
<string>:19: UserWarning: pandas only supports SQLAlchemy connectable (engine/connection) or database string URI or sqlite3 DBAPI2 connection. Other DBAPI2 objects are not tested. Please consider using SQLAlchemy.
╔══════════════════════════════════════════════════════════════════════════════════════════════════════════════════════════════════╗
║  FORENCIA SEGMENTADA POR TIDE — ¿Cómo cambia TODO bajo T↑ vs T↓?                                                     ║
╚══════════════════════════════════════════════════════════════════════════════════════════════════════════════════════════════════╝

==================================================================================================================================
  1. INERCIA DIARIA — P(stay) por estado, segmentada por Tide
==================================================================================================================================

        Estado     T↑_N  T↑_stay  T↑_life     T↓_N  T↓_stay  T↓_life    Δ_stay
  ----------------------------------------------------------------------------------------------------
     W+++/C+++    6,497      93%     9.5d    2,039      93%     9.9d      -0% 
     W---/C---    2,404      92%     8.6d    2,883      93%     9.4d      -1% 
      W++/C+++    4,320      83%     3.7d      881      75%     2.4d      +8% ⭐
      W+++/C++    2,414      80%     3.2d      961      79%     3.0d      +1% 
       W++/C++    4,356      80%     3.1d      989      73%     2.2d      +6% ⭐
       W--/C--    1,905      76%     2.6d      789      75%     2.4d      +1% 
      W---/C--    1,645      80%     3.1d      802      79%     2.9d      +2% 
      W--/C---    1,302      77%     2.7d      939      69%     1.9d      +8% ⭐
     W+++/C---      443      83%     3.7d      631      84%     4.0d      -1% 
     W---/C+++      393      78%     2.8d      205      79%     2.9d      -1% 
         W+/C+    3,702      77%     2.6d      960      73%     2.2d      +4% ⭐
         W-/C-    1,556      69%     1.9d      539      63%     1.5d      +7% ⭐
        W+/C++    4,137      78%     2.8d      814      71%     2.0d      +7% ⭐
        W-/C--    1,350      69%     1.9d      618      69%     1.9d      +0% 
        W++/C+    2,815      74%     2.3d      848      69%     1.9d      +5% ⭐
        W--/C-    1,604      72%     2.1d      559      71%     2.1d      +0% 
       W+++/C+    1,948      79%     3.0d      844      77%     2.6d      +3% 
       W---/C-    1,174      73%     2.2d      393      71%     2.0d      +2% 

==================================================================================================================================
  2. TRANSICIONES PIVOTE→PIVOTE POR TIDE (zigzag 5%)
==================================================================================================================================

  ── FROM W+++/C+++ (N=675) ──
    T↑: N= 467 Bull=68%🟢 P(self)=53%  → W+++/C+++(53%,70%🟢)  W++/C+++(15%,65%🟢)  W+/C+++(7%,77%🟢)
    T↓: N= 208 Bull=62%🟢 P(self)=62%  → W+++/C+++(62%,64%🟢)  W++/C+++(13%,63%🟢)  W-/C+++(4%,56%  )

  ── FROM W---/C--- (N=1,012) ──
    T↑: N= 405 Bull=45%   P(self)=68%  → W---/C---(68%,39%🔴)  W--/C---(9%,45%  )  W+/C---(4%,69%🟢)
    T↓: N= 607 Bull=46%   P(self)=76%  → W---/C---(76%,40%🔴)  W--/C---(6%,54%  )  W-/C---(3%,71%🟢)

  ── FROM W++/C++ (N=206) ──
    T↑: N= 145 Bull=62%🟢 P(self)=14%  → W++/C++(14%,76%🟢)  W+/C++(11%,31%🔴)  W---/C+(8%,64%🟢)
    T↓: N=  61 Bull=62%🟢 P(self)=20%  → W++/C++(20%,58%  )  W+/C++(18%,55%  )  W+++/C+++(10%,83%🟢)

  ── FROM W--/C-- (N=160) ──
    T↑: N= 103 Bull=51%   P(self)=16%  → W--/C--(16%,31%🔴)  W-/C--(11%,27%🔴)  W--/C---(10%,10%🔴)
    T↓: N=  57 Bull=42%   P(self)=23%  → W--/C--(23%,46%  )  W---/C--(14%,12%🔴)  W-/C--(9%,0%🔴)

  ── FROM W+++/C--- (N=123) ──
    T↑: N=  40 Bull=62%🟢 P(self)=42%  → W+++/C---(42%,65%🟢)  W+++/C-(8%,67%🟢)  W---/C---(8%,33%🔴)
    T↓: N=  83 Bull=65%🟢 P(self)=54%  → W+++/C---(54%,73%🟢)  W+++/C--(11%,67%🟢)  W---/C---(7%,17%🔴)

  ── FROM W---/C+++ (N=88) ──
    T↑: N=  61 Bull=43%   P(self)=38%  → W---/C+++(38%,39%🔴)  W---/C++(11%,29%🔴)  W+++/C++(8%,80%🟢)

  ── FROM W+++/C++ (N=166) ──
    T↑: N= 105 Bull=70%🟢 P(self)=10%  → W+++/C+++(21%,91%🟢)  W---/C+(11%,83%🟢)  W---/C++(10%,82%🟢)
    T↓: N=  61 Bull=51%   P(self)=21%  → W+++/C++(21%,38%🔴)  W+++/C+++(16%,70%🟢)  W++/C++(13%,25%🔴)

  ── FROM W---/C-- (N=269) ──
    T↑: N= 176 Bull=42%   P(self)=26%  → W---/C--(26%,30%🔴)  W---/C---(26%,27%🔴)  W++/C++(5%,88%🟢)
    T↓: N=  93 Bull=40%🔴 P(self)=26%  → W---/C---(33%,32%🔴)  W---/C--(26%,25%🔴)  W+++/C+++(8%,100%🟢)

  ── FROM W+/C+ (N=167) ──
    T↑: N= 130 Bull=52%   P(self)=13%  → W+/C+(13%,53%  )  W-/C+(10%,46%  )  W---/C--(8%,20%🔴)
    T↓: N=  37 Bull=57%   P(self)=11%  → W++/C++(16%,100%🟢)  W+/C+(11%,0%🔴)  W++/C+(11%,100%🟢)

==================================================================================================================================
  3. σ MIGRATION — ¿Tide cambia la velocidad de migración de σ?
==================================================================================================================================

  ── σ en W+++/C+++ / T↑ (N=6,497) ──
     FROM↓/TO→    deep     low     neg     pos    high     ext
          deep    68%⬛    29%▪     3%                      
           low    20%▪    58%⬛    20%▪     2%      0%      0% 
           neg     2%     21%▪    61%⬛    15%▪     1%      0% 
           pos     0%      2%     23%▪    62%⬛    12%▪     1% 
          high     0%      0%      2%     30%⬛    59%⬛     7% 
           ext     0%             0%      5%     43%⬛    51%⬛

  ── σ en W+++/C+++ / T↓ (N=2,039) ──
     FROM↓/TO→    deep     low     neg     pos    high     ext
          deep    59%⬛    41%⬛                            
           low    13%▪    60%⬛    25%▪     3%               
           neg     2%     23%▪    62%⬛    12%▪     1%        
           pos     0%      1%     22%▪    65%⬛    11%▪     1% 
          high            0%      3%     37%⬛    56%⬛     5% 
           ext                   1%      5%     41%⬛    54%⬛

  ── σ en W---/C--- / T↑ (N=2,404) ──
     FROM↓/TO→    deep     low     neg     pos    high     ext
          deep    55%⬛    38%⬛     5%      1%               
           low     6%     52%⬛    36%⬛     5%      0%        
           neg     1%      7%     63%⬛    28%▪     2%      0% 
           pos            1%     14%▪    66%⬛    17%▪     1% 
          high            0%      1%     11%▪    72%⬛    16%▪
           ext                          3%     31%⬛    66%⬛

  ── σ en W---/C--- / T↓ (N=2,883) ──
     FROM↓/TO→    deep     low     neg     pos    high     ext
          deep    54%⬛    40%⬛     6%                      
           low     7%     56%⬛    32%⬛     4%      1%      0% 
           neg     1%     14%▪    57%⬛    26%▪     2%      0% 
           pos            0%     13%▪    65%⬛    20%▪     1% 
          high                   1%     17%▪    69%⬛    13%▪
           ext                          2%     32%⬛    66%⬛

==================================================================================================================================
  4. ACELERACIÓN × TIDE — ¿T cambia el poder predictivo de la aceleración?
==================================================================================================================================

  ── FROM W+++/C+++ (N=675) ──
         Accel T_ctx     N  Bull%
    Wa+/ Ca+    T↑   169   78%🟢
    Wa+/ Ca+    T↓    79   77%🟢
    Wa+/ Ca-    T↑    40   52%  
    Wa+/ Ca-    T↓    24   50%  
    Wa-/ Ca+    T↑   126   77%🟢
    Wa-/ Ca+    T↓    62   61%🟢
    Wa-/ Ca-    T↑   132   52%  
    Wa-/ Ca-    T↓    43   42%  

  ── FROM W---/C--- (N=1,012) ──
         Accel T_ctx     N  Bull%
    Wa+/ Ca+    T↑    50   64%🟢
    Wa+/ Ca+    T↓   112   57%  
    Wa+/ Ca-    T↑   146   44%  
    Wa+/ Ca-    T↓   189   49%  
    Wa-/ Ca+    T↑    13   46%  
    Wa-/ Ca+    T↓    40   52%  
    Wa-/ Ca-    T↑   196   41%  
    Wa-/ Ca-    T↓   266   37%🔴

  ── FROM W++/C++ (N=206) ──
         Accel T_ctx     N  Bull%
    Wa+/ Ca+    T↑    74   66%🟢
    Wa+/ Ca+    T↓    29   66%🟢
    Wa+/ Ca-    T↑    17   82%🟢
    Wa-/ Ca+    T↑    29   48%  
    Wa-/ Ca+    T↓    12   75%🟢
    Wa-/ Ca-    T↑    25   52%  
    Wa-/ Ca-    T↓    17   53%  

  ── FROM W--/C-- (N=160) ──
         Accel T_ctx     N  Bull%
    Wa+/ Ca+    T↑    15   40%  
    Wa+/ Ca+    T↓     9   56%  
    Wa+/ Ca-    T↑    25   44%  
    Wa-/ Ca+    T↓     9   56%  
    Wa-/ Ca-    T↑    59   56%  
    Wa-/ Ca-    T↓    32   38%🔴

==================================================================================================================================
  5. TRANSICIONES POR T_mag COMPLETO (6 niveles)
==================================================================================================================================

  ── FROM W+++/C+++ ──
     T_mag     N  P(self)  Bull%           Top destino
      T+++   304      60%   65%🟢    W+++/C+++(183/304)
       T++    86      41%   71%🟢      W+++/C+++(35/86)
        T+    77      38%   75%🟢      W+++/C+++(29/77)
        T-    36      47%   78%🟢      W+++/C+++(17/36)
       T--    41      51%   59%        W+++/C+++(21/41)
      T---   131      70%   59%       W+++/C+++(92/131)

  ── FROM W---/C--- ──
     T_mag     N  P(self)  Bull%           Top destino
      T+++   135      74%   42%      W---/C---(100/135)
       T++   133      71%   48%       W---/C---(94/133)
        T+   137      59%   45%       W---/C---(81/137)
        T-    72      64%   40%        W---/C---(46/72)
       T--   149      73%   44%      W---/C---(109/149)
      T---   386      80%   47%      W---/C---(307/386)
