SPRINT 2-REDO — FASE A — 2026-05-29T23:48:07.190107+00:00
====================================================================================================


====================================================================================================
  SPRINT 2-REDO — FASE A: INFRAESTRUCTURA
====================================================================================================
[23:48:07]   Z_THRESHOLD = 2.0
[23:48:07]   MAX_MATCH_DAYS = 3
[23:48:07]   DEDUP_PROXIMITY = 3
[23:48:07]   OFFSETS = [-10..5]

====================================================================================================
  FASE A — STEP 1: Load Feature Lake
====================================================================================================
[23:48:44]   Feature Lake base: 91,252 obs, 82 cols
[23:48:49]   Derived features added: 83 → total 165 cols
[23:48:49]   Feature columns: 154
[23:48:49]   ✅ AUDIT: No zigzag columns in feature set

====================================================================================================
  FASE A — STEP 2: Load Sprint 1 Classified Points
====================================================================================================
[23:48:49]   Loaded 4,313 zigzag points
[23:48:49]   Columns: ['ticker', 'timestamp', 'tp_type', 'price', 'archetype', 'is_reversal', 'preceding_leg_pct', 'following_leg_pct', 'preceding_days', 'following_days', 'swing_magnitude', 'rc_signature', 'full_archetype']
[23:48:49]   Archetypes: {'HH': 1207, 'HL': 1195, 'LL': 961, 'LH': 950}
[23:48:49]   Turn types: {'MAX': 2157, 'MIN': 2156}

====================================================================================================
  FASE A — STEP 3: Align Zigzag → Feature Lake (per-ticker)
====================================================================================================
[23:48:51]   Matched: 4,189 / 4,313 (97.1%)
[23:48:51]   Skipped: 124
[23:48:51]   Match distance: mean=0.00d, median=0d, max=2d, exact (0d)=4188 (100.0%)

====================================================================================================
  FASE A — STEP 4: Compute Z-scores PER TICKER
====================================================================================================
[23:48:54]   Z-score stats computed for 154 features
[23:48:54]   ✅ AUDIT: wave_accel mean varies per ticker: min=-0.000131, max=0.000248, range=0.000379

====================================================================================================
  FASE A — STEP 5: Enrich with RC signature, drift, with_trend
====================================================================================================
[23:49:03]   RC signatures: {'T(+)C(+)W(+)': 1100, 'T(+)C(-)W(-)': 834, 'T(-)C(-)W(-)': 716, 'T(+)C(+)W(-)': 492, 'T(-)C(+)W(+)': 423, 'T(-)C(-)W(+)': 225, 'T(+)C(-)W(+)': 214, 'T(-)C(+)W(-)': 185}
[23:49:03]   WITH_TREND: 2051 (49.0%)
[23:49:03]   AGAINST_TREND: 2138 (51.0%)
[23:49:03]   Drift t-1→t=0: mean=-0.13%, median=-0.01%, P10=-3.80%
[23:49:03]   Drift t-3→t=0: mean=-0.42%, median=-0.27%, P10=-6.75%

====================================================================================================
  FASE A — STEP 6: Build Deduplication Index
====================================================================================================
[23:49:03] 
    Ticker │ ZZ pts │   Bars │  Base% │ MinDist │ Close≤3
[23:49:03]   ───────────────────────────────────────────────────────
[23:49:03]       AAPL │    690 │   8264 │  8.35% │       1 │     149
[23:49:03]        JPM │    331 │   4844 │  6.83% │       1 │      85
[23:49:03]       AMZN │    328 │   4839 │  6.78% │       1 │      50
[23:49:03]       MSFT │    250 │   4831 │  5.17% │       1 │      33
[23:49:03]        XOM │    241 │   4847 │  4.97% │       1 │      38
[23:49:03]         HD │    238 │   4847 │  4.91% │       1 │      34
[23:49:03]        QQQ │    310 │   6595 │  4.70% │       1 │      52
[23:49:03]        MRK │    221 │   4846 │  4.56% │       1 │      19
[23:49:03]        IBM │    217 │   4847 │  4.48% │       1 │      21
[23:49:03]        HON │    210 │   4848 │  4.33% │       1 │      22
[23:49:03]       COST │    186 │   4846 │  3.84% │       1 │      21
[23:49:03]        WMT │    170 │   4838 │  3.51% │       1 │      16
[23:49:03]        MCD │    143 │   4846 │  2.95% │       1 │      11
[23:49:03]        SPY │    237 │   8112 │  2.92% │       1 │      22
[23:49:03]         PG │    138 │   4839 │  2.85% │       1 │      13
[23:49:03]        JNJ │    135 │   4838 │  2.79% │       1 │      11
[23:49:03]        PEP │    144 │   5325 │  2.70% │       1 │      11
[23:49:03] 
  Total close pairs (≤3 bars): 608
[23:49:03]   These are the pairs that would cause PREC > 100% without dedup.

====================================================================================================
  FASE A — STEP 7: Self-Audit — Verify Dedup Prevents PREC > 100%
====================================================================================================
[23:49:03]   SPY: fires=397, old_hits=177 (old PREC=44.6%), dedup_hits=75 (new PREC=18.9%, recall=31.6%) ✅
[23:49:04]   AAPL: fires=357, old_hits=262 (old PREC=73.4%), dedup_hits=122 (new PREC=34.2%, recall=17.7%) ✅
[23:49:04]   JNJ: fires=225, old_hits=74 (old PREC=32.9%), dedup_hits=30 (new PREC=13.3%, recall=22.2%) ✅
[23:49:04]   ✅ AUDIT COMPLETE: Dedup engine prevents multi-counting

====================================================================================================
  FASE A — STEP 8: Persist sprint2_redo_lake.pkl
====================================================================================================
[23:49:04]   Saved: /root/botero-trade/backend/scratch/sprint2_redo_lake.pkl
[23:49:04]   Size: 1487 KB
[23:49:04]   Script SHA256: a85ad1faf8d5f4f6
[23:49:04]   Contains: 4189 matched points, 154 features, 17 tickers

====================================================================================================
  FASE A — SUMMARY REPORT
====================================================================================================
[23:49:04]   Archetypes:
[23:49:04]     HL: 1,171 (28.0%)
[23:49:04]     HH: 1,162 (27.7%)
[23:49:04]     LH: 931 (22.2%)
[23:49:04]     LL: 925 (22.1%)
[23:49:04] 
  Per-ticker base rates:
[23:49:04]     Ticker │    ZZ │   Bars │  Base% │   WT │   AT
[23:49:04]   ──────────────────────────────────────────────────
[23:49:04]       AAPL │   690 │   8264 │  8.35% │  343 │  347
[23:49:04]       AMZN │   328 │   4839 │  6.78% │  163 │  165
[23:49:04]       COST │   186 │   4846 │  3.84% │   90 │   96
[23:49:04]         HD │   238 │   4847 │  4.91% │  117 │  121
[23:49:04]        HON │   210 │   4848 │  4.33% │  105 │  105
[23:49:04]        IBM │   217 │   4847 │  4.48% │  106 │  111
[23:49:04]        JNJ │   135 │   4838 │  2.79% │   63 │   72
[23:49:04]        JPM │   331 │   4844 │  6.83% │  163 │  168
[23:49:04]        MCD │   143 │   4846 │  2.95% │   66 │   77
[23:49:04]        MRK │   221 │   4846 │  4.56% │  109 │  112
[23:49:04]       MSFT │   250 │   4831 │  5.17% │  121 │  129
[23:49:04]        PEP │   144 │   5325 │  2.70% │   70 │   74
[23:49:04]         PG │   138 │   4839 │  2.85% │   66 │   72
[23:49:04]        QQQ │   310 │   6595 │  4.70% │  151 │  159
[23:49:04]        SPY │   237 │   8112 │  2.92% │  117 │  120
[23:49:04]        WMT │   170 │   4838 │  3.51% │   82 │   88
[23:49:04]        XOM │   241 │   4847 │  4.97% │  119 │  122
[23:49:04] 
  Following leg return by archetype:
[23:49:04]    Archetype │     N │     Mean │   Median │     P25 │     P75
[23:49:04]   ───────────────────────────────────────────────────────
[23:49:04]           HL │  1171 │   +14.5% │   +11.4% │   +7.6% │  +18.1%
[23:49:04]           LL │   925 │   +14.6% │   +11.2% │   +7.4% │  +18.5%
[23:49:04]           HH │  1162 │   -10.4% │    -9.1% │  -12.7% │   -6.8%
[23:49:04]           LH │   931 │   -11.0% │    -9.2% │  -13.6% │   -6.7%
[23:49:04] 
  Total execution time: 57s (1.0 min)
[23:49:04]   Output: /root/botero-trade/backend/scratch/sprint2_redo_lake.pkl

====================================================================================================
  FASE A COMPLETE
====================================================================================================
[23:49:04]   Next: Run sprint2_redo_features.py (Fase B)
