════════════════════════════════════════════════════════════════════════════════════════════════════
  FASE H: MODELOS SEPARADOS — BOTTOMS vs TOPS
════════════════════════════════════════════════════════════════════════════════════════════════════
  Data: 91,252 × 36 (30 base + 6 temporal)

════════════════════════════════════════════════════════════════════════════════════════════════════
  PASO 0: DIAGNÓSTICO — AMBIGÜEDAD Y DENSITY POR GRUPO
════════════════════════════════════════════════════════════════════════════════════════════════════

  Barras near-Bottom SOLO:   11,962
  Barras near-Top SOLO:      11,757
  Barras AMBIGUAS (ambos):   1,820 (2.0%)
  Barras lejos de todo:      65,713
  → Ambigüedad: ✅ < 5%, aceptable

  Density (rolling_density_3bar) por grupo:
    Near-Bottom         : μ=2.403  σ=3.187  mediana=1.000  n=11,962
    Near-Top            : μ=1.736  σ=2.708  mediana=0.333  n=11,757
    Ambiguous           : μ=3.697  σ=4.029  mediana=2.333  n=1,820
    Far (negativo)      : μ=0.887  σ=1.754  mediana=0.000  n=65,713

════════════════════════════════════════════════════════════════════════════════════════════════════
  MODELO PISO (Bottoms)
════════════════════════════════════════════════════════════════════════════════════════════════════

  === ESTRATEGIA A: Tops son negativos ===

────────────────────────────────────────────────────────────────────────────────
  PISO — Estrategia A (Tops = negativos)
────────────────────────────────────────────────────────────────────────────────
  Positivos: 11,962 (13.1%)
  Fold 1: AUC=0.8583 (train=0.9458 gap=0.088) P=0.387 R=0.856 F1=0.533
  Fold 2: AUC=0.8997 (train=0.9381 gap=0.038) P=0.384 R=0.859 F1=0.530
  Fold 3: AUC=0.8989 (train=0.9361 gap=0.037) P=0.339 R=0.841 F1=0.483
  Fold 4: AUC=0.8953 (train=0.9390 gap=0.044) P=0.397 R=0.839 F1=0.539
  Fold 5: AUC=0.8805 (train=0.9390 gap=0.058) P=0.363 R=0.829 F1=0.505

  AUC: 0.8865 ± 0.0157  (gap train-test: 0.053)

  SHAP Top 15:
  Rank Feature                                 |SHAP|
  ──── ─────────────────────────────────── ──────────
     1 kf_rsi_pred_val                         1.5475
     2 rsi_value                               0.4361
     3 kf_price_pred_trend_5bar                0.3484 ★TEMP
     4 vwap_sigma_current                      0.2077
     5 kf_price_filt_vel                       0.1643
     6 kf_price_pred_val                       0.1630
     7 vwap_sigma_tide                         0.1620
     8 vwap_sigma_wave                         0.1536
     9 rsi_z_trend_5bar                        0.1165 ★TEMP
    10 reg_value_tide                          0.0991
    11 tide_slope                              0.0858
    12 vwap_spread_tide_wave                   0.0851
    13 rolling_density_5bar                    0.0845 ★TEMP
    14 conj_current_tide                       0.0761
    15 wave_slope                              0.0705

  Permutation Top 15:
  Rank Feature                                   Perm   Ess
  ──── ─────────────────────────────────── ────────── ─────
     1 kf_rsi_pred_val                        0.15878     ✅
     2 rsi_value                              0.01933     ✅
     3 kf_price_pred_trend_5bar               0.01842     ✅
     4 kf_price_filt_vel                      0.01194     ✅
     5 vwap_sigma_current                     0.00793     ✅
     6 kf_price_pred_val                      0.00792     ✅
     7 rsi_z_trend_5bar                       0.00772     ✅
     8 vwap_sigma_tide                        0.00572     ✅
     9 vwap_sigma_wave                        0.00264     ❌
    10 current_slope                          0.00250     ❌
    11 vwap_spread_tide_wave                  0.00204     ❌
    12 rolling_density_3bar                   0.00181     ❌
    13 vwap_spread_current_wave               0.00177     ❌
    14 reg_value_tide                         0.00170     ❌
    15 reg_value_current                      0.00158     ❌

  === ESTRATEGIA B: Tops excluidos ===

────────────────────────────────────────────────────────────────────────────────
  PISO — Estrategia B (Tops excluidos)
────────────────────────────────────────────────────────────────────────────────
  Positivos: 13,782 (17.3%)
  Fold 1: AUC=0.8672 (train=0.9436 gap=0.076) P=0.511 R=0.873 F1=0.644
  Fold 2: AUC=0.9027 (train=0.9376 gap=0.035) P=0.454 R=0.852 F1=0.593
  Fold 3: AUC=0.8916 (train=0.9369 gap=0.045) P=0.387 R=0.803 F1=0.522
  Fold 4: AUC=0.8942 (train=0.9376 gap=0.043) P=0.459 R=0.809 F1=0.586
  Fold 5: AUC=0.8626 (train=0.9424 gap=0.080) P=0.395 R=0.813 F1=0.532

  AUC: 0.8837 ± 0.0158  (gap train-test: 0.056)

  SHAP Top 15:
  Rank Feature                                 |SHAP|
  ──── ─────────────────────────────────── ──────────
     1 kf_rsi_pred_val                         1.1223
     2 rsi_value                               0.5105
     3 kf_price_pred_trend_5bar                0.3135 ★TEMP
     4 kf_price_pred_val                       0.2259
     5 vwap_sigma_current                      0.2022
     6 kf_price_filt_vel                       0.1671
     7 rolling_density_3bar                    0.1543 ★TEMP
     8 vwap_sigma_tide                         0.1388
     9 tide_slope                              0.1292
    10 vwap_sigma_wave                         0.1208
    11 rsi_z_trend_5bar                        0.1037 ★TEMP
    12 rolling_density_5bar                    0.1032 ★TEMP
    13 reg_value_tide                          0.1020
    14 current_slope                           0.1002
    15 conj_current_tide                       0.0841

  Permutation Top 15:
  Rank Feature                                   Perm   Ess
  ──── ─────────────────────────────────── ────────── ─────
     1 kf_rsi_pred_val                        0.08845     ✅
     2 kf_price_pred_trend_5bar               0.02341     ✅
     3 rsi_value                              0.02332     ✅
     4 kf_price_filt_vel                      0.01107     ✅
     5 kf_price_pred_val                      0.00912     ✅
     6 vwap_sigma_current                     0.00852     ✅
     7 rolling_density_3bar                   0.00477     ✅
     8 vwap_sigma_wave                        0.00464     ✅
     9 rsi_z_trend_5bar                       0.00443     ✅
    10 vwap_sigma_tide                        0.00248     ❌
    11 vwap_spread_tide_wave                  0.00195     ❌
    12 sigma_tide                             0.00190     ❌
    13 current_accel                          0.00176     ❌
    14 conj_current_tide                      0.00165     ❌
    15 current_slope                          0.00150     ❌

════════════════════════════════════════════════════════════════════════════════════════════════════
  MODELO TECHO (Tops)
════════════════════════════════════════════════════════════════════════════════════════════════════

  === ESTRATEGIA A: Bottoms son negativos ===

────────────────────────────────────────────────────────────────────────────────
  TECHO — Estrategia A (Bottoms = negativos)
────────────────────────────────────────────────────────────────────────────────
  Positivos: 11,757 (12.9%)
  Fold 1: AUC=0.7754 (train=0.8903 gap=0.115) P=0.315 R=0.720 F1=0.439
  Fold 2: AUC=0.7775 (train=0.8875 gap=0.110) P=0.250 R=0.659 F1=0.362
  Fold 3: AUC=0.7649 (train=0.8860 gap=0.121) P=0.203 R=0.648 F1=0.309
  Fold 4: AUC=0.7493 (train=0.8942 gap=0.145) P=0.237 R=0.673 F1=0.350
  Fold 5: AUC=0.7481 (train=0.8914 gap=0.143) P=0.242 R=0.598 F1=0.344

  AUC: 0.7630 ± 0.0125  (gap train-test: 0.127)

  SHAP Top 15:
  Rank Feature                                 |SHAP|
  ──── ─────────────────────────────────── ──────────
     1 kf_rsi_pred_val                         0.7338
     2 kf_price_filt_vel                       0.2081
     3 kf_price_pred_trend_5bar                0.1976 ★TEMP
     4 rsi_value                               0.1827
     5 kf_price_pred_val                       0.1413
     6 rsi_z_trend_5bar                        0.1097 ★TEMP
     7 vwap_spread_tide_current                0.0956
     8 vwap_sigma_wave                         0.0933
     9 sigma_tide                              0.0851
    10 rolling_density_3bar                    0.0809 ★TEMP
    11 reg_value_tide                          0.0653
    12 wave_slope                              0.0650
    13 rolling_density_5bar                    0.0640 ★TEMP
    14 tide_slope                              0.0631
    15 vwap_sigma_current                      0.0621

  Permutation Top 15:
  Rank Feature                                   Perm   Ess
  ──── ─────────────────────────────────── ────────── ─────
     1 kf_rsi_pred_val                        0.12179     ✅
     2 kf_price_filt_vel                      0.03364     ✅
     3 kf_price_pred_trend_5bar               0.02592     ✅
     4 kf_price_pred_val                      0.01407     ✅
     5 rsi_value                              0.01390     ✅
     6 rsi_z_trend_5bar                       0.01159     ✅
     7 vwap_spread_tide_current               0.01061     ✅
     8 sigma_tide                             0.01023     ✅
     9 vwap_sigma_wave                        0.00656     ✅
    10 vwap_spread_current_wave               0.00459     ✅
    11 vwap_wave                              0.00444     ✅
    12 wave_slope                             0.00394     ✅
    13 vwap_spread_tide_wave                  0.00378     ✅
    14 vwap_sigma_tide                        0.00324     ✅
    15 current_slope                          0.00316     ✅

  === ESTRATEGIA B: Bottoms excluidos ===

────────────────────────────────────────────────────────────────────────────────
  TECHO — Estrategia B (Bottoms excluidos)
────────────────────────────────────────────────────────────────────────────────
  Positivos: 13,577 (17.1%)
  Fold 1: AUC=0.7956 (train=0.8852 gap=0.090) P=0.444 R=0.734 F1=0.554
  Fold 2: AUC=0.7760 (train=0.8855 gap=0.109) P=0.328 R=0.606 F1=0.426
  Fold 3: AUC=0.7566 (train=0.8837 gap=0.127) P=0.264 R=0.533 F1=0.353
  Fold 4: AUC=0.7359 (train=0.8902 gap=0.154) P=0.305 R=0.561 F1=0.395
  Fold 5: AUC=0.7238 (train=0.8912 gap=0.167) P=0.305 R=0.506 F1=0.380

  AUC: 0.7576 ± 0.0261  (gap train-test: 0.130)

  SHAP Top 15:
  Rank Feature                                 |SHAP|
  ──── ─────────────────────────────────── ──────────
     1 kf_rsi_pred_val                         0.3921
     2 rsi_value                               0.2242
     3 kf_price_pred_trend_5bar                0.2130 ★TEMP
     4 kf_price_filt_vel                       0.1803
     5 kf_price_pred_val                       0.1589
     6 rolling_density_5bar                    0.1079 ★TEMP
     7 reg_value_current                       0.0859
     8 rsi_z_trend_5bar                        0.0859 ★TEMP
     9 reg_value_tide                          0.0797
    10 rolling_density_3bar                    0.0781 ★TEMP
    11 sigma_tide                              0.0775
    12 vwap_spread_tide_current                0.0723
    13 vwap_sigma_wave                         0.0686
    14 tide_slope                              0.0660
    15 vwap_sigma_current                      0.0655

  Permutation Top 15:
  Rank Feature                                   Perm   Ess
  ──── ─────────────────────────────────── ────────── ─────
     1 kf_rsi_pred_val                        0.04408     ✅
     2 kf_price_pred_trend_5bar               0.03957     ✅
     3 kf_price_filt_vel                      0.02830     ✅
     4 rsi_value                              0.02281     ✅
     5 kf_price_pred_val                      0.01567     ✅
     6 rsi_z_trend_5bar                       0.01076     ✅
     7 sigma_tide                             0.00795     ✅
     8 vwap_spread_tide_current               0.00504     ✅
     9 vwap_spread_tide_wave                  0.00491     ✅
    10 rolling_density_5bar                   0.00436     ✅
    11 rolling_density_3bar                   0.00394     ✅
    12 conj_current_tide                      0.00339     ✅
    13 reg_value_tide                         0.00326     ✅
    14 vwap_spread_current_wave               0.00318     ✅
    15 vwap_sigma_wave                        0.00315     ✅

════════════════════════════════════════════════════════════════════════════════════════════════════
  COMPARACIÓN DIRECTA: PISO vs TECHO
════════════════════════════════════════════════════════════════════════════════════════════════════

  Spearman ρ (SHAP PISO vs TECHO): 0.760 (p=7.80e-08)
  → ESCENARIO A: Un solo detector basta (rankings similares)

  Feature                              SHAP_Piso  Rank_P  SHAP_Techo  Rank_T  Δ Rank Interpretación      
  ─────────────────────────────────── ────────── ─────── ─────────── ─────── ─────── ────────────────────
  kf_rsi_pred_val                         1.5475       1      0.7338       1      +0 UNIVERSAL           
  rsi_value                               0.4361       2      0.1827       4      -2 UNIVERSAL           
  kf_price_pred_trend_5bar                0.3484       3      0.1976       3      +0 UNIVERSAL           
  kf_price_filt_vel                       0.1643       5      0.2081       2      +3 UNIVERSAL           
  kf_price_pred_val                       0.1630       6      0.1413       5      +1 UNIVERSAL           
  vwap_sigma_current                      0.2077       4      0.0621      15     -11 ★ PISO              
  vwap_sigma_wave                         0.1536       8      0.0933       8      +0 UNIVERSAL           
  rsi_z_trend_5bar                        0.1165       9      0.1097       6      +3 UNIVERSAL           
  vwap_sigma_tide                         0.1620       7      0.0358      24     -17 ★ PISO              
  reg_value_tide                          0.0991      10      0.0653      11      -1 UNIVERSAL           
  rolling_density_3bar                    0.0683      16      0.0809      10      +6 ★ TECHO             
  tide_slope                              0.0858      11      0.0631      14      -3 UNIVERSAL           
  rolling_density_5bar                    0.0845      13      0.0640      13      +0 UNIVERSAL           
  vwap_spread_tide_current                0.0498      23      0.0956       7     +16 ★ TECHO             
  wave_slope                              0.0705      15      0.0650      12      +3 UNIVERSAL           
  vwap_spread_tide_wave                   0.0851      12      0.0485      17      -5 ~similar            
  sigma_tide                              0.0467      26      0.0851       9     +17 ★ TECHO             
  current_slope                           0.0670      17      0.0576      16      +1 UNIVERSAL           
  conj_current_tide                       0.0761      14      0.0441      20      -6 ★ PISO              
  reg_value_current                       0.0631      20      0.0484      18      +2 UNIVERSAL           

════════════════════════════════════════════════════════════════════════════════════════════════════
  PASO 8: CICLO DE VIDA DE LA SEÑAL — ¿El modelo de 4 fases aplica a ambos?
════════════════════════════════════════════════════════════════════════════════════════════════════
  PRECURSOR (t-10..t-4) → APPROACH (t-3..t-1) → INFLECTION (t=0) → PROPAGATION (t+1..t+3)

  === PISO (MIN) ===

  Fase             Density μ  Density med  KF_trend μ        n
  ─────────────── ────────── ──────────── ─────────── ────────
  PRECURSOR            2.233        0.667     -0.0228   35,777
  APPROACH             2.551        1.000     -0.2105   15,355
  INFLECTION           2.958        1.667     -0.1970    5,122
  PROPAGATION          2.897        1.333      0.6099   15,366

  Ramp (INFLECTION - PRECURSOR): +0.725
  → ✅ CRESCENDO: densidad CRECE hacia el giro

  === TECHO (MAX) ===

  Fase             Density μ  Density med  KF_trend μ        n
  ─────────────── ────────── ──────────── ─────────── ────────
  PRECURSOR            2.115        0.667      0.0130   35,440
  APPROACH             2.182        0.667      0.1822   15,218
  INFLECTION           2.174        0.667      0.1984    5,076
  PROPAGATION          2.180        1.000     -0.5205   15,225

  Ramp (INFLECTION - PRECURSOR): +0.059
  → ➖ PLANO: densidad estable, NO hay presurización

════════════════════════════════════════════════════════════════════════════════════════════════════
  PASO 9: NIVELES DE ACTIVACIÓN — ¿Los thresholds funcionan igual?
════════════════════════════════════════════════════════════════════════════════════════════════════

  === PISO (MIN): Density en t=0 ===
  Nivel                 Threshold  % en giro    % lejos     LIFT
  ──────────────────── ────────── ────────── ────────── ────────
  ALARMA                        2      54.3%      18.2%     3.0x ✅
  PRESURIZACIÓN                 5      27.0%       3.7%     7.3x ✅
  EXPLOSIÓN                     8      13.7%       0.8%    17.3x ✅

  Density stats: μ=3.18  med=2.0  p25=0.0  p75=5.0  max=21

  === TECHO (MAX): Density en t=0 ===
  Nivel                 Threshold  % en giro    % lejos     LIFT
  ──────────────────── ────────── ────────── ────────── ────────
  ALARMA                        2      41.9%      18.2%     2.3x ✅
  PRESURIZACIÓN                 5      18.0%       3.7%     4.9x ✅
  EXPLOSIÓN                     8       8.4%       0.8%    10.7x ✅

  Density stats: μ=2.18  med=0.0  p25=0.0  p75=3.0  max=20

════════════════════════════════════════════════════════════════════════════════════════════════════
  RESUMEN FINAL
════════════════════════════════════════════════════════════════════════════════════════════════════

  Modelo                                        AUC      ±    Gap
  ──────────────────────────────────────── ──────── ────── ──────
  MEZCLADO (Fase F)                          0.7245  0.029      —
  PISO — Tops negativos (A)                  0.8865  0.016  0.053
  PISO — Tops excluidos (B)                  0.8837  0.016  0.056
  TECHO — Bottoms negativos (A)              0.7630  0.012  0.127
  TECHO — Bottoms excluidos (B)              0.7576  0.026  0.130

  Tiempo total: 340.5s