════════════════════════════════════════════════════════════════════════════════════════════════════
  SPRINT 3A — SIGNAL REPLAY BACKTEST v2 (CORREGIDO)
════════════════════════════════════════════════════════════════════════════════════════════════════
  Train: 72,994 bars  Test: 18,258 bars
  Tickers: 17

  Training PISO model on 72,994 bars...
  Training TECHO model...
  Test set predictions: 18,258 bars

════════════════════════════════════════════════════════════════════════════════════════════════════
  BACKTEST 1: SIMULACIÓN $1,000 POR TICKER (17 tickers)
════════════════════════════════════════════════════════════════════════════════════════════════════

  ── Threshold: 0.5 ──

  Ticker     Return      B&H    Alpha  Trades  HitRate   AvgWin  AvgLoss     PF  Sharpe   MaxDD  AvgBars
  ──────── ──────── ──────── ──────── ─────── ──────── ──────── ──────── ────── ─────── ─────── ────────
  AAPL      +158.1%  +401.7%  -243.5%      69    66.7%    +4.4%    -4.3%   2.1x    0.75  -25.9%     9.1
  MRK        +71.8%   +38.7%   +33.1%      41    73.2%    +3.3%    -3.7%   2.4x    0.96  -24.6%    11.5
  WMT        +63.1%  +198.4%  -135.3%      33    69.7%    +3.2%    -2.2%   3.3x    1.10  -12.0%     9.0
  SPY        +59.5%  +139.1%   -79.6%      41    63.4%    +4.0%    -3.6%   2.0x    0.55  -24.4%    13.0
  COST       +49.8%  +124.2%   -74.4%      35    65.7%    +3.2%    -2.5%   2.5x    0.79  -15.6%    13.1
  JPM        +46.4%  +197.0%  -150.6%      32    65.6%    +3.3%    -2.6%   2.4x    0.72  -19.7%     9.2
  AMZN       +45.7%  +142.7%   -96.9%      53    66.0%    +3.7%    -4.8%   1.5x    0.53  -34.1%     6.8
  XOM        +31.2%  +108.8%   -77.6%      41    65.9%    +3.2%    -4.1%   1.5x    0.54  -17.7%     8.7
  PG         +30.4%    +9.5%   +20.9%      35    65.7%    +2.6%    -2.7%   1.9x    0.65  -12.6%    12.9
  PEP        +27.5%    +2.1%   +25.4%      37    67.6%    +2.7%    -3.4%   1.7x    0.51  -16.9%    13.0
  IBM        +14.4%  +109.0%   -94.5%      43    60.5%    +3.4%    -4.1%   1.3x    0.28  -24.9%    10.0
  HON        +10.4%   +48.1%   -37.7%      33    54.5%    +3.4%    -3.2%   1.3x    0.25  -15.3%    12.5
  MSFT        +8.8%   +68.4%   -59.6%      38    52.6%    +3.7%    -3.5%   1.2x    0.21  -30.3%    12.0
  JNJ         +7.2%   +47.2%   -39.9%      28    60.7%    +2.8%    -3.6%   1.2x    0.22  -15.3%    13.8
  QQQ         +7.0%  +125.3%  -118.3%      42    54.8%    +3.0%    -3.1%   1.2x    0.16  -22.7%    11.7
  HD          +4.9%   +21.1%   -16.1%      35    62.9%    +4.4%    -6.6%   1.1x    0.16  -27.6%    11.8
  MCD         +0.5%   +23.2%   -22.7%      27    51.9%    +3.1%    -3.1%   1.1x    0.07  -17.2%    15.8

  ── PORTAFOLIO ($1000 × 17 tickers = $17,000) ──
  Return total:    +37.5%  ($23,368)
  Avg Alpha vs BH: -68.7%
  Avg Sharpe:      0.50
  Total trades:    663
  Avg Hit Rate:    62.8%
  Avg PF:          1.7x
  Winning tickers: 17/17

  Exit analysis:
    END         :     7 trades, avg=+0.74%, WR=57.1%
    TECHO       :   485 trades, avg=+1.87%, WR=74.2%
    TIME_STOP   :   171 trades, avg=-2.07%, WR=32.2%

  ── Threshold: 0.6 ──

  Ticker     Return      B&H    Alpha  Trades  HitRate   AvgWin  AvgLoss     PF  Sharpe   MaxDD  AvgBars
  ──────── ──────── ──────── ──────── ─────── ──────── ──────── ──────── ────── ─────── ─────── ────────
  AAPL      +138.2%  +401.7%  -263.5%      58    62.1%    +4.7%    -3.4%   2.3x    0.71  -26.6%    10.5
  WMT       +108.4%  +198.4%   -90.0%      26    80.8%    +4.2%    -2.3%   7.5x    1.57  -11.3%    12.4
  COST       +69.3%  +124.2%   -54.9%      27    77.8%    +3.8%    -4.1%   3.3x    0.97  -15.8%    17.1
  AMZN       +64.4%  +142.7%   -78.3%      42    71.4%    +4.1%    -5.5%   1.8x    0.66  -28.6%     8.9
  XOM        +58.6%  +108.8%   -50.1%      31    67.7%    +4.1%    -3.6%   2.4x    0.87  -17.7%    12.2
  SPY        +49.1%  +139.1%   -90.0%      34    55.9%    +4.6%    -2.9%   2.0x    0.50  -23.0%    13.6
  MRK        +47.9%   +38.7%    +9.2%      34    73.5%    +3.8%    -5.6%   1.9x    0.70  -32.9%    13.3
  JPM        +35.1%  +197.0%  -161.9%      26    61.5%    +4.0%    -3.1%   2.1x    0.61  -18.4%    11.7
  QQQ        +28.2%  +125.3%   -97.1%      35    65.7%    +4.1%    -5.3%   1.5x    0.36  -27.4%    14.7
  JNJ        +26.8%   +47.2%   -20.4%      26    61.5%    +4.0%    -3.8%   1.7x    0.62  -13.5%    15.5
  IBM        +22.9%  +109.0%   -86.1%      32    71.9%    +3.8%    -6.7%   1.4x    0.38  -24.9%    12.1
  HON        +19.3%   +48.1%   -28.7%      27    55.6%    +4.5%    -3.8%   1.5x    0.41  -17.0%    13.7
  PG         +14.0%    +9.5%    +4.5%      24    54.2%    +3.6%    -2.9%   1.5x    0.36  -10.6%    16.3
  MSFT       +11.4%   +68.4%   -57.0%      29    51.7%    +5.0%    -4.3%   1.3x    0.24  -25.1%    15.6
  PEP        +10.6%    +2.1%    +8.4%      30    63.3%    +3.2%    -4.3%   1.3x    0.25  -17.0%    15.8
  MCD         +4.7%   +23.2%   -18.5%      25    68.0%    +2.4%    -4.3%   1.2x    0.16  -15.0%    18.5
  HD          -9.2%   +21.1%   -30.3%      26    53.8%    +4.3%    -5.5%   0.9x   -0.08  -31.5%    13.3

  ── PORTAFOLIO ($1000 × 17 tickers = $17,000) ──
  Return total:    +41.1%  ($23,995)
  Avg Alpha vs BH: -65.0%
  Avg Sharpe:      0.55
  Total trades:    532
  Avg Hit Rate:    64.5%
  Avg PF:          2.1x
  Winning tickers: 16/17

  Exit analysis:
    END         :     6 trades, avg=+0.75%, WR=50.0%
    TECHO       :   327 trades, avg=+2.60%, WR=78.0%
    TIME_STOP   :   199 trades, avg=-1.27%, WR=43.2%

  ── Threshold: 0.7 ──

  Ticker     Return      B&H    Alpha  Trades  HitRate   AvgWin  AvgLoss     PF  Sharpe   MaxDD  AvgBars
  ──────── ──────── ──────── ──────── ─────── ──────── ──────── ──────── ────── ─────── ─────── ────────
  WMT        +99.4%  +198.4%   -99.0%      22    77.3%    +5.2%    -3.1%   5.7x    1.46  -14.3%    14.1
  COST       +87.6%  +124.2%   -36.6%      23    69.6%    +5.1%    -2.1%   5.5x    1.26  -12.6%    18.0
  IBM        +86.1%  +109.0%   -22.9%      29    69.0%    +5.8%    -5.2%   2.5x    0.90  -18.3%    13.6
  JPM        +81.7%  +197.0%  -115.3%      23    69.6%    +5.5%    -3.4%   3.6x    1.10  -15.5%    15.5
  AAPL       +69.5%  +401.7%  -332.2%      47    63.8%    +5.0%    -5.2%   1.7x    0.47  -26.7%    13.4
  SPY        +67.5%  +139.1%   -71.7%      28    60.7%    +5.7%    -3.6%   2.5x    0.61  -22.5%    15.4
  MRK        +60.0%   +38.7%   +21.3%      27    70.4%    +4.8%    -4.8%   2.3x    0.84  -30.6%    16.1
  AMZN       +52.7%  +142.7%   -89.9%      32    62.5%    +5.6%    -5.3%   1.8x    0.59  -29.3%    11.7
  QQQ        +42.7%  +125.3%   -82.6%      30    56.7%    +5.6%    -4.0%   1.8x    0.49  -28.6%    15.7
  HON        +35.9%   +48.1%   -12.1%      25    68.0%    +3.6%    -3.5%   2.2x    0.65  -13.5%    15.5
  XOM        +35.6%  +108.8%   -73.2%      22    59.1%    +4.9%    -3.3%   2.1x    0.60  -16.9%    16.7
  JNJ        +20.3%   +47.2%   -26.9%      20    55.0%    +4.5%    -3.2%   1.7x    0.50  -13.9%    18.3
  PG         +20.2%    +9.5%   +10.7%      20    50.0%    +5.0%    -2.9%   1.7x    0.49  -13.8%    19.8
  MCD        +10.9%   +23.2%   -12.3%      19    57.9%    +3.2%    -3.0%   1.5x    0.30  -12.2%    19.7
  PEP         +1.2%    +2.1%    -1.0%      26    61.5%    +2.8%    -4.1%   1.1x    0.09  -20.7%    17.3
  HD          -5.0%   +21.1%   -26.0%      24    58.3%    +4.2%    -6.0%   1.0x   -0.01  -31.2%    14.8
  MSFT        -7.6%   +68.4%   -75.9%      21    42.9%    +6.7%    -5.2%   1.0x   -0.01  -29.4%    18.5

  ── PORTAFOLIO ($1000 × 17 tickers = $17,000) ──
  Return total:    +44.6%  ($24,587)
  Avg Alpha vs BH: -61.5%
  Avg Sharpe:      0.61
  Total trades:    438
  Avg Hit Rate:    61.9%
  Avg PF:          2.3x
  Winning tickers: 15/17

  Exit analysis:
    END         :     4 trades, avg=+0.43%, WR=25.0%
    TECHO       :   184 trades, avg=+3.50%, WR=79.9%
    TIME_STOP   :   250 trades, avg=+0.04%, WR=50.0%

  ── Threshold: 0.8 ──

  Ticker     Return      B&H    Alpha  Trades  HitRate   AvgWin  AvgLoss     PF  Sharpe   MaxDD  AvgBars
  ──────── ──────── ──────── ──────── ─────── ──────── ──────── ──────── ────── ─────── ─────── ────────
  JPM        +87.3%  +197.0%  -109.7%      20    60.0%    +7.9%    -3.3%   3.5x    1.14  -16.4%    18.4
  IBM        +81.1%  +109.0%   -27.8%      21    66.7%    +7.6%    -5.8%   2.6x    0.87  -18.5%    17.5
  WMT        +74.2%  +198.4%  -124.2%      17    76.5%    +5.5%    -3.4%   5.4x    1.27  -14.3%    15.5
  COST       +66.5%  +124.2%   -57.7%      15    66.7%    +6.6%    -2.5%   5.3x    1.23  -11.3%    19.4
  AMZN       +61.2%  +142.7%   -81.5%      22    63.6%    +7.9%    -6.6%   2.1x    0.66  -28.1%    15.9
  QQQ        +51.3%  +125.3%   -74.0%      23    60.9%    +6.3%    -4.5%   2.2x    0.58  -24.3%    17.9
  HON        +39.0%   +48.1%    -9.1%      19    68.4%    +4.3%    -3.5%   2.7x    0.70  -13.5%    18.1
  PG         +23.6%    +9.5%   +14.1%      14    57.1%    +6.0%    -4.0%   2.0x    0.62  -13.8%    20.0
  PEP        +22.8%    +2.1%   +20.7%      20    60.0%    +4.4%    -3.7%   1.8x    0.48  -18.8%    19.1
  SPY        +21.0%  +139.1%  -118.1%      21    71.4%    +4.5%    -7.1%   1.6x    0.27  -28.9%    18.0
  MCD        +14.3%   +23.2%    -8.8%      16    50.0%    +4.8%    -2.9%   1.7x    0.39  -11.7%    19.6
  AAPL       +14.1%  +401.7%  -387.5%      35    60.0%    +6.0%    -7.1%   1.3x    0.20  -27.8%    16.7
  XOM         +7.1%  +108.8%  -101.7%      17    47.1%    +4.5%    -3.0%   1.3x    0.20  -19.7%    18.5
  JNJ         +4.8%   +47.2%   -42.4%      14    57.1%    +3.3%    -3.5%   1.3x    0.18  -15.9%    20.0
  MRK         +3.7%   +38.7%   -35.0%      21    57.1%    +4.3%    -5.0%   1.2x    0.14  -39.4%    17.9
  HD          +3.0%   +21.1%   -18.1%      17    52.9%    +5.2%    -5.1%   1.1x    0.12  -20.2%    16.7
  MSFT        +2.0%   +68.4%   -66.3%      15    46.7%    +6.3%    -4.8%   1.2x    0.12  -22.1%    20.0

  ── PORTAFOLIO ($1000 × 17 tickers = $17,000) ──
  Return total:    +33.9%  ($22,771)
  Avg Alpha vs BH: -72.2%
  Avg Sharpe:      0.54
  Total trades:    327
  Avg Hit Rate:    60.1%
  Avg PF:          2.2x
  Winning tickers: 17/17

  Exit analysis:
    END         :     5 trades, avg=+0.54%, WR=20.0%
    TECHO       :    64 trades, avg=+3.83%, WR=85.9%
    TIME_STOP   :   258 trades, avg=+1.11%, WR=55.0%


════════════════════════════════════════════════════════════════════════════════════════════════════
  BACKTEST 2: ACCURACY VS ZIGZAG REAL — ¿CUÁNTOS GIROS ACERTÓ?
════════════════════════════════════════════════════════════════════════════════════════════════════

  ── Threshold: 0.5 ──

  Arquetipo     ZZ Reales  Detectados   Omitidos   Det Rate
  ──────────── ────────── ─────────── ────────── ──────────
  HL                  200         181         19      90.5%
  LL                  758         737         21      97.2%
  HH                  670         585         85      87.3%
  LH                  265         241         24      90.9%
  ──────────── ────────── ─────────── ────────── ──────────
  TOTAL             1,893       1,744        149      92.1%

  Señales emitidas vs Falsas alarmas:
    PISO:  5,292 señales emitidas, 1,578 falsas (29.8%)
    TECHO: 5,494 señales emitidas, 2,606 falsas (47.4%)
  Precisión efectiva:
    PISO:  70.2%
    TECHO: 52.6%

  ── Threshold: 0.7 ──

  Arquetipo     ZZ Reales  Detectados   Omitidos   Det Rate
  ──────────── ────────── ─────────── ────────── ──────────
  HL                  200         131         69      65.5%
  LL                  758         668         90      88.1%
  HH                  670         366        304      54.6%
  LH                  265         177         88      66.8%
  ──────────── ────────── ─────────── ────────── ──────────
  TOTAL             1,893       1,342        551      70.9%

  Señales emitidas vs Falsas alarmas:
    PISO:  3,327 señales emitidas, 873 falsas (26.2%)
    TECHO: 1,720 señales emitidas, 705 falsas (41.0%)
  Precisión efectiva:
    PISO:  73.8%
    TECHO: 59.0%


════════════════════════════════════════════════════════════════════════════════════════════════════
  RESUMEN: COMPARACIÓN DE THRESHOLDS
════════════════════════════════════════════════════════════════════════════════════════════════════

   Threshold   Port Ret  Avg Alpha  AvgSharpe   Trades    AvgHR    AvgPF  Winners
  ────────── ────────── ────────── ────────── ──────── ──────── ──────── ────────
         0.5     +37.5%     -68.7%       0.50      663    62.8%     1.7x    17/17
         0.6     +41.1%     -65.0%       0.55      532    64.5%     2.1x    16/17
         0.7     +44.6%     -61.5%       0.61      438    61.9%     2.3x    15/17
         0.8     +33.9%     -72.2%       0.54      327    60.1%     2.2x    17/17


  Tiempo total: 26.0s