[20:51:22] [INFO] ════════════════════════════════════════════════════════════════════════════════════════════════════
[20:51:22] [INFO]   SPRINT 2-REDO — FASE B v2.1: Distributional Forensic Analysis
[20:51:22] [INFO] ════════════════════════════════════════════════════════════════════════════════════════════════════
[20:51:22] [INFO] Started at 2026-06-01T20:51:22.285269+00:00
[20:51:22] [INFO] ════════════════════════════════════════════════════════════════════════════════════════════════════
[20:51:22] [INFO]   STEP 1: Load Feature Lake v2.1
[20:51:22] [INFO] ════════════════════════════════════════════════════════════════════════════════════════════════════
[20:51:22] [INFO]   Loaded: 91,252 rows × 137 columns
[20:51:22] [INFO]   Tickers: 17
[20:51:22] [INFO]   Features to analyze: 115
[20:51:22] [INFO] ════════════════════════════════════════════════════════════════════════════════════════════════════
[20:51:22] [INFO]   STEP 2: Universal Analysis (all tickers pooled)
[20:51:22] [INFO] ════════════════════════════════════════════════════════════════════════════════════════════════════
[20:51:22] [INFO]   Progress: 0/115 features...
[20:51:39] [INFO]   Progress: 20/115 features...
[20:51:57] [INFO]   Progress: 40/115 features...
[20:52:14] [INFO]   Progress: 60/115 features...
[20:52:32] [INFO]   Progress: 80/115 features...
[20:52:49] [INFO]   Progress: 100/115 features...
[20:53:02] [INFO]   Completed: 345 analyses, 109 significant
[20:53:02] [INFO] ════════════════════════════════════════════════════════════════════════════════════════════════════
[20:53:02] [INFO]   STEP 3: Per-Ticker Analysis (forensic cross-validation)
[20:53:02] [INFO] ════════════════════════════════════════════════════════════════════════════════════════════════════
[20:53:02] [INFO]   [1/17] AAPL...
[20:53:28] [INFO]   [2/17] AMZN...
[20:53:46] [INFO]   [3/17] COST...
[20:54:04] [INFO]   [4/17] HD...
[20:54:22] [INFO]   [5/17] HON...
[20:54:40] [INFO]   [6/17] IBM...
[20:54:58] [INFO]   [7/17] JNJ...
[20:55:17] [INFO]   [8/17] JPM...
[20:55:35] [INFO]   [9/17] MCD...
[20:55:54] [INFO]   [10/17] MRK...
[20:56:13] [INFO]   [11/17] MSFT...
[20:56:31] [INFO]   [12/17] PEP...
[20:56:51] [INFO]   [13/17] PG...
[20:57:09] [INFO]   [14/17] QQQ...
[20:57:30] [INFO]   [15/17] SPY...
[20:57:53] [INFO]   [16/17] WMT...
[20:58:11] [INFO]   [17/17] XOM...
[20:58:30] [INFO]   Completed: 5865 per-ticker analyses
[20:58:30] [INFO] ════════════════════════════════════════════════════════════════════════════════════════════════════
[20:58:30] [INFO]   STEP 4: Median Aggregation Across Tickers
[20:58:30] [INFO] ════════════════════════════════════════════════════════════════════════════════════════════════════
[20:58:30] [INFO]   Aggregated 345 (feature, scale) pairs
[20:58:30] [INFO] ════════════════════════════════════════════════════════════════════════════════════════════════════
[20:58:30] [INFO]   STEP 5: Feature Ranking by Discriminative Power
[20:58:30] [INFO] ════════════════════════════════════════════════════════════════════════════════════════════════════
[20:58:30] [INFO] ════════════════════════════════════════════════════════════════════════════════════════════════════
[20:58:30] [INFO]   STEP 6: TOP FEATURES BY SCALE
[20:58:30] [INFO] ════════════════════════════════════════════════════════════════════════════════════════════════════
[20:58:30] [INFO] 
  ═══ Zigzag 3% — Top 25 Features ═══
[20:58:30] [INFO]   Rank Feature                                     |d|      KL  Overlap   LIFT  p<.001  Score
[20:58:30] [INFO]   ──── ──────────────────────────────────────── ────── ─────── ──────── ────── ─────── ──────
[20:58:30] [INFO]      1 wave_slope                                0.378  0.2098    0.755   1.83       ✓  0.878
[20:58:30] [INFO]      2 conj_wave_tide                            0.344  0.2124    0.753   1.80       ✓  0.868
[20:58:30] [INFO]      3 kf_conjugation_pred_val                   0.339  0.2027    0.758   1.77       ✓  0.853
[20:58:30] [INFO]      4 vwap_sigma_current                        0.663  0.2219    0.714   1.47       ✓  0.850
[20:58:30] [INFO]      5 current_accel                             0.283  0.1983    0.762   1.85       ✓  0.849
[20:58:30] [INFO]      6 rsi_value                                 0.679  0.2424    0.696   1.44       ✓  0.848
[20:58:30] [INFO]      7 d_current_slope                           0.283  0.1981    0.763   1.85       ✓  0.847
[20:58:30] [INFO]      8 kf_rsi_pred_val                           0.659  0.2276    0.711   1.45       ✓  0.845
[20:58:30] [INFO]      9 vwap_sigma_tide                           0.559  0.1679    0.774   1.64       ✓  0.839
[20:58:30] [INFO]     10 current_slope                             0.219  0.2079    0.774   1.89       ✓  0.827
[20:58:30] [INFO]     11 kf_price_pred_val                         0.089  0.3584    0.701   2.12          0.824
[20:58:30] [INFO]     12 vwap_spread_tide_wave                     0.154  0.2989    0.771   1.86          0.819
[20:58:30] [INFO]     13 d_tide_slope                              0.232  0.2003    0.775   1.82       ✓  0.817
[20:58:30] [INFO]     14 tide_accel                                0.232  0.2002    0.775   1.82       ✓  0.816
[20:58:30] [INFO]     15 geo_exit_align                            0.544  0.1678    0.755   1.46       ✓  0.806
[20:58:30] [INFO]     16 geo_velocity_align                        0.544  0.1678    0.755   1.46       ✓  0.806
[20:58:30] [INFO]     17 conj_current_tide                         0.179  0.1956    0.785   1.85          0.793
[20:58:30] [INFO]     18 fear_level                                0.484  0.1530    0.775   1.57       ✓  0.791
[20:58:30] [INFO]     19 vwap_sigma_wave                           0.586  0.1884    0.725   1.29       ✓  0.788
[20:58:30] [INFO]     20 geo_phase_angle                           0.456  0.1744    0.739   1.35       ✓  0.779
[20:58:30] [INFO]     21 channel_sentiment                         0.342  0.1538    0.775   1.57       ✓  0.770
[20:58:30] [INFO]     22 vwap_spread_tide_current                  0.090  0.2240    0.783   1.83          0.769
[20:58:30] [INFO]     23 tide_slope                                0.090  0.2962    0.800   1.80          0.758
[20:58:30] [INFO]     24 vwap_spread_current_wave                  0.279  0.1557    0.818   1.74       ✓  0.752
[20:58:30] [INFO]     25 kf_price_pred_vel                         0.014  0.3887    0.701   2.14          0.750
[20:58:30] [INFO] 
  ═══ Zigzag 5% — Top 25 Features ═══
[20:58:30] [INFO]   Rank Feature                                     |d|      KL  Overlap   LIFT  p<.001  Score
[20:58:30] [INFO]   ──── ──────────────────────────────────────── ────── ─────── ──────── ────── ─────── ──────
[20:58:30] [INFO]      1 wave_slope                                0.415  0.1912    0.765   2.59       ✓  0.918
[20:58:30] [INFO]      2 conj_wave_tide                            0.370  0.1887    0.766   2.53       ✓  0.898
[20:58:30] [INFO]      3 vwap_sigma_current                        0.589  0.1681    0.756   1.99       ✓  0.895
[20:58:30] [INFO]      4 current_accel                             0.315  0.1894    0.771   2.64       ✓  0.895
[20:58:30] [INFO]      5 d_current_slope                           0.315  0.1892    0.771   2.65       ✓  0.893
[20:58:30] [INFO]      6 kf_conjugation_pred_val                   0.361  0.1772    0.774   2.46       ✓  0.881
[20:58:30] [INFO]      7 rsi_value                                 0.563  0.1616    0.759   1.96       ✓  0.880
[20:58:30] [INFO]      8 kf_rsi_pred_val                           0.542  0.1521    0.768   2.00       ✓  0.863
[20:58:30] [INFO]      9 kf_price_pred_val                         0.090  0.2640    0.727   2.96          0.862
[20:58:30] [INFO]     10 vwap_sigma_tide                           0.554  0.1456    0.787   2.12       ✓  0.844
[20:58:30] [INFO]     11 tide_accel                                0.292  0.1697    0.794   2.52       ✓  0.843
[20:58:30] [INFO]     12 d_tide_slope                              0.292  0.1695    0.794   2.52       ✓  0.842
[20:58:30] [INFO]     13 vwap_spread_tide_wave                     0.205  0.1831    0.780   2.56       ✓  0.841
[20:58:30] [INFO]     14 current_slope                             0.300  0.1622    0.799   2.58       ✓  0.840
[20:58:30] [INFO]     15 geo_velocity_align                        0.518  0.1415    0.780   1.78       ✓  0.810
[20:58:30] [INFO]     16 geo_exit_align                            0.518  0.1415    0.780   1.78       ✓  0.809
[20:58:30] [INFO]     17 conj_current_tide                         0.242  0.1458    0.814   2.53       ✓  0.791
[20:58:30] [INFO]     18 kf_price_filt_vel                         0.016  0.2554    0.731   2.86          0.781
[20:58:30] [INFO]     19 kf_price_pred_vel                         0.016  0.2554    0.731   2.86          0.781
[20:58:30] [INFO]     20 fear_level                                0.445  0.1165    0.801   1.92       ✓  0.781
[20:58:30] [INFO]     21 vwap_spread_current_wave                  0.335  0.1264    0.828   2.41       ✓  0.777
[20:58:30] [INFO]     22 vwap_spread_tide_current                  0.133  0.1566    0.793   2.40          0.776
[20:58:30] [INFO]     23 vwap_wave                                 0.193  0.1503    0.818   2.36          0.770
[20:58:30] [INFO]     24 reg_value_current                         0.196  0.1442    0.814   2.37          0.768
[20:58:30] [INFO]     25 geo_phase_angle                           0.402  0.1421    0.765   1.53       ✓  0.766
[20:58:30] [INFO] 
  ═══ Zigzag 7% — Top 25 Features ═══
[20:58:30] [INFO]   Rank Feature                                     |d|      KL  Overlap   LIFT  p<.001  Score
[20:58:30] [INFO]   ──── ──────────────────────────────────────── ────── ─────── ──────── ────── ─────── ──────
[20:58:30] [INFO]      1 wave_slope                                0.446  0.1946    0.763   3.22       ✓  0.943
[20:58:30] [INFO]      2 conj_wave_tide                            0.388  0.1788    0.769   3.12       ✓  0.917
[20:58:30] [INFO]      3 vwap_sigma_current                        0.547  0.1579    0.770   2.59       ✓  0.909
[20:58:30] [INFO]      4 vwap_sigma_tide                           0.575  0.1490    0.778   2.67       ✓  0.896
[20:58:30] [INFO]      5 kf_conjugation_pred_val                   0.376  0.1658    0.776   3.01       ✓  0.890
[20:58:30] [INFO]      6 current_slope                             0.394  0.1663    0.792   3.17       ✓  0.886
[20:58:30] [INFO]      7 tide_accel                                0.329  0.1717    0.789   3.12       ✓  0.882
[20:58:30] [INFO]      8 d_tide_slope                              0.329  0.1715    0.790   3.12       ✓  0.881
[20:58:30] [INFO]      9 current_accel                             0.310  0.1647    0.782   3.30       ✓  0.874
[20:58:30] [INFO]     10 d_current_slope                           0.310  0.1646    0.782   3.30       ✓  0.871
[20:58:30] [INFO]     11 kf_price_pred_val                         0.081  0.2301    0.737   3.58          0.857
[20:58:30] [INFO]     12 geo_exit_align                            0.524  0.1476    0.778   2.14       ✓  0.854
[20:58:30] [INFO]     13 geo_velocity_align                        0.524  0.1476    0.778   2.14       ✓  0.853
[20:58:30] [INFO]     14 rsi_value                                 0.494  0.1327    0.784   2.52       ✓  0.847
[20:58:30] [INFO]     15 vwap_spread_tide_wave                     0.271  0.1575    0.803   3.11       ✓  0.841
[20:58:30] [INFO]     16 conj_current_tide                         0.314  0.1499    0.807   3.08       ✓  0.840
[20:58:30] [INFO]     17 kf_rsi_pred_val                           0.473  0.1278    0.794   2.54       ✓  0.835
[20:58:30] [INFO]     18 vwap_spread_current_wave                  0.390  0.1353    0.813   2.97       ✓  0.833
[20:58:30] [INFO]     19 kf_price_pred_vel                         0.023  0.2181    0.747   3.46          0.799
[20:58:30] [INFO]     20 kf_price_filt_vel                         0.023  0.2181    0.747   3.46          0.799
[20:58:30] [INFO]     21 sigma_tide                                0.405  0.1149    0.830   2.89       ✓  0.797
[20:58:30] [INFO]     22 fear_level                                0.425  0.1034    0.817   2.23       ✓  0.771
[20:58:30] [INFO]     23 geo_phase_angle                           0.379  0.1311    0.775   1.61       ✓  0.761
[20:58:30] [INFO]     24 vwap_spread_tide_current                  0.191  0.1258    0.823   2.79          0.755
[20:58:30] [INFO]     25 vwap_sigma_wave                           0.426  0.0988    0.802   1.79       ✓  0.744
[20:58:30] [INFO] ════════════════════════════════════════════════════════════════════════════════════════════════════
[20:58:30] [INFO]   STEP 7: Temporal Layer Analysis (Top 15 features × 5% zigzag)
[20:58:30] [INFO] ════════════════════════════════════════════════════════════════════════════════════════════════════
[20:58:30] [INFO]   Feature                                     PRECURSOR     APPROACH   INFLECTION  PROPAGATION
[20:58:30] [INFO]   ──────────────────────────────────────── ──────────── ──────────── ──────────── ────────────
[20:58:30] [INFO]   wave_slope                                     -0.301       -0.417       -0.518       -0.417
[20:58:30] [INFO]   conj_wave_tide                                 -0.275       -0.377       -0.454       -0.377
[20:58:30] [INFO]   vwap_sigma_current                             -0.446       -0.581       -0.639       -0.581
[20:58:30] [INFO]   current_accel                                  -0.229       -0.331       -0.368       -0.331
[20:58:30] [INFO]   d_current_slope                                -0.229       -0.331       -0.368       -0.331
[20:58:30] [INFO]   kf_conjugation_pred_val                        -0.264       -0.368       -0.440       -0.368
[20:58:30] [INFO]   rsi_value                                      -0.446       -0.563       -0.589       -0.563
[20:58:30] [INFO]   kf_rsi_pred_val                                -0.421       -0.546       -0.567       -0.546
[20:58:30] [INFO]   kf_price_pred_val                              -0.057       -0.094       -0.118       -0.094
[20:58:30] [INFO]   vwap_sigma_tide                                -0.366       -0.523       -0.648       -0.523
[20:58:30] [INFO]   tide_accel                                     -0.159       -0.280       -0.366       -0.280
[20:58:30] [INFO]   d_tide_slope                                   -0.159       -0.280       -0.366       -0.280
[20:58:30] [INFO]   vwap_spread_tide_wave                          +0.104       +0.179       +0.296       +0.179
[20:58:30] [INFO]   current_slope                                  -0.187       -0.287       -0.405       -0.287
[20:58:30] [INFO]   geo_velocity_align                             +0.370       +0.495       +0.588       +0.495
[20:58:30] [INFO] ════════════════════════════════════════════════════════════════════════════════════════════════════
[20:58:30] [INFO]   STEP 8: Kalman Predictive Features — Special Audit
[20:58:30] [INFO] ════════════════════════════════════════════════════════════════════════════════════════════════════
[20:58:30] [INFO]   Kalman features: 35
[20:58:30] [INFO] 
  Kalman Feature                              |d|      KL   LIFT  Score
[20:58:30] [INFO]   ──────────────────────────────────────── ────── ─────── ────── ──────
[20:58:30] [INFO]   kf_conjugation_pred_val                   0.359  0.1819   2.41  0.875
[20:58:30] [INFO]   kf_rsi_pred_val                           0.558  0.1692   2.00  0.848
[20:58:30] [INFO]   kf_price_pred_val                         0.087  0.2842   2.88  0.847
[20:58:30] [INFO]   kf_price_pred_vel                         0.018  0.2874   2.82  0.777
[20:58:30] [INFO]   kf_price_filt_vel                         0.018  0.2874   2.82  0.777
[20:58:30] [INFO]   kf_price_innov                            0.005  0.2218   2.57  0.718
[20:58:30] [INFO]   kf_price_uncert                           0.249  0.1467   1.47  0.690
[20:58:30] [INFO]   kf_rsi_uncert                             0.035  0.1612   1.68  0.666
[20:58:30] [INFO]   kf_rvol_uncert                            0.184  0.1179   1.48  0.638
[20:58:30] [INFO]   kf_conjugation_uncert                     0.268  0.1135   1.21  0.584
[20:58:30] [INFO]   kf_tension_pred_val                       0.098  0.0624   1.53  0.542
[20:58:30] [INFO]   kf_price_norm_innov                       0.007  0.0764   1.99  0.509
[20:58:30] [INFO]   kf_rvol_pred_val                          0.215  0.0276   1.61  0.497
[20:58:30] [INFO]   kf_conjugation_filt_vel                   0.098  0.0406   1.42  0.479
[20:58:30] [INFO]   kf_conjugation_pred_vel                   0.098  0.0406   1.42  0.479
[20:58:30] [INFO]   kf_tension_uncert                         0.015  0.1224   1.21  0.467
[20:58:30] [INFO]   kf_rsi_filt_vel                           0.119  0.0376   1.47  0.465
[20:58:30] [INFO]   kf_rsi_pred_vel                           0.119  0.0376   1.47  0.465
[20:58:30] [INFO]   kf_tension_filt_vel                       0.058  0.0375   1.58  0.465
[20:58:30] [INFO]   kf_tension_pred_vel                       0.058  0.0375   1.58  0.465
[20:58:30] [INFO]   kf_rsi_innov                              0.014  0.0303   1.66  0.392
[20:58:30] [INFO]   kf_tension_innov                          0.010  0.0323   1.58  0.376
[20:58:30] [INFO]   kf_rsi_norm_innov                         0.013  0.0260   1.61  0.369
[20:58:30] [INFO]   kf_rvol_innov                             0.039  0.0135   1.43  0.305
[20:58:30] [INFO]   kf_rvol_filt_vel                          0.016  0.0186   1.44  0.296
[20:58:30] [INFO]   kf_rvol_pred_vel                          0.016  0.0186   1.44  0.296
[20:58:30] [INFO]   kf_tension_norm_innov                     0.002  0.0231   1.39  0.280
[20:58:30] [INFO]   kf_conjugation_innov                      0.026  0.0195   1.17  0.273
[20:58:30] [INFO]   kf_rvol_norm_innov                        0.036  0.0085   1.35  0.264
[20:58:30] [INFO]   kf_conjugation_norm_innov                 0.020  0.0038   1.03  0.159
[20:58:30] [INFO]   kf_tension_gain                           0.030  0.0000   1.00  0.129
[20:58:30] [INFO]   kf_conjugation_gain                       0.029  0.0000   1.00  0.126
[20:58:30] [INFO]   kf_rvol_gain                              0.028  0.0000   1.00  0.122
[20:58:30] [INFO]   kf_rsi_gain                               0.022  0.0000   1.00  0.114
[20:58:30] [INFO]   kf_price_gain                             0.008  0.0000   1.00  0.080
[20:58:30] [INFO] ════════════════════════════════════════════════════════════════════════════════════════════════════
[20:58:30] [INFO]   STEP 9: Cross-Ticker Consistency (features that work everywhere)
[20:58:30] [INFO] ════════════════════════════════════════════════════════════════════════════════════════════════════
[20:58:30] [INFO]   Features significant in ≥70% of tickers: 90
[20:58:30] [INFO] 
  Feature                                  Scale  |d|med  KL_med  %Tickers
[20:58:30] [INFO]   ──────────────────────────────────────── ───── ─────── ─────── ─────────
[20:58:30] [INFO]   rsi_value                                    3%   0.661  0.3270    100.0%
[20:58:30] [INFO]   kf_rsi_pred_val                              3%   0.661  0.3119    100.0%
[20:58:30] [INFO]   vwap_sigma_current                           3%   0.640  0.2708    100.0%
[20:58:30] [INFO]   vwap_sigma_current                           5%   0.628  0.2449    100.0%
[20:58:30] [INFO]   vwap_sigma_wave                              3%   0.602  0.2680    100.0%
[20:58:30] [INFO]   geo_exit_align                               3%   0.580  0.3328     94.1%
[20:58:30] [INFO]   geo_velocity_align                           3%   0.580  0.3328     94.1%
[20:58:30] [INFO]   vwap_sigma_current                           7%   0.560  0.2462    100.0%
[20:58:30] [INFO]   vwap_sigma_tide                              7%   0.560  0.2586     94.1%
[20:58:30] [INFO]   geo_velocity_align                           7%   0.553  0.3200     88.2%
[20:58:30] [INFO]   geo_exit_align                               7%   0.553  0.3200     88.2%
[20:58:30] [INFO]   wave_slope                                   7%   0.538  0.3044    100.0%
[20:58:30] [INFO]   rsi_value                                    7%   0.529  0.2146    100.0%
[20:58:30] [INFO]   rsi_value                                    5%   0.525  0.2153    100.0%
[20:58:30] [INFO]   kf_rsi_pred_val                              5%   0.521  0.2072    100.0%
[20:58:30] [INFO]   kf_rsi_pred_val                              7%   0.519  0.2369    100.0%
[20:58:30] [INFO]   vwap_sigma_wave                              5%   0.507  0.1640     94.1%
[20:58:30] [INFO]   fear_level                                   3%   0.497  0.1609     94.1%
[20:58:30] [INFO]   vwap_sigma_tide                              3%   0.496  0.3926     94.1%
[20:58:30] [INFO]   sigma_tide                                   3%   0.494  0.3228    100.0%
[20:58:30] [INFO]   vwap_sigma_tide                              5%   0.493  0.1875    100.0%
[20:58:30] [INFO]   geo_velocity_align                           5%   0.488  0.2462     94.1%
[20:58:30] [INFO]   geo_exit_align                               5%   0.488  0.2462     94.1%
[20:58:30] [INFO]   tension_wave                                 3%   0.471  0.2128     94.1%
[20:58:30] [INFO]   wave_slope                                   5%   0.456  0.3728    100.0%
[20:58:30] [INFO]   wave_slope                                   3%   0.447  0.5844     94.1%
[20:58:30] [INFO]   vwap_sigma_wave                              7%   0.446  0.1777     94.1%
[20:58:30] [INFO]   conj_wave_tide                               7%   0.438  0.3037     94.1%
[20:58:30] [INFO]   geo_phase_angle                              3%   0.436  0.3761     94.1%
[20:58:30] [INFO]   sigma_current                                3%   0.435  0.1737    100.0%
[20:58:30] [INFO] ════════════════════════════════════════════════════════════════════════════════════════════════════
[20:58:30] [INFO]   STEP 10: Self-Audit
[20:58:30] [INFO] ════════════════════════════════════════════════════════════════════════════════════════════════════
[20:58:30] [INFO]   Min n_near: 16805 (threshold: 30)
[20:58:30] [INFO]   Min n_far: 22946 (threshold: 30)
[20:58:30] [INFO]   ✅ KL divergence always ≥ 0
[20:58:30] [INFO]   ✅ Overlap coefficient ∈ [0, 1]
[20:58:30] [INFO]   ✅ Base rate zigzag 3%: 46.1%
[20:58:30] [INFO]   ✅ Base rate zigzag 5%: 28.0%
[20:58:30] [INFO]   ✅ Base rate zigzag 7%: 18.4%
[20:58:30] [INFO]   ✅ ALL SELF-AUDITS PASSED
[20:58:30] [INFO] ════════════════════════════════════════════════════════════════════════════════════════════════════
[20:58:30] [INFO]   STEP 11: Export
[20:58:30] [INFO] ════════════════════════════════════════════════════════════════════════════════════════════════════
[20:58:30] [INFO]   PKL: sprint2_redo_phase_b_v21.pkl (3.0 MB)
[20:58:30] [INFO]   CSV: sprint2_redo_phase_b_v21.csv (0.1 MB)
[20:58:30] [INFO] ════════════════════════════════════════════════════════════════════════════════════════════════════
[20:58:30] [INFO]   SUMMARY
[20:58:30] [INFO] ════════════════════════════════════════════════════════════════════════════════════════════════════
[20:58:30] [INFO]   Total analyses: 345 universal + 5865 per-ticker
[20:58:30] [INFO]   Features analyzed: 115
[20:58:30] [INFO]   Significant (p<.001 ∧ |d|≥0.2): 109
[20:58:30] [INFO]   Top composite score: 0.943
[20:58:30] [INFO]   Max |Cohen's d|: 0.679
[20:58:30] [INFO]   Max KL: 0.3887
[20:58:30] [INFO]   Min overlap: 0.696
[20:58:30] [INFO]   Audit: ✅ PASSED
[20:58:30] [INFO]   Time: 428s (7.1min)
