════════════════════════════════════════════════════════════════════════════════════════════════════
  SPRINT 3A — SIGNAL REPLAY BACKTEST
════════════════════════════════════════════════════════════════════════════════════════════════════

  Modelos entrenados. Test set: 18,251 barras

════════════════════════════════════════════════════════════════════════════════════════════════════
  BACKTEST 1: SIMULACIÓN $1,000 POR TICKER
════════════════════════════════════════════════════════════════════════════════════════════════════

  ── Threshold: 0.5 ──

  Ticker     Return      B&H    Alpha  Trades  HitRate   AvgWin  AvgLoss     PF  Sharpe   MaxDD
  ──────── ──────── ──────── ──────── ─────── ──────── ──────── ──────── ────── ─────── ───────
  QQQ        -24.2%   +60.5%   -84.8%      11    18.2%    +1.0%    -3.2%   0.1x   -3.06  -24.6%
  WMT        -98.3%  +706.2%  -804.6%     193    31.1%    +0.7%    -3.3%   0.1x   -5.65  -98.3%
  SPY        -99.4% +1508.1% -1607.5%     229    30.6%    +1.4%    -3.6%   0.2x   -3.23  -99.4%
  XOM        -99.6%  +106.6%  -206.2%     233    36.9%    +1.5%    -4.5%   0.2x   -3.60  -99.6%

  ── PORTAFOLIO ($1000 × 4 tickers = $4,000) ──
  Return total:    -80.4%  ($785)
  Avg Alpha vs BH: -675.8%
  Avg Sharpe:      -3.88
  Total trades:    666
  Avg Hit Rate:    29.2%
  Avg PF:          0.1x

  Exit analysis:
    END         :     1 trades, avg=+0.00%, WR=0.0%
    TECHO       :   538 trades, avg=-1.55%, WR=38.1%
    TIME_STOP   :   127 trades, avg=-4.65%, WR=10.2%

  ── Threshold: 0.6 ──

  Ticker     Return      B&H    Alpha  Trades  HitRate   AvgWin  AvgLoss     PF  Sharpe   MaxDD
  ──────── ──────── ──────── ──────── ─────── ──────── ──────── ──────── ────── ─────── ───────
  QQQ        -17.2%   +60.5%   -77.7%      11    27.3%    +1.8%    -2.9%   0.2x   -1.95  -21.1%
  SPY        -97.4% +1508.1% -1605.5%     188    39.4%    +2.1%    -4.3%   0.3x   -2.27  -97.6%
  WMT        -97.8%  +706.2%  -804.0%     149    31.5%    +1.3%    -4.1%   0.1x   -5.13  -97.8%
  XOM        -98.7%  +106.6%  -205.3%     174    37.9%    +2.6%    -5.3%   0.3x   -2.68  -98.8%

  ── PORTAFOLIO ($1000 × 4 tickers = $4,000) ──
  Return total:    -77.7%  ($890)
  Avg Alpha vs BH: -673.1%
  Avg Sharpe:      -3.01
  Total trades:    522
  Avg Hit Rate:    34.0%
  Avg PF:          0.2x

  Exit analysis:
    END         :     1 trades, avg=+0.00%, WR=0.0%
    TECHO       :   335 trades, avg=-1.61%, WR=43.3%
    TIME_STOP   :   186 trades, avg=-3.12%, WR=24.2%

  ── Threshold: 0.7 ──

  Ticker     Return      B&H    Alpha  Trades  HitRate   AvgWin  AvgLoss     PF  Sharpe   MaxDD
  ──────── ──────── ──────── ──────── ─────── ──────── ──────── ──────── ────── ─────── ───────
  QQQ         -1.0%   +60.5%   -61.6%       9    55.6%    +3.6%    -4.5%   1.0x   -0.07  -15.2%
  SPY        -91.2% +1508.1% -1599.3%     144    43.8%    +3.2%    -5.2%   0.5x   -1.47  -93.1%
  XOM        -96.4%  +106.6%  -203.0%     138    41.3%    +3.1%    -5.9%   0.4x   -2.00  -96.7%
  WMT        -96.9%  +706.2%  -803.2%     111    25.2%    +1.5%    -4.5%   0.1x   -4.78  -97.0%

  ── PORTAFOLIO ($1000 × 4 tickers = $4,000) ──
  Return total:    -71.4%  ($1,145)
  Avg Alpha vs BH: -666.8%
  Avg Sharpe:      -2.08
  Total trades:    402
  Avg Hit Rate:    41.5%
  Avg PF:          0.5x

  Exit analysis:
    END         :     1 trades, avg=+0.00%, WR=0.0%
    TECHO       :   168 trades, avg=-1.73%, WR=47.6%
    TIME_STOP   :   233 trades, avg=-2.40%, WR=31.3%

  ── Threshold: 0.8 ──

  Ticker     Return      B&H    Alpha  Trades  HitRate   AvgWin  AvgLoss     PF  Sharpe   MaxDD
  ──────── ──────── ──────── ──────── ─────── ──────── ──────── ──────── ────── ─────── ───────
  QQQ        +18.7%   +60.5%   -41.9%       4    75.0%    +8.1%    -5.7%   4.2x    1.84   -9.7%
  SPY        -53.8% +1508.1% -1562.0%     107    51.4%    +4.2%    -5.5%   0.8x   -0.46  -76.8%
  XOM        -92.8%  +106.6%  -199.4%      97    36.1%    +3.7%    -5.8%   0.4x   -1.64  -93.2%
  WMT        -94.0%  +706.2%  -800.3%      81    23.5%    +2.3%    -5.0%   0.1x   -3.93  -94.2%

  ── PORTAFOLIO ($1000 × 4 tickers = $4,000) ──
  Return total:    -55.5%  ($1,780)
  Avg Alpha vs BH: -650.9%
  Avg Sharpe:      -1.05
  Total trades:    289
  Avg Hit Rate:    46.5%
  Avg PF:          1.4x

  Exit analysis:
    TECHO       :    65 trades, avg=-2.27%, WR=43.1%
    TIME_STOP   :   224 trades, avg=-1.73%, WR=37.5%


════════════════════════════════════════════════════════════════════════════════════════════════════
  BACKTEST 2: ACCURACY VS ZIGZAG REAL — ¿CUÁNTOS GIROS ACERTÓ?
════════════════════════════════════════════════════════════════════════════════════════════════════

  Para cada giro CONFIRMADO por ZigZag en el test set:
  ¿El modelo lo detectó (prob > threshold dentro de ±3 barras)?
  ¿Cuántos giros se inventó que no existen (falsas alarmas)?

  ── Threshold: 0.5 ──

  Arquetipo     ZZ Reales  Detectados   Omitidos   Det Rate
  ──────────── ────────── ─────────── ────────── ──────────
  HL                  150         143          7      95.3%
  LL                  676         669          7      99.0%
  HH                  585         557         28      95.2%
  LH                  198         190          8      96.0%
  ──────────── ────────── ─────────── ────────── ──────────
  TOTAL             1,609       1,559         50      96.9%

  Falsas alarmas (señal sin giro real ±5 barras):
    PISO: 1,520 falsas alarmas
    TECHO: 3,224 falsas alarmas

  Precisión efectiva:
    PISO: 50.6% (de las señales emitidas, ¿cuántas coinciden con un giro real?)
    TECHO: 32.6% (de las señales emitidas, ¿cuántas coinciden con un giro real?)

  ── Threshold: 0.7 ──

  Arquetipo     ZZ Reales  Detectados   Omitidos   Det Rate
  ──────────── ────────── ─────────── ────────── ──────────
  HL                  150         114         36      76.0%
  LL                  676         629         47      93.0%
  HH                  585         292        293      49.9%
  LH                  198         129         69      65.2%
  ──────────── ────────── ─────────── ────────── ──────────
  TOTAL             1,609       1,164        445      72.3%

  Falsas alarmas (señal sin giro real ±5 barras):
    PISO: 768 falsas alarmas
    TECHO: 407 falsas alarmas

  Precisión efectiva:
    PISO: 60.2% (de las señales emitidas, ¿cuántas coinciden con un giro real?)
    TECHO: 74.1% (de las señales emitidas, ¿cuántas coinciden con un giro real?)


════════════════════════════════════════════════════════════════════════════════════════════════════
  RESUMEN: COMPARACIÓN DE THRESHOLDS
════════════════════════════════════════════════════════════════════════════════════════════════════

   Threshold  Port Return  Avg Alpha  Avg Sharpe   Trades  Avg HitRate   Avg PF
  ────────── ──────────── ────────── ─────────── ──────── ──────────── ────────
         0.5       -80.4%    -675.8%       -3.88      666        29.2%     0.1x
         0.6       -77.7%    -673.1%       -3.01      522        34.0%     0.2x
         0.7       -71.4%    -666.8%       -2.08      402        41.5%     0.5x
         0.8       -55.5%    -650.9%       -1.05      289        46.5%     1.4x


  Tiempo total: 26.1s