==========================================================================================
  BREAKPOINT FORENSICS — Bar-by-Bar × Regression Context
==========================================================================================

Loading data...

  ── STEP 0: Loading Feature Lake ──
    Raw observations: 93,776
    Loaded 17 ticker profiles
    Delta features computed: 11 columns
    Phase 1 features computed: 7 columns
    OHLCV cache: 17 tickers
[00:37:14] [INFO]   ATR features computed
[00:37:14] [INFO]   Overnight gap features computed
[00:37:15] [INFO]   Volume features computed (Wyckoff dynamics: 10 features)
[00:37:15] [INFO]   Vol-Price features computed (Forencia-validated: 6 features)
[00:37:15] [INFO]   Candle structure features computed (23 features)
[00:37:16] [INFO]   VWAP structural features computed (Forencia-validated: 6 features)
[00:37:16] [INFO]   Generated 83 derived features
  Signal features: 21/21 available
  Computing z-score stats...

Loading zigzag points...
  Total: 4,933 (2466 MIN, 2467 MAX)

==========================================================================================
  LONG ENTRY (Bottoms)
==========================================================================================

  Total turns: 2,406
  WITH_TREND:    1,900 (79.0%)
  AGAINST_TREND: 506 (21.0%)

  Opportunity WITH trend:    median=10.0% | mean=13.5%
  Opportunity AGAINST trend: median=10.9% | mean=14.0%

  RC State at turning points:
    tide_slope            WITH_TREND mean=+0.056056  AGAINST mean=-0.093667
    current_slope         WITH_TREND mean=+0.028717  AGAINST mean=-0.308519
    wave_slope            WITH_TREND mean=-0.158839  AGAINST mean=-0.626717

  BAR-BY-BAR TIMING (% of turns where feature active at each offset):
  Feature                        t-7   t-6   t-5   t-4   t-3   t-2   t-1    t0    t1    t2    t3  TOTAL
  ───────────────────────────────────────────────────────────────────────────────────────────────────────
  below_all_vwaps_int            27%   32%   29%   35%   33%   40%   41%   53%   39%   38%   27%    9486
  atr_ratio                      27%   28%   28%   28%   28%   29%   30%   33%   32%   32%   32%    7838
  d_wave_accel                   27%   27%   27%   27%   27%   29%   29%   32%   40%   28%   28%    7740
  wave_accel                     27%   28%   27%   27%   28%   29%   30%   39%   26%   26%   28%    7573
  d2_tide_accel                  25%   25%   25%   26%   27%   27%   27%   32%   32%   26%   26%    7161
  overnight_gap                  22%   24%   23%   24%   25%   27%   27%   31%   32%   28%   23%    6869
  tsi_wave                       23%   23%   23%   23%   23%   23%   26%   29%   28%   27%   23%    6536
  bullish_score                  16%   26%   18%   30%   21%   34%   27%   49%   16%   20%    9%    6380
  compression_ratio              20%   20%   20%   21%   21%   21%   22%   24%   23%   23%   24%    5800
  sigma_max_tf                   15%   21%   17%   23%   20%   28%   25%   48%   13%   15%    7%    5558
  tension_tide                   19%   20%   19%   21%   21%   22%   22%   25%   21%   22%   19%    5513
  sigma_min_tf                   17%   15%   17%   16%   20%   19%   25%   35%   16%   12%   12%    4906
  vol_price_regime               15%   16%   16%   18%   18%   21%   24%   33%   19%   12%   10%    4897
  rsi_value                      15%   15%   15%   16%   18%   22%   26%   42%   17%    9%    7%    4871
  vwap_sigma_wave                13%   15%   15%   17%   19%   23%   25%   45%   10%    6%    5%    4649
  sigma_current                  14%   15%   15%   17%   18%   21%   23%   36%   14%    9%    6%    4495
  volume_trend                   12%   12%   13%   13%   13%   15%   16%   18%   19%   18%   15%    3916
  vol_slope_conf                 14%   14%   14%   14%   13%   14%   14%   11%   14%   15%   15%    3646
  rsi_bearish_div                11%    3%   11%    3%   10%    2%    8%    0%    7%    1%    9%    1541
  complacency_index               2%    3%    2%    3%    3%    3%    4%    6%    2%    1%    1%     759

  WITH_TREND vs AGAINST_TREND — Signal at t=0 (the exact breakpoint):
  Feature                       WITH t=0  AGST t=0  WITH t-1  AGST t-1   Discrimina?
  ──────────────────────────────────────────────────────────────────────────────────────────
  below_all_vwaps_int              41.6%     97.8%     29.0%     87.9%         ✅ YES
  atr_ratio                        28.6%     48.0%     26.2%     45.5%         ✅ YES
  d_wave_accel                     31.4%     34.8%     28.2%     31.8%          ✖ NO
  wave_accel                       39.8%     35.8%     30.5%     26.9%          ✖ NO
  d2_tide_accel                    32.3%     31.0%     27.3%     26.7%          ✖ NO
  overnight_gap                    30.2%     33.4%     26.8%     29.4%          ✖ NO
  tsi_wave                         23.6%     50.4%     20.8%     43.9%         ✅ YES
  bullish_score                    47.7%     52.2%     26.3%     27.5%          ✖ NO
  compression_ratio                26.2%     15.2%     23.9%     14.8%         ✅ YES
  sigma_max_tf                     48.4%     45.7%     26.2%     22.5%          ✖ NO
  tension_tide                     27.9%     11.9%     23.5%     16.6%         ✅ YES
  sigma_min_tf                     38.2%     22.3%     27.5%     14.4%         ✅ YES
  vol_price_regime                 33.7%     30.6%     24.5%     21.9%          ✖ NO
  rsi_value                        38.6%     56.7%     22.4%     40.5%         ✅ YES
  vwap_sigma_wave                  42.6%     52.2%     23.7%     28.1%       ⚠️ weak
  sigma_current                    39.6%     21.5%     25.5%     13.4%         ✅ YES
  volume_trend                     18.7%     15.6%     16.6%     13.0%          ✖ NO
  vol_slope_conf                    8.5%     20.9%     10.7%     25.1%         ✅ YES
  rsi_bearish_div                   0.1%      0.0%      9.8%      2.0%          ✖ NO
  complacency_index                 4.8%     11.7%      3.2%      8.5%       ⚠️ weak

  BREAKPOINT ANATOMY — Feature values at t-2, t-1, t=0:
  Feature                         t-2 mean    t-1 mean    t=0 mean   t-2→t=0 Δ
  ───────────────────────────────────────────────────────────────────────────
  rsi_value                        43.3745     41.9333     37.6024     -5.7722
  wave_accel                       -0.0711      0.0136     -0.1086     -0.0374
  sigma_current                    -0.9487     -0.9232     -1.5937     -0.6450
  tsi_wave                         34.5187     36.8919     28.7901     -5.7286
  compression_ratio                 0.4964      0.4993      0.5129     +0.0165
  below_all_vwaps_int               0.4014      0.4140      0.5341     +0.1327
  atr_ratio                         0.0365      0.0368      0.0389     +0.0024
  complacency_index                 0.2343      0.0711      0.2715     +0.0372
  tension_tide                     -0.7599     -0.7453     -0.9268     -0.1669

  DRIFT by context (how much price moves from signal bar to turn):
    WITH_TREND      signal at t-1: drift mean=-2.97%  median=-2.28%  worst=-19.81%
    WITH_TREND      signal at t-2: drift mean=-3.12%  median=-2.44%  worst=-18.67%
    WITH_TREND      signal at t-3: drift mean=-4.57%  median=-4.09%  worst=-58.29%
    WITH_TREND      signal at t-5: drift mean=-5.29%  median=-4.84%  worst=-56.62%
    AGAINST_TREND   signal at t-1: drift mean=-3.33%  median=-2.66%  worst=-20.73%
    AGAINST_TREND   signal at t-2: drift mean=-4.04%  median=-3.07%  worst=-25.68%
    AGAINST_TREND   signal at t-3: drift mean=-5.17%  median=-4.54%  worst=-30.18%
    AGAINST_TREND   signal at t-5: drift mean=-6.47%  median=-5.51%  worst=-34.09%

  FIRST ACTIVATION — Exact bar where each feature FIRST fired (within t-7..t+3):
  Feature                        t-7 t-6 t-5 t-4 t-3 t-2 t-1 t=0 t+1 t+2 t+3   ≤t=0 t+1+
  ────────────────────────────────────────────────────────────────────────────────────────────────────
  d_wave_accel                  36  13   9   7   6   7   5   5   7   3   2    88%  12%
  vol_price_regime              21  14   9  12   8  10   9  11   3   3   2    92%   8%
  d2_tide_accel                 34  13   9   9   7   6   5   7   5   3   2    90%  10%
  overnight_gap                 33  11   8   7   7   7   7   7   6   4   2    88%  12%
  sigma_max_tf                  23  18   8   9   8   9   8  13   1   1   1    97%   3%
  wave_accel                    42  12   8   6   5   6   6   9   2   2   3    93%   7%
  vwap_sigma_wave               21  11   9  10  10  10  10  17   0   1   1    98%   2%
  bullish_score                 28  28   8   9   6   7   5   8   0   0   0    99%   1%
  below_all_vwaps_int           49  14   5   6   5   5   6   9   0   0   0    99%   1%
  sigma_min_tf                  30  12   9   8   9   7   8  13   1   1   2    97%   3%
  sigma_current                 27  12   8  10   8   9   8  13   0   2   2    96%   4%
  rsi_value                     30  10   6   8   8   9  10  19   0   0   0   100%   0%
  tsi_wave                      47   7   5   5   6   5   7   9   4   3   2    92%   8%
  volume_trend                  29   6   9   6   8   8   8   9   8   5   4    83%  17%
  atr_ratio                     74   3   2   1   2   3   4   6   1   2   1    95%   5%
  compression_ratio             62   4   3   4   4   4   4   7   2   3   4    92%   8%
  tension_tide                  61  11   3   4   5   3   4   6   1   1   1    97%   3%
  vol_slope_conf                59   7   6   4   6   3   3   1   5   3   3    89%  11%
  rsi_bearish_div               57  10   8   4   5   2   4   0   1   4   5    91%   9%
  complacency_index             19   9   9   9   9  10  13  18   0   2   1    96%   4%

==========================================================================================
  SHORT ENTRY (Tops)
==========================================================================================

  Total turns: 2,403
  WITH_TREND:    1,470 (61.2%)
  AGAINST_TREND: 933 (38.8%)

  Opportunity WITH trend:    median=8.7% | mean=10.5%
  Opportunity AGAINST trend: median=8.0% | mean=9.5%

  RC State at turning points:
    tide_slope            WITH_TREND mean=-0.018467  AGAINST mean=+0.102868
    current_slope         WITH_TREND mean=-0.089812  AGAINST mean=+0.191147
    wave_slope            WITH_TREND mean=-0.010893  AGAINST mean=+0.309707

  BAR-BY-BAR TIMING (% of turns where feature active at each offset):
  Feature                        t-7   t-6   t-5   t-4   t-3   t-2   t-1    t0    t1    t2    t3  TOTAL
  ───────────────────────────────────────────────────────────────────────────────────────────────────────
  d_wave_accel                   25%   26%   27%   27%   25%   27%   28%   31%   34%   29%   28%    7397
  atr_ratio                      27%   27%   27%   28%   28%   28%   28%   27%   28%   29%   30%    7351
  wave_accel                     26%   25%   26%   26%   27%   27%   27%   31%   27%   24%   28%    7027
  d2_tide_accel                  24%   24%   23%   26%   24%   24%   24%   30%   31%   27%   27%    6804
  overnight_gap                  23%   23%   23%   23%   23%   22%   23%   26%   29%   26%   25%    6391
  tsi_wave                       22%   22%   22%   23%   23%   23%   24%   26%   25%   23%   21%    6080
  compression_ratio              19%   19%   19%   20%   20%   20%   21%   21%   22%   21%   22%    5391
  below_all_vwaps_int            24%   20%   23%   18%   21%   15%   17%    8%   18%   17%   24%    4930
  bullish_score                  23%   14%   23%   14%   23%   12%   21%   14%   20%   11%   23%    4753
  vol_slope_conf                 15%   16%   16%   16%   17%   18%   18%   22%   17%   16%   15%    4472
  sigma_min_tf                   15%   18%   15%   19%   16%   19%   18%   28%   12%   12%   12%    4404
  tension_tide                   18%   17%   17%   16%   17%   16%   17%   15%   16%   16%   17%    4393
  sigma_max_tf                   18%   13%   19%   13%   18%   11%   19%   18%   16%    8%   16%    4078
  vol_price_regime               13%   15%   15%   15%   14%   13%   16%   22%   15%   15%   15%    4009
  rsi_trap_zone                  12%   12%   13%   13%   15%   17%   19%   28%   16%    9%    6%    3824
  volume_trend                   12%   12%   12%   12%   12%   12%   12%   13%   14%   15%   16%    3422
  sigma_current                  12%   12%   13%   12%   14%   13%   15%   19%   10%    8%   11%    3339
  rsi_bearish_div                 7%   15%    8%   16%   10%   19%   15%   35%    5%    8%    1%    3331
  rsi_value                      14%   15%   14%   14%   14%   13%   15%   18%    8%    6%    6%    3305
  vwap_sigma_wave                12%   12%   12%   11%   11%    9%   11%   14%    4%    6%    8%    2642

  WITH_TREND vs AGAINST_TREND — Signal at t=0 (the exact breakpoint):
  Feature                       WITH t=0  AGST t=0  WITH t-1  AGST t-1   Discrimina?
  ──────────────────────────────────────────────────────────────────────────────────────────
  d_wave_accel                     37.3%     20.0%     32.4%     19.9%         ✅ YES
  atr_ratio                        34.6%     14.1%     36.2%     14.1%         ✅ YES
  wave_accel                       37.1%     21.4%     32.4%     18.2%         ✅ YES
  d2_tide_accel                    34.8%     22.8%     27.6%     17.8%         ✅ YES
  overnight_gap                    29.8%     19.6%     27.1%     16.9%         ✅ YES
  tsi_wave                         31.8%     16.0%     30.6%     12.4%         ✅ YES
  compression_ratio                21.2%     21.4%     20.9%     20.9%          ✖ NO
  below_all_vwaps_int              13.3%      0.0%     27.3%      0.4%         ✅ YES
  bullish_score                    11.0%     19.0%     18.1%     26.6%       ⚠️ weak
  vol_slope_conf                   25.2%     16.1%     22.2%     12.4%       ⚠️ weak
  sigma_min_tf                     21.4%     37.8%     18.2%     18.8%         ✅ YES
  tension_tide                     24.2%      1.3%     26.0%      3.6%         ✅ YES
  sigma_max_tf                     17.9%     18.1%     18.2%     20.4%          ✖ NO
  vol_price_regime                 21.0%     22.5%     16.3%     15.8%          ✖ NO
  rsi_trap_zone                    16.3%     45.6%      9.8%     34.2%         ✅ YES
  volume_trend                     13.7%     12.1%     13.5%     10.9%          ✖ NO
  sigma_current                    21.6%     16.1%     17.8%      9.6%       ⚠️ weak
  rsi_bearish_div                  31.4%     41.3%     14.1%     16.1%       ⚠️ weak
  rsi_value                         9.5%     31.8%     11.2%     20.0%         ✅ YES
  vwap_sigma_wave                  11.1%     19.1%     11.3%     11.0%       ⚠️ weak

  BREAKPOINT ANATOMY — Feature values at t-2, t-1, t=0:
  Feature                         t-2 mean    t-1 mean    t=0 mean   t-2→t=0 Δ
  ───────────────────────────────────────────────────────────────────────────
  rsi_value                        55.4689     56.5252     60.6620     +5.1931
  wave_accel                        0.0617     -0.0234      0.0920     +0.0303
  sigma_current                     0.4484      0.4016      1.0743     +0.6259
  tsi_wave                         54.1367     51.3165     59.0246     +4.8879
  compression_ratio                 0.4744      0.4771      0.4824     +0.0080
  below_all_vwaps_int               0.1525      0.1687      0.0816     -0.0709
  atr_ratio                         0.0341      0.0345      0.0335     -0.0006
  complacency_index                -0.0859      0.0589     -0.1459     -0.0600
  tension_tide                     -0.4075     -0.4405     -0.2631     +0.1444

  DRIFT by context (how much price moves from signal bar to turn):
    WITH_TREND      signal at t-1: drift mean=+3.12%  median=+2.20%  worst=+24.67%
    WITH_TREND      signal at t-2: drift mean=+3.19%  median=+2.29%  worst=+47.78%
    WITH_TREND      signal at t-3: drift mean=+4.41%  median=+3.74%  worst=+47.78%
    WITH_TREND      signal at t-5: drift mean=+4.74%  median=+4.31%  worst=+66.79%
    AGAINST_TREND   signal at t-1: drift mean=+2.21%  median=+1.24%  worst=+24.45%
    AGAINST_TREND   signal at t-2: drift mean=+1.95%  median=+1.34%  worst=+33.38%
    AGAINST_TREND   signal at t-3: drift mean=+3.22%  median=+2.40%  worst=+33.42%
    AGAINST_TREND   signal at t-5: drift mean=+4.05%  median=+3.21%  worst=+31.64%

  FIRST ACTIVATION — Exact bar where each feature FIRST fired (within t-7..t+3):
  Feature                        t-7 t-6 t-5 t-4 t-3 t-2 t-1 t=0 t+1 t+2 t+3   ≤t=0 t+1+
  ────────────────────────────────────────────────────────────────────────────────────────────────────
  d2_tide_accel                 34  15   9   9   5   4   4   6   7   3   4    86%  14%
  d_wave_accel                  36  14  10   8   5   6   4   5   7   3   2    87%  13%
  vol_price_regime              19  12  12   8   8   5   9  11   6   4   5    85%  15%
  overnight_gap                 38  12   8   6   4   3   4   7   7   5   4    83%  17%
  wave_accel                    45  12   8   6   6   3   5   6   2   3   4    91%   9%
  sigma_min_tf                  26  16   6  11   6   8   7  12   2   3   4    91%   9%
  sigma_max_tf                  36  10  10   7   7   5   6  11   3   2   4    91%   9%
  vwap_sigma_wave               25  12  10   8   7   7   9  12   3   3   4    90%  10%
  bullish_score                 52  11   8   6   5   3   4   3   2   3   4    92%   8%
  sigma_current                 28  10   8   8   6   6   7  13   3   4   7    86%  14%
  tsi_wave                      50   7   6   7   5   5   5   6   4   3   2    91%   9%
  rsi_bearish_div               18  26   6   8   6   9   9  18   0   0   0   100%   0%
  volume_trend                  29   8   7   8   6   6   7   7   8   8   6    78%  22%
  rsi_trap_zone                 31  10  10   6   8   7   9  17   1   1   0    98%   2%
  rsi_value                     38  11   8   8   6   5   7  13   1   1   2    96%   4%
  below_all_vwaps_int           69   7   6   3   3   1   2   0   2   3   4    91%   9%
  atr_ratio                     80   2   2   3   2   1   2   0   3   2   2    92%   8%
  vol_slope_conf                49  10   6   6   7   5   5   8   2   2   1    94%   6%
  compression_ratio             64   4   4   3   4   3   4   5   3   2   3    91%   9%
  tension_tide                  70   7   3   4   2   2   3   3   1   2   1    96%   4%

==========================================================================================
  ★★★ BREAKPOINT FORENSICS COMPLETE ★★★
==========================================================================================
