================================================================================
  ZIGZAG QUALITY FORENSICS — Timing, Drift, Opportunity & Pareto
================================================================================

Loading data...

  ── STEP 0: Loading Feature Lake ──
    Raw observations: 93,776
    Loaded 17 ticker profiles
    Delta features computed: 11 columns
    Phase 1 features computed: 7 columns
    OHLCV cache: 17 tickers
[00:03:14] [INFO]   ATR features computed
[00:03:14] [INFO]   Overnight gap features computed
[00:03:14] [INFO]   Volume features computed (Wyckoff dynamics: 10 features)
[00:03:15] [INFO]   Vol-Price features computed (Forencia-validated: 6 features)
[00:03:15] [INFO]   Candle structure features computed (23 features)
[00:03:16] [INFO]   VWAP structural features computed (Forencia-validated: 6 features)
[00:03:16] [INFO]   Generated 83 derived features
  Analyzing 48 features

================================================================================
  ZIGZAG LEGS & CLASSIFICATION
================================================================================
  Zigzag (5%): 4,933 points (2466 MIN, 2467 MAX)
  Zigzag 10%: 0 points (not computed)
  Zigzag 15%: 0 points (not computed)

  Legs computed: 4899

================================================================================
  LEG STATISTICS — Opportunity & Prior Drawdown
================================================================================

  ── BOTTOMS (Opportunity = next rally) (2450 turns) ──
  OPPORTUNITY (next leg):
    Min:       5.0%
    P25:       7.0%
    Median:   10.3%
    Mean:     13.7%
    P75:      17.0%
    Max:      98.8%
  DURATION (next leg days):
    Min:         0d
    Median:     16d
    Mean:     35.2d
    Max:       578d
  PRIOR LEG (drawdown/rally before this turn):
    Min:       5.0%
    Median:    8.5%
    Mean:     10.2%
    Max:      58.3%

  CLASSIFICATION:
    HIGHER_LOW     : 1338 ( 54.6%) | Opp median:  10.5%
    LOWER_LOW      : 1095 ( 44.7%) | Opp median:  10.0%
    FIRST_LOW      :   17 (  0.7%) | Opp median:  11.2%

  ── TOPS (Opportunity = next decline) (2449 turns) ──
  OPPORTUNITY (next leg):
    Min:       5.0%
    P25:       6.4%
    Median:    8.5%
    Mean:     10.2%
    P75:      12.4%
    Max:      58.3%
  DURATION (next leg days):
    Min:         0d
    Median:     14d
    Mean:     20.4d
    Max:       228d
  PRIOR LEG (drawdown/rally before this turn):
    Min:       5.0%
    Median:   10.3%
    Mean:     13.7%
    Max:      98.8%

  CLASSIFICATION:
    HIGHER_HIGH    : 1329 ( 54.3%) | Opp median:   8.6%
    LOWER_HIGH     : 1103 ( 45.0%) | Opp median:   8.3%
    FIRST_HIGH     :   17 (  0.7%) | Opp median:   9.8%

================================================================================
  SIGNAL TIMING & DRIFT ANALYSIS
================================================================================

  Analyzing 2450 MIN turns...

  ── BOTTOMS — Signal Quality ──
  Feature                         Active   Early  AtTurn    Late  AvgAdv  AvgDrift   AvgOpp
  ────────────────────────────────────────────────────────────────────────────────────────────────────
  vol_price_regime                  2156    1657     146     353    6.4b    -4.99%    13.7%
  d_wave_accel                      2015    1644      62     309    7.5b    -5.01%    13.4%
  d2_tide_accel                     1984    1636      83     265    7.5b    -4.98%    13.4%
  d2_sigma_tide                     1867    1512      85     270    7.3b    -4.95%    13.3%
  vol_return_interaction            1865    1371     161     333    6.4b    -4.68%    13.4%
  overnight_gap                     1860    1449      98     313    7.4b    -4.90%    13.4%
  d2_vwap_sigma_tide                1848    1509     100     239    7.3b    -4.80%    13.4%
  sigma_max_tf                      1808    1435     173     200    6.8b    -4.49%    13.4%
  wave_accel                        1800    1429     115     256    7.6b    -4.86%    13.2%
  d2_conj_wave_tide                 1797    1420     114     263    7.6b    -4.91%    13.3%
  vwap_sigma_wave                   1740    1377     210     153    6.2b    -4.84%    14.3%
  sigma_min_tf                      1629    1261     146     222    6.8b    -5.45%    13.5%
  total_displacement                1602    1143     154     305    6.6b    -5.21%    14.0%
  sigma_current                     1591    1158     144     289    6.5b    -5.22%    14.2%
  sigma_high_current                1583    1132     124     327    6.6b    -4.96%    13.9%
  geo_state_norm                    1578    1152     136     290    6.6b    -5.25%    14.1%
  current_accel                     1492    1165     111     216    7.5b    -5.10%    12.9%
  d2_current_slope                  1492    1165     110     217    7.5b    -5.10%    12.9%
  sigma_low_current                 1485    1097     115     273    6.5b    -5.30%    14.3%
  vwap_sigma_current                1447    1134     165     148    6.7b    -4.76%    13.9%
  tsi_wave                          1406    1084      94     228    7.6b    -5.27%    12.8%
  bullish_score                     1405    1277      85      43    7.7b    -4.18%    12.6%
  below_all_vwaps_int               1400    1229     111      60    7.8b    -5.04%    13.6%
  slope_phase_tw                    1372    1054      92     226    7.4b    -5.15%    12.9%
  volume_trend                      1366     930      89     347    6.5b    -5.42%    13.8%
  rsi_value                         1320    1078     188      54    6.5b    -4.97%    14.6%
  kalman_slope_conf                 1189     929      61     199    7.0b    -5.38%    13.8%
  sigma_range_tide                  1182     900      60     222    6.7b    -6.33%    13.7%
  sigma_tide                        1134     907     119     108    7.2b    -4.95%    13.5%
  vol_adj_delta                     1037     777      80     180    6.1b    -4.73%    14.7%

  Analyzing 2449 MAX turns...

  ── TOPS — Signal Quality ──
  Feature                         Active   Early  AtTurn    Late  AvgAdv  AvgDrift   AvgOpp
  ────────────────────────────────────────────────────────────────────────────────────────────────────
  vol_price_regime                  2139    1464     143     532    6.8b    +4.00%    10.3%
  d2_tide_accel                     1945    1540      73     332    7.7b    +3.66%    10.2%
  d_wave_accel                      1927    1535      54     338    7.7b    +3.71%    10.2%
  d2_sigma_tide                     1864    1373      76     415    7.5b    +3.30%    10.1%
  d2_vwap_sigma_tide                1819    1342      74     403    7.7b    +3.41%    10.1%
  vol_return_interaction            1815    1159     131     525    7.2b    +3.58%    10.1%
  overnight_gap                     1770    1265      82     423    7.8b    +3.57%    10.3%
  sigma_min_tf                      1705    1245     132     328    7.0b    +3.26%    10.2%
  d2_conj_wave_tide                 1695    1307      64     324    7.9b    +3.78%    10.3%
  wave_accel                        1694    1309      65     320    7.8b    +3.75%    10.3%
  sigma_max_tf                      1650    1142     119     389    7.2b    +4.65%    10.3%
  vwap_sigma_wave                   1639    1118     123     398    6.7b    +4.28%    10.8%
  sigma_current                     1583     962     132     489    6.9b    +3.80%    10.6%
  geo_state_norm                    1568    1009      91     468    6.9b    +4.15%    10.5%
  total_displacement                1564    1008     102     454    6.7b    +4.08%    10.5%
  sigma_high_current                1555     970     129     456    6.8b    +4.01%    10.6%
  sigma_low_current                 1491     900      93     498    6.9b    +3.73%    10.7%
  current_accel                     1418    1121      61     236    7.9b    +4.64%    10.3%
  d2_current_slope                  1418    1121      61     236    7.9b    +4.64%    10.3%
  volume_trend                      1335     840      62     433    6.8b    +4.06%    10.4%
  bullish_score                     1325    1057      25     243    8.1b    +4.61%     9.8%
  tsi_wave                          1298     996      52     250    7.7b    +4.31%    10.3%
  vwap_sigma_current                1244     911      84     249    7.4b    +4.75%    10.8%
  slope_phase_tw                    1231     911      49     271    7.7b    +4.47%    10.4%
  rsi_value                         1197     870     106     221    7.4b    +4.45%    11.3%
  kalman_slope_conf                 1191     844      65     282    7.3b    +4.70%    10.6%
  sigma_range_tide                  1172     780      55     337    7.2b    +3.82%    10.8%
  rsi_bearish_div                   1128     906     153      69    6.9b    +2.46%     9.4%
  vol_adj_delta                     1095     702      89     304    6.5b    +3.84%    10.3%
  below_all_vwaps_int               1076     835       0     241    8.8b    +5.23%    11.0%

================================================================================
  MAJOR TURNS — Higher Lows & Lower Highs (Trend Continuations)
================================================================================

  ── HIGHER LOWS (bullish confirmation — best long entries) (1338 turns) ──
    Opportunity: min=5.0% | median=10.5% | mean=13.7% | max=98.8%

  Analyzing 1338 MIN turns...
    Top 10 features at HIGHER_LOW:
      vol_price_regime                 87.1%  adv= 6.1b  drift= -2.97%
      d_wave_accel                     78.8%  adv= 7.3b  drift= -2.53%
      d2_tide_accel                    78.3%  adv= 7.3b  drift= -2.80%
      d2_sigma_tide                    75.6%  adv= 7.0b  drift= -2.93%
      vol_return_interaction           73.5%  adv= 6.2b  drift= -2.39%
      d2_vwap_sigma_tide               73.4%  adv= 6.9b  drift= -2.73%
      overnight_gap                    72.1%  adv= 7.2b  drift= -2.37%
      d2_conj_wave_tide                70.2%  adv= 7.4b  drift= -2.56%
      wave_accel                       70.0%  adv= 7.4b  drift= -2.55%
      sigma_min_tf                     68.1%  adv= 6.8b  drift= -3.97%

  ── LOWER HIGHS (bearish confirmation — best short entries) (1103 turns) ──
    Opportunity: min=5.0% | median=8.3% | mean=10.3% | max=58.3%

  Analyzing 1103 MAX turns...
    Top 10 features at LOWER_HIGH:
      vol_price_regime                 89.0%  adv= 7.0b  drift= +1.97%
      d_wave_accel                     84.8%  adv= 7.7b  drift= +1.41%
      d2_tide_accel                    83.0%  adv= 7.9b  drift= +1.19%
      overnight_gap                    78.3%  adv= 8.0b  drift= +1.16%
      d2_vwap_sigma_tide               78.3%  adv= 7.8b  drift= +1.36%
      vol_return_interaction           78.0%  adv= 7.4b  drift= +1.41%
      d2_sigma_tide                    78.0%  adv= 7.7b  drift= +1.17%
      d2_conj_wave_tide                77.9%  adv= 7.9b  drift= +1.66%
      wave_accel                       77.7%  adv= 7.9b  drift= +1.70%
      sigma_max_tf                     73.3%  adv= 7.5b  drift= +3.12%

  ── LOWER LOWS (trend acceleration — breakdowns) (1095 turns) ──
    Opportunity: min=5.0% | median=10.0% | mean=13.7% | max=75.0%

  Analyzing 1095 MIN turns...
    Top 10 features at LOWER_LOW:
      vol_price_regime                 90.4%  adv= 6.6b  drift= -7.22%
      d_wave_accel                     87.7%  adv= 7.7b  drift= -7.56%
      d2_tide_accel                    85.6%  adv= 7.7b  drift= -7.32%
      sigma_max_tf                     82.4%  adv= 6.9b  drift= -6.21%
      overnight_gap                    81.7%  adv= 7.5b  drift= -7.37%
      vol_return_interaction           80.5%  adv= 6.6b  drift= -6.93%
      vwap_sigma_wave                  79.6%  adv= 6.2b  drift= -6.52%
      d2_vwap_sigma_tide               79.1%  adv= 7.7b  drift= -7.05%
      wave_accel                       78.9%  adv= 7.7b  drift= -7.16%
      d2_conj_wave_tide                78.4%  adv= 7.8b  drift= -7.27%

  ── HIGHER HIGHS (trend acceleration — breakouts) (1329 turns) ──
    Opportunity: min=5.0% | median=8.6% | mean=10.0% | max=39.3%

  Analyzing 1329 MAX turns...
    Top 10 features at HIGHER_HIGH:
      vol_price_regime                 87.1%  adv= 6.6b  drift= +5.87%
      sigma_min_tf                     78.0%  adv= 6.7b  drift= +4.26%
      d2_tide_accel                    77.5%  adv= 7.6b  drift= +5.98%
      d2_sigma_tide                    75.5%  adv= 7.4b  drift= +5.41%
      d_wave_accel                     74.6%  adv= 7.7b  drift= +6.14%
      vol_return_interaction           71.9%  adv= 7.0b  drift= +5.91%
      d2_vwap_sigma_tide               71.9%  adv= 7.6b  drift= +5.64%
      sigma_current                    68.9%  adv= 6.5b  drift= +5.45%
      overnight_gap                    68.2%  adv= 7.7b  drift= +6.17%
      sigma_high_current               66.6%  adv= 6.3b  drift= +5.39%

================================================================================
  PARETO SELECTION — Minimum Feature Set for 80% Coverage
================================================================================

  ── BOTTOMS ──
  Step  Feature                         New Turns  Cumulative
  ────────────────────────────────────────────────────────────
     1  below_all_vwaps_int                  1281       52.3%
     2  bullish_score                         511       73.1%
     3  sigma_current                         230       82.5%
     4  tension_tide                          116       87.3%
     5  d2_tide_accel                          72       90.2%
     6  tsi_wave                               40       91.8%
     7  vol_price_regime                       31       93.1%
     8  residual_std_current                   18       93.8%
     9  vwap_sigma_current                     15       94.4%
    10  compression_ratio                      12       94.9%

  ── TOPS ──
  Step  Feature                         New Turns  Cumulative
  ────────────────────────────────────────────────────────────
     1  rsi_bearish_div                       842       34.4%
     2  d_wave_accel                          437       52.2%
     3  rsi_trap_zone                         351       66.6%
     4  vol_slope_conf                        175       73.7%
     5  tsi_wave                              114       78.4%
     6  wave_accel                             75       81.4%
     7  vol_price_regime                       59       83.8%
     8  bullish_score                          49       85.8%
     9  compression_ratio                      39       87.4%
    10  regime_encoded                         34       88.8%

  Saved: /root/botero-trade/backend/scratch/zigzag_forensics/zigzag_legs_classified.csv

================================================================================
  ★★★ QUALITY FORENSICS COMPLETE ★★★
================================================================================
