Feature Optimizer — Started 2026-05-26T11:39:00.611051+00:00
[11:39:00] [INFO] ==========================================================================================
[11:39:00] [INFO]   FEATURE OPTIMIZER — Simons + López de Prado Protocol
[11:39:00] [INFO] ==========================================================================================
[11:39:00] [INFO] Started: 2026-05-26T11:39:00.611754+00:00
[11:39:00] [INFO] ==========================================================================================
[11:39:00] [INFO]   LOADING DATA
[11:39:00] [INFO] ==========================================================================================
[11:39:42] [INFO] Feature lake: 93,776 rows, 73 columns
[11:39:42] [INFO] ==========================================================================================
[11:39:42] [INFO]   PHASE 0: Expand Feature Lake (Simons Discovery)
[11:39:42] [INFO] ==========================================================================================
[11:39:45] [WARN]   Column residual_std_tide not in feature lake — skipping
[11:39:45] [WARN]   Column residual_std_current not in feature lake — skipping
[11:39:45] [WARN]   Column residual_std_wave not in feature lake — skipping
[11:39:46] [INFO]   ATR features computed
[11:39:46] [INFO]   Overnight gap features computed
[11:39:47] [INFO]   Volume features computed (Wyckoff dynamics: 10 features)
[11:39:47] [INFO]   Generated 48 derived features
[11:39:47] [INFO] Expanded lake: 111 features (63 original + 48 derived)
[11:39:47] [INFO]   Checkpoint saved: phase0_features.json
[11:39:47] [INFO] ==========================================================================================
[11:39:47] [INFO]   PRODUCTION BASELINES
[11:39:47] [INFO] ==========================================================================================
[11:39:47] [INFO]            bounce_height: DSR=  2.308 (56f)
[11:39:47] [INFO]               long_entry: DSR=  0.593 (63f)
[11:39:47] [INFO]           pullback_depth: DSR=  6.226 (56f)
[11:39:47] [INFO]              short_cover: DSR=  8.602 (56f)
[11:39:47] [INFO]              short_entry: DSR=  1.705 (56f)
[11:39:47] [INFO]               swing_exit: DSR= 14.247 (56f)
[11:39:47] [INFO]           trend_recovery: DSR=  4.626 (56f)
[11:39:47] [INFO]           trend_reversal: DSR= 11.573 (56f)
[11:39:47] [INFO]       zz_bottom_detector: DSR= 20.967 (63f)
[11:39:47] [INFO]          zz_top_detector: DSR= 25.783 (63f)
[11:39:47] [INFO] ==========================================================================================
[11:39:47] [INFO]   PRE-COMPUTING LABELS
[11:39:47] [INFO] ==========================================================================================
[11:39:54] [INFO]               long_entry:  93,436 valid, pos=0.590 (7.1s)
[11:40:08] [INFO]               swing_exit:  93,606 valid, pos=0.397 (14.5s)
[11:40:34] [INFO]           pullback_depth:  93,759 valid, pos=0.297 (25.4s)
[11:43:35] [INFO]           trend_reversal:  93,606 valid, pos=0.381 (181.1s)
[11:43:42] [INFO]              short_entry:  93,436 valid, pos=0.409 (6.9s)
[11:43:56] [INFO]              short_cover:  93,606 valid, pos=0.483 (13.9s)
[11:44:20] [INFO]            bounce_height:  93,759 valid, pos=0.345 (24.1s)
[11:46:53] [INFO]           trend_recovery:  93,606 valid, pos=0.506 (153.2s)
[11:46:54] [INFO]       zz_bottom_detector:  93,776 valid, pos=0.121 (1.1s)
[11:46:55] [INFO]          zz_top_detector:  93,776 valid, pos=0.121 (1.0s)
[11:46:55] [INFO] ==========================================================================================
[11:46:55] [INFO]   PHASE 1: Single Feature Importance (SFI)
[11:46:55] [INFO] ==========================================================================================
[11:46:55] [INFO] Testing 111 features × 10 heads
[11:46:55] [INFO] 
  ── SFI: LONG_ENTRY ──
[11:46:58] [INFO]     SFI [1/111] sigma_tide                          SFI= 0.0099 AUC=0.5099 ★
[11:47:06] [INFO]     SFI [5/111] vwap_sigma_current                  SFI= 0.0054 AUC=0.5054 ★
[11:47:10] [INFO]     SFI [7/111] tension_tide                        SFI= 0.0112 AUC=0.5112 ★
[11:47:12] [INFO]     SFI [8/111] tension_current                     SFI= 0.0093 AUC=0.5093 ★
[11:47:16] [INFO]     SFI [10/111] tide_slope                          SFI= 0.0007 AUC=0.5007
[11:47:18] [INFO]     SFI [11/111] current_slope                       SFI= 0.0109 AUC=0.5109 ★
[11:47:29] [INFO]     SFI [16/111] conj_wave_current                   SFI= 0.0086 AUC=0.5086 ★
[11:47:35] [INFO]     SFI [19/111] spread_tide_current                 SFI= 0.0119 AUC=0.5119 ★
[11:47:37] [INFO]     SFI [20/111] spread_tide_wave                    SFI= 0.0070 AUC=0.5070 ★
[11:47:55] [INFO]     SFI [30/111] rsi_value                           SFI= 0.0003 AUC=0.5003
[11:47:59] [INFO]     SFI [32/111] rsi_conviction                      SFI= 0.0103 AUC=0.5103 ★
[11:48:15] [INFO]     SFI [40/111] tsi_tide                            SFI= 0.0008 AUC=0.5008
[11:48:17] [INFO]     SFI [41/111] tsi_current                         SFI= 0.0148 AUC=0.5148 ★
[11:48:21] [INFO]     SFI [43/111] adi_tide                            SFI= 0.0107 AUC=0.5107 ★
[11:48:23] [INFO]     SFI [44/111] adi_current                         SFI= 0.0100 AUC=0.5100 ★
[11:48:31] [INFO]     SFI [48/111] regime_encoded                      SFI= 0.0054 AUC=0.4946 ★
[11:48:36] [INFO]     SFI [50/111] slope_decel_current                 SFI= 0.0097 AUC=0.4903 ★
[11:48:38] [INFO]     SFI [51/111] sigma_divergence                    SFI= 0.0070 AUC=0.5070 ★
[11:48:55] [INFO]     SFI [60/111] d_fear_level                        SFI= 0.0017 AUC=0.5017
[11:49:09] [INFO]     SFI [65/111] slope_ratio_tc                      SFI= 0.0070 AUC=0.5070 ★
[11:49:12] [INFO]     SFI [66/111] slope_ratio_tw                      SFI= 0.0070 AUC=0.5070 ★
[11:49:13] [INFO]     SFI [67/111] tension_ratio_tw                    SFI= 0.0091 AUC=0.5091 ★
[11:49:22] [INFO]     SFI [70/111] slope_diff_cw                       SFI= 0.0081 AUC=0.5081 ★
[11:49:32] [INFO]     SFI [75/111] slope_product_tc                    SFI= 0.0063 AUC=0.5063 ★
[11:49:36] [INFO]     SFI [77/111] sigma_phase_tc                      SFI= 0.0119 AUC=0.5119 ★
[11:49:42] [INFO]     SFI [78/111] rsi_sigma_interact                  SFI= 0.0090 AUC=0.5090 ★
[11:49:47] [INFO]     SFI [80/111] compr_at_extreme                    SFI= 0.0008 AUC=0.5008
[11:50:12] [INFO]     SFI [88/111] d2_vwap_sigma_tide                  SFI= 0.0057 AUC=0.4943 ★
[11:50:17] [INFO]     SFI [90/111] triple_alignment                    SFI= 0.0043 AUC=0.4957
[11:50:26] [INFO]     SFI [93/111] price_vwap_div                      SFI= 0.0112 AUC=0.5112 ★
[11:50:29] [INFO]     SFI [94/111] sigma_abs_dist                      SFI= 0.0055 AUC=0.5055 ★
